../../Drivers/STM32H5xx_HAL_Driver/Inc/stm32h5xx_ll_i3c.h:652:22:LL_I3C_Enable	16	static
../../Drivers/STM32H5xx_HAL_Driver/Inc/stm32h5xx_ll_i3c.h:665:22:LL_I3C_Disable	16	static
../../Drivers/STM32H5xx_HAL_Driver/Inc/stm32h5xx_ll_i3c.h:704:22:LL_I3C_SetMode	16	static
../../Drivers/STM32H5xx_HAL_Driver/Inc/stm32h5xx_ll_i3c.h:729:22:LL_I3C_EnableArbitrationHeader	16	static
../../Drivers/STM32H5xx_HAL_Driver/Inc/stm32h5xx_ll_i3c.h:741:22:LL_I3C_DisableArbitrationHeader	16	static
../../Drivers/STM32H5xx_HAL_Driver/Inc/stm32h5xx_ll_i3c.h:752:26:LL_I3C_IsEnabledArbitrationHeader	16	static
../../Drivers/STM32H5xx_HAL_Driver/Inc/stm32h5xx_ll_i3c.h:963:22:LL_I3C_EnableDMAReq_RX	16	static
../../Drivers/STM32H5xx_HAL_Driver/Inc/stm32h5xx_ll_i3c.h:974:22:LL_I3C_DisableDMAReq_RX	16	static
../../Drivers/STM32H5xx_HAL_Driver/Inc/stm32h5xx_ll_i3c.h:1012:26:LL_I3C_GetRxFIFOThreshold	16	static
../../Drivers/STM32H5xx_HAL_Driver/Inc/stm32h5xx_ll_i3c.h:1023:22:LL_I3C_EnableDMAReq_TX	16	static
../../Drivers/STM32H5xx_HAL_Driver/Inc/stm32h5xx_ll_i3c.h:1034:22:LL_I3C_DisableDMAReq_TX	16	static
../../Drivers/STM32H5xx_HAL_Driver/Inc/stm32h5xx_ll_i3c.h:1073:26:LL_I3C_GetTxFIFOThreshold	16	static
../../Drivers/STM32H5xx_HAL_Driver/Inc/stm32h5xx_ll_i3c.h:1095:22:LL_I3C_DisableDMAReq_Status	16	static
../../Drivers/STM32H5xx_HAL_Driver/Inc/stm32h5xx_ll_i3c.h:1140:26:LL_I3C_IsEnabledStatusFIFO	16	static
../../Drivers/STM32H5xx_HAL_Driver/Inc/stm32h5xx_ll_i3c.h:1174:26:LL_I3C_IsEnabledControlFIFO	16	static
../../Drivers/STM32H5xx_HAL_Driver/Inc/stm32h5xx_ll_i3c.h:1185:22:LL_I3C_EnableDMAReq_Control	16	static
../../Drivers/STM32H5xx_HAL_Driver/Inc/stm32h5xx_ll_i3c.h:1196:22:LL_I3C_DisableDMAReq_Control	16	static
../../Drivers/STM32H5xx_HAL_Driver/Inc/stm32h5xx_ll_i3c.h:1218:22:LL_I3C_EnableOwnDynAddress	16	static
../../Drivers/STM32H5xx_HAL_Driver/Inc/stm32h5xx_ll_i3c.h:1240:26:LL_I3C_IsEnabledOwnDynAddress	16	static
../../Drivers/STM32H5xx_HAL_Driver/Inc/stm32h5xx_ll_i3c.h:1253:22:LL_I3C_SetOwnDynamicAddress	16	static
../../Drivers/STM32H5xx_HAL_Driver/Inc/stm32h5xx_ll_i3c.h:1264:25:LL_I3C_GetOwnDynamicAddress	16	static
../../Drivers/STM32H5xx_HAL_Driver/Inc/stm32h5xx_ll_i3c.h:1299:26:LL_I3C_IsEnabledIBI	16	static
../../Drivers/STM32H5xx_HAL_Driver/Inc/stm32h5xx_ll_i3c.h:1334:26:LL_I3C_IsEnabledControllerRoleReq	16	static
../../Drivers/STM32H5xx_HAL_Driver/Inc/stm32h5xx_ll_i3c.h:1369:26:LL_I3C_IsEnabledHotJoin	16	static
../../Drivers/STM32H5xx_HAL_Driver/Inc/stm32h5xx_ll_i3c.h:1393:26:LL_I3C_GetMaxReadLength	16	static
../../Drivers/STM32H5xx_HAL_Driver/Inc/stm32h5xx_ll_i3c.h:1441:22:LL_I3C_SetMaxWriteLength	16	static
../../Drivers/STM32H5xx_HAL_Driver/Inc/stm32h5xx_ll_i3c.h:1452:26:LL_I3C_GetMaxWriteLength	16	static
../../Drivers/STM32H5xx_HAL_Driver/Inc/stm32h5xx_ll_i3c.h:1467:22:LL_I3C_ConfigClockWaveForm	16	static
../../Drivers/STM32H5xx_HAL_Driver/Inc/stm32h5xx_ll_i3c.h:1624:22:LL_I3C_SetAvalTiming	16	static
../../Drivers/STM32H5xx_HAL_Driver/Inc/stm32h5xx_ll_i3c.h:1714:22:LL_I3C_SetCtrlBusCharacteristic	16	static
../../Drivers/STM32H5xx_HAL_Driver/Inc/stm32h5xx_ll_i3c.h:1976:26:LL_I3C_GetDeviceIBIPayload	16	static
../../Drivers/STM32H5xx_HAL_Driver/Inc/stm32h5xx_ll_i3c.h:2019:22:LL_I3C_SetDeviceCharacteristics	16	static
../../Drivers/STM32H5xx_HAL_Driver/Inc/stm32h5xx_ll_i3c.h:2046:22:LL_I3C_SetPendingReadMDB	16	static
../../Drivers/STM32H5xx_HAL_Driver/Inc/stm32h5xx_ll_i3c.h:2244:22:LL_I3C_SetMIPIInstanceID	16	static
../../Drivers/STM32H5xx_HAL_Driver/Inc/stm32h5xx_ll_i3c.h:2296:22:LL_I3C_RequestRxFIFOFlush	16	static
../../Drivers/STM32H5xx_HAL_Driver/Inc/stm32h5xx_ll_i3c.h:2307:22:LL_I3C_RequestTxFIFOFlush	16	static
../../Drivers/STM32H5xx_HAL_Driver/Inc/stm32h5xx_ll_i3c.h:2318:22:LL_I3C_RequestStatusFIFOFlush	16	static
../../Drivers/STM32H5xx_HAL_Driver/Inc/stm32h5xx_ll_i3c.h:2333:26:LL_I3C_GetActivityState	16	static
../../Drivers/STM32H5xx_HAL_Driver/Inc/stm32h5xx_ll_i3c.h:2347:26:LL_I3C_GetResetAction	16	static
../../Drivers/STM32H5xx_HAL_Driver/Inc/stm32h5xx_ll_i3c.h:2358:22:LL_I3C_RequestControlFIFOFlush	16	static
../../Drivers/STM32H5xx_HAL_Driver/Inc/stm32h5xx_ll_i3c.h:2370:22:LL_I3C_RequestTransfer	16	static
../../Drivers/STM32H5xx_HAL_Driver/Inc/stm32h5xx_ll_i3c.h:2424:22:LL_I3C_ControllerHandleCCC	24	static
../../Drivers/STM32H5xx_HAL_Driver/Inc/stm32h5xx_ll_i3c.h:2444:22:LL_I3C_TargetHandleMessage	24	static
../../Drivers/STM32H5xx_HAL_Driver/Inc/stm32h5xx_ll_i3c.h:2463:25:LL_I3C_ReceiveData8	16	static
../../Drivers/STM32H5xx_HAL_Driver/Inc/stm32h5xx_ll_i3c.h:2475:22:LL_I3C_TransmitData8	16	static
../../Drivers/STM32H5xx_HAL_Driver/Inc/stm32h5xx_ll_i3c.h:2489:26:LL_I3C_ReceiveData32	16	static
../../Drivers/STM32H5xx_HAL_Driver/Inc/stm32h5xx_ll_i3c.h:2504:22:LL_I3C_TransmitData32	16	static
../../Drivers/STM32H5xx_HAL_Driver/Inc/stm32h5xx_ll_i3c.h:2519:22:LL_I3C_SetIBIPayload	16	static
../../Drivers/STM32H5xx_HAL_Driver/Inc/stm32h5xx_ll_i3c.h:2533:26:LL_I3C_GetIBIPayload	16	static
../../Drivers/STM32H5xx_HAL_Driver/Inc/stm32h5xx_ll_i3c.h:2544:26:LL_I3C_GetNbIBIAddData	16	static
../../Drivers/STM32H5xx_HAL_Driver/Inc/stm32h5xx_ll_i3c.h:2555:26:LL_I3C_GetIBITargetAddr	16	static
../../Drivers/STM32H5xx_HAL_Driver/Inc/stm32h5xx_ll_i3c.h:2569:22:LL_I3C_ConfigTxPreload	16	static
../../Drivers/STM32H5xx_HAL_Driver/Inc/stm32h5xx_ll_i3c.h:2612:26:LL_I3C_GetXferDataCount	16	static
../../Drivers/STM32H5xx_HAL_Driver/Inc/stm32h5xx_ll_i3c.h:2669:26:LL_I3C_GetMessageErrorCode	16	static
../../Drivers/STM32H5xx_HAL_Driver/Inc/stm32h5xx_ll_i3c.h:3301:26:LL_I3C_IsActiveFlag_PERR	16	static
../../Drivers/STM32H5xx_HAL_Driver/Inc/stm32h5xx_ll_i3c.h:3314:26:LL_I3C_IsActiveFlag_STALL	16	static
../../Drivers/STM32H5xx_HAL_Driver/Inc/stm32h5xx_ll_i3c.h:3327:26:LL_I3C_IsActiveFlag_DOVR	16	static
../../Drivers/STM32H5xx_HAL_Driver/Inc/stm32h5xx_ll_i3c.h:3340:26:LL_I3C_IsActiveFlag_COVR	16	static
../../Drivers/STM32H5xx_HAL_Driver/Inc/stm32h5xx_ll_i3c.h:3353:26:LL_I3C_IsActiveFlag_ANACK	16	static
../../Drivers/STM32H5xx_HAL_Driver/Inc/stm32h5xx_ll_i3c.h:3366:26:LL_I3C_IsActiveFlag_DNACK	16	static
../../Drivers/STM32H5xx_HAL_Driver/Inc/stm32h5xx_ll_i3c.h:3379:26:LL_I3C_IsActiveFlag_DERR	16	static
../../Drivers/STM32H5xx_HAL_Driver/Inc/stm32h5xx_ll_i3c.h:4165:22:LL_I3C_ClearFlag_FC	16	static
../../Drivers/STM32H5xx_HAL_Driver/Inc/stm32h5xx_ll_i3c.h:4187:22:LL_I3C_ClearFlag_ERR	16	static
../../Drivers/STM32H5xx_HAL_Driver/Inc/stm32h5xx_ll_i3c.h:4198:22:LL_I3C_ClearFlag_IBI	16	static
../../Drivers/STM32H5xx_HAL_Driver/Inc/stm32h5xx_ll_i3c.h:4209:22:LL_I3C_ClearFlag_IBIEND	16	static
../../Drivers/STM32H5xx_HAL_Driver/Inc/stm32h5xx_ll_i3c.h:4220:22:LL_I3C_ClearFlag_CR	16	static
../../Drivers/STM32H5xx_HAL_Driver/Inc/stm32h5xx_ll_i3c.h:4231:22:LL_I3C_ClearFlag_CRUPD	16	static
../../Drivers/STM32H5xx_HAL_Driver/Inc/stm32h5xx_ll_i3c.h:4242:22:LL_I3C_ClearFlag_HJ	16	static
../../Drivers/STM32H5xx_HAL_Driver/Inc/stm32h5xx_ll_i3c.h:4253:22:LL_I3C_ClearFlag_WKP	16	static
../../Drivers/STM32H5xx_HAL_Driver/Inc/stm32h5xx_ll_i3c.h:4264:22:LL_I3C_ClearFlag_GET	16	static
../../Drivers/STM32H5xx_HAL_Driver/Inc/stm32h5xx_ll_i3c.h:4275:22:LL_I3C_ClearFlag_STA	16	static
../../Drivers/STM32H5xx_HAL_Driver/Inc/stm32h5xx_ll_i3c.h:4286:22:LL_I3C_ClearFlag_DAUPD	16	static
../../Drivers/STM32H5xx_HAL_Driver/Inc/stm32h5xx_ll_i3c.h:4297:22:LL_I3C_ClearFlag_MWLUPD	16	static
../../Drivers/STM32H5xx_HAL_Driver/Inc/stm32h5xx_ll_i3c.h:4308:22:LL_I3C_ClearFlag_MRLUPD	16	static
../../Drivers/STM32H5xx_HAL_Driver/Inc/stm32h5xx_ll_i3c.h:4319:22:LL_I3C_ClearFlag_RST	16	static
../../Drivers/STM32H5xx_HAL_Driver/Inc/stm32h5xx_ll_i3c.h:4330:22:LL_I3C_ClearFlag_ASUPD	16	static
../../Drivers/STM32H5xx_HAL_Driver/Inc/stm32h5xx_ll_i3c.h:4341:22:LL_I3C_ClearFlag_INTUPD	16	static
../../Drivers/STM32H5xx_HAL_Driver/Inc/stm32h5xx_ll_i3c.h:4352:22:LL_I3C_ClearFlag_DEF	16	static
../../Drivers/STM32H5xx_HAL_Driver/Inc/stm32h5xx_ll_i3c.h:4363:22:LL_I3C_ClearFlag_GRP	16	static
C:/Users/Xavi/Documents/UOC/DDR5_Test_Platform_XR/Papers/STM32H563ZIT6/DDR5_TestPlatform/Drivers/STM32H5xx_HAL_Driver/Src/stm32h5xx_hal_i3c.c:494:19:HAL_I3C_Init	32	static
C:/Users/Xavi/Documents/UOC/DDR5_Test_Platform_XR/Papers/STM32H563ZIT6/DDR5_TestPlatform/Drivers/STM32H5xx_HAL_Driver/Src/stm32h5xx_hal_i3c.c:618:19:HAL_I3C_DeInit	24	static
C:/Users/Xavi/Documents/UOC/DDR5_Test_Platform_XR/Papers/STM32H563ZIT6/DDR5_TestPlatform/Drivers/STM32H5xx_HAL_Driver/Src/stm32h5xx_hal_i3c.c:670:13:HAL_I3C_MspInit	16	static
C:/Users/Xavi/Documents/UOC/DDR5_Test_Platform_XR/Papers/STM32H563ZIT6/DDR5_TestPlatform/Drivers/STM32H5xx_HAL_Driver/Src/stm32h5xx_hal_i3c.c:685:13:HAL_I3C_MspDeInit	16	static
C:/Users/Xavi/Documents/UOC/DDR5_Test_Platform_XR/Papers/STM32H563ZIT6/DDR5_TestPlatform/Drivers/STM32H5xx_HAL_Driver/Src/stm32h5xx_hal_i3c.c:1138:19:HAL_I3C_ActivateNotification	32	static
C:/Users/Xavi/Documents/UOC/DDR5_Test_Platform_XR/Papers/STM32H563ZIT6/DDR5_TestPlatform/Drivers/STM32H5xx_HAL_Driver/Src/stm32h5xx_hal_i3c.c:1226:19:HAL_I3C_DeactivateNotification	24	static
C:/Users/Xavi/Documents/UOC/DDR5_Test_Platform_XR/Papers/STM32H563ZIT6/DDR5_TestPlatform/Drivers/STM32H5xx_HAL_Driver/Src/stm32h5xx_hal_i3c.c:1272:13:HAL_I3C_CtrlTxCpltCallback	16	static
C:/Users/Xavi/Documents/UOC/DDR5_Test_Platform_XR/Papers/STM32H563ZIT6/DDR5_TestPlatform/Drivers/STM32H5xx_HAL_Driver/Src/stm32h5xx_hal_i3c.c:1288:13:HAL_I3C_CtrlRxCpltCallback	16	static
C:/Users/Xavi/Documents/UOC/DDR5_Test_Platform_XR/Papers/STM32H563ZIT6/DDR5_TestPlatform/Drivers/STM32H5xx_HAL_Driver/Src/stm32h5xx_hal_i3c.c:1304:13:HAL_I3C_CtrlMultipleXferCpltCallback	16	static
C:/Users/Xavi/Documents/UOC/DDR5_Test_Platform_XR/Papers/STM32H563ZIT6/DDR5_TestPlatform/Drivers/STM32H5xx_HAL_Driver/Src/stm32h5xx_hal_i3c.c:1320:13:HAL_I3C_CtrlDAACpltCallback	16	static
C:/Users/Xavi/Documents/UOC/DDR5_Test_Platform_XR/Papers/STM32H563ZIT6/DDR5_TestPlatform/Drivers/STM32H5xx_HAL_Driver/Src/stm32h5xx_hal_i3c.c:1337:13:HAL_I3C_TgtReqDynamicAddrCallback	24	static
C:/Users/Xavi/Documents/UOC/DDR5_Test_Platform_XR/Papers/STM32H563ZIT6/DDR5_TestPlatform/Drivers/STM32H5xx_HAL_Driver/Src/stm32h5xx_hal_i3c.c:1354:13:HAL_I3C_TgtTxCpltCallback	16	static
C:/Users/Xavi/Documents/UOC/DDR5_Test_Platform_XR/Papers/STM32H563ZIT6/DDR5_TestPlatform/Drivers/STM32H5xx_HAL_Driver/Src/stm32h5xx_hal_i3c.c:1370:13:HAL_I3C_TgtRxCpltCallback	16	static
C:/Users/Xavi/Documents/UOC/DDR5_Test_Platform_XR/Papers/STM32H563ZIT6/DDR5_TestPlatform/Drivers/STM32H5xx_HAL_Driver/Src/stm32h5xx_hal_i3c.c:1387:13:HAL_I3C_TgtHotJoinCallback	16	static
C:/Users/Xavi/Documents/UOC/DDR5_Test_Platform_XR/Papers/STM32H563ZIT6/DDR5_TestPlatform/Drivers/STM32H5xx_HAL_Driver/Src/stm32h5xx_hal_i3c.c:1406:13:HAL_I3C_NotifyCallback	16	static
C:/Users/Xavi/Documents/UOC/DDR5_Test_Platform_XR/Papers/STM32H563ZIT6/DDR5_TestPlatform/Drivers/STM32H5xx_HAL_Driver/Src/stm32h5xx_hal_i3c.c:1423:13:HAL_I3C_AbortCpltCallback	16	static
C:/Users/Xavi/Documents/UOC/DDR5_Test_Platform_XR/Papers/STM32H563ZIT6/DDR5_TestPlatform/Drivers/STM32H5xx_HAL_Driver/Src/stm32h5xx_hal_i3c.c:1439:13:HAL_I3C_ErrorCallback	16	static
C:/Users/Xavi/Documents/UOC/DDR5_Test_Platform_XR/Papers/STM32H563ZIT6/DDR5_TestPlatform/Drivers/STM32H5xx_HAL_Driver/Src/stm32h5xx_hal_i3c.c:1455:6:HAL_I3C_ER_IRQHandler	24	static
C:/Users/Xavi/Documents/UOC/DDR5_Test_Platform_XR/Papers/STM32H563ZIT6/DDR5_TestPlatform/Drivers/STM32H5xx_HAL_Driver/Src/stm32h5xx_hal_i3c.c:1484:6:HAL_I3C_EV_IRQHandler	24	static
C:/Users/Xavi/Documents/UOC/DDR5_Test_Platform_XR/Papers/STM32H563ZIT6/DDR5_TestPlatform/Drivers/STM32H5xx_HAL_Driver/Src/stm32h5xx_hal_i3c.c:1547:19:HAL_I3C_Ctrl_BusCharacteristicConfig	32	static
C:/Users/Xavi/Documents/UOC/DDR5_Test_Platform_XR/Papers/STM32H563ZIT6/DDR5_TestPlatform/Drivers/STM32H5xx_HAL_Driver/Src/stm32h5xx_hal_i3c.c:1619:19:HAL_I3C_Tgt_BusCharacteristicConfig	24	static
C:/Users/Xavi/Documents/UOC/DDR5_Test_Platform_XR/Papers/STM32H563ZIT6/DDR5_TestPlatform/Drivers/STM32H5xx_HAL_Driver/Src/stm32h5xx_hal_i3c.c:1674:19:HAL_I3C_SetConfigFifo	32	static
C:/Users/Xavi/Documents/UOC/DDR5_Test_Platform_XR/Papers/STM32H563ZIT6/DDR5_TestPlatform/Drivers/STM32H5xx_HAL_Driver/Src/stm32h5xx_hal_i3c.c:1741:19:HAL_I3C_Ctrl_Config	32	static
C:/Users/Xavi/Documents/UOC/DDR5_Test_Platform_XR/Papers/STM32H563ZIT6/DDR5_TestPlatform/Drivers/STM32H5xx_HAL_Driver/Src/stm32h5xx_hal_i3c.c:1823:19:HAL_I3C_Tgt_Config	40	static
C:/Users/Xavi/Documents/UOC/DDR5_Test_Platform_XR/Papers/STM32H563ZIT6/DDR5_TestPlatform/Drivers/STM32H5xx_HAL_Driver/Src/stm32h5xx_hal_i3c.c:1945:19:HAL_I3C_Ctrl_ConfigBusDevices	40	static
C:/Users/Xavi/Documents/UOC/DDR5_Test_Platform_XR/Papers/STM32H563ZIT6/DDR5_TestPlatform/Drivers/STM32H5xx_HAL_Driver/Src/stm32h5xx_hal_i3c.c:2022:19:HAL_I3C_AddDescToFrame	32	static
C:/Users/Xavi/Documents/UOC/DDR5_Test_Platform_XR/Papers/STM32H563ZIT6/DDR5_TestPlatform/Drivers/STM32H5xx_HAL_Driver/Src/stm32h5xx_hal_i3c.c:2143:19:HAL_I3C_FlushAllFifo	24	static
C:/Users/Xavi/Documents/UOC/DDR5_Test_Platform_XR/Papers/STM32H563ZIT6/DDR5_TestPlatform/Drivers/STM32H5xx_HAL_Driver/Src/stm32h5xx_hal_i3c.c:2191:19:HAL_I3C_FlushTxFifo	24	static
C:/Users/Xavi/Documents/UOC/DDR5_Test_Platform_XR/Papers/STM32H563ZIT6/DDR5_TestPlatform/Drivers/STM32H5xx_HAL_Driver/Src/stm32h5xx_hal_i3c.c:2228:19:HAL_I3C_FlushRxFifo	24	static
C:/Users/Xavi/Documents/UOC/DDR5_Test_Platform_XR/Papers/STM32H563ZIT6/DDR5_TestPlatform/Drivers/STM32H5xx_HAL_Driver/Src/stm32h5xx_hal_i3c.c:2266:19:HAL_I3C_FlushControlFifo	24	static
C:/Users/Xavi/Documents/UOC/DDR5_Test_Platform_XR/Papers/STM32H563ZIT6/DDR5_TestPlatform/Drivers/STM32H5xx_HAL_Driver/Src/stm32h5xx_hal_i3c.c:2303:19:HAL_I3C_FlushStatusFifo	24	static
C:/Users/Xavi/Documents/UOC/DDR5_Test_Platform_XR/Papers/STM32H563ZIT6/DDR5_TestPlatform/Drivers/STM32H5xx_HAL_Driver/Src/stm32h5xx_hal_i3c.c:2340:19:HAL_I3C_ClearConfigFifo	32	static
C:/Users/Xavi/Documents/UOC/DDR5_Test_Platform_XR/Papers/STM32H563ZIT6/DDR5_TestPlatform/Drivers/STM32H5xx_HAL_Driver/Src/stm32h5xx_hal_i3c.c:2392:19:HAL_I3C_GetConfigFifo	24	static
C:/Users/Xavi/Documents/UOC/DDR5_Test_Platform_XR/Papers/STM32H563ZIT6/DDR5_TestPlatform/Drivers/STM32H5xx_HAL_Driver/Src/stm32h5xx_hal_i3c.c:2497:19:HAL_I3C_Ctrl_TransmitCCC	40	static
C:/Users/Xavi/Documents/UOC/DDR5_Test_Platform_XR/Papers/STM32H563ZIT6/DDR5_TestPlatform/Drivers/STM32H5xx_HAL_Driver/Src/stm32h5xx_hal_i3c.c:2660:19:HAL_I3C_Ctrl_TransmitCCC_IT	24	static
C:/Users/Xavi/Documents/UOC/DDR5_Test_Platform_XR/Papers/STM32H563ZIT6/DDR5_TestPlatform/Drivers/STM32H5xx_HAL_Driver/Src/stm32h5xx_hal_i3c.c:2745:19:HAL_I3C_Ctrl_TransmitCCC_DMA	32	static
C:/Users/Xavi/Documents/UOC/DDR5_Test_Platform_XR/Papers/STM32H563ZIT6/DDR5_TestPlatform/Drivers/STM32H5xx_HAL_Driver/Src/stm32h5xx_hal_i3c.c:2937:19:HAL_I3C_Ctrl_ReceiveCCC	40	static
C:/Users/Xavi/Documents/UOC/DDR5_Test_Platform_XR/Papers/STM32H563ZIT6/DDR5_TestPlatform/Drivers/STM32H5xx_HAL_Driver/Src/stm32h5xx_hal_i3c.c:3123:19:HAL_I3C_Ctrl_ReceiveCCC_IT	24	static
C:/Users/Xavi/Documents/UOC/DDR5_Test_Platform_XR/Papers/STM32H563ZIT6/DDR5_TestPlatform/Drivers/STM32H5xx_HAL_Driver/Src/stm32h5xx_hal_i3c.c:3226:19:HAL_I3C_Ctrl_ReceiveCCC_DMA	32	static
C:/Users/Xavi/Documents/UOC/DDR5_Test_Platform_XR/Papers/STM32H563ZIT6/DDR5_TestPlatform/Drivers/STM32H5xx_HAL_Driver/Src/stm32h5xx_hal_i3c.c:3484:19:HAL_I3C_Ctrl_Transmit	40	static
C:/Users/Xavi/Documents/UOC/DDR5_Test_Platform_XR/Papers/STM32H563ZIT6/DDR5_TestPlatform/Drivers/STM32H5xx_HAL_Driver/Src/stm32h5xx_hal_i3c.c:3648:19:HAL_I3C_Ctrl_Transmit_IT	24	static
C:/Users/Xavi/Documents/UOC/DDR5_Test_Platform_XR/Papers/STM32H563ZIT6/DDR5_TestPlatform/Drivers/STM32H5xx_HAL_Driver/Src/stm32h5xx_hal_i3c.c:3735:19:HAL_I3C_Ctrl_Transmit_DMA	32	static
C:/Users/Xavi/Documents/UOC/DDR5_Test_Platform_XR/Papers/STM32H563ZIT6/DDR5_TestPlatform/Drivers/STM32H5xx_HAL_Driver/Src/stm32h5xx_hal_i3c.c:3928:19:HAL_I3C_Ctrl_Receive	40	static
C:/Users/Xavi/Documents/UOC/DDR5_Test_Platform_XR/Papers/STM32H563ZIT6/DDR5_TestPlatform/Drivers/STM32H5xx_HAL_Driver/Src/stm32h5xx_hal_i3c.c:4089:19:HAL_I3C_Ctrl_Receive_IT	24	static
C:/Users/Xavi/Documents/UOC/DDR5_Test_Platform_XR/Papers/STM32H563ZIT6/DDR5_TestPlatform/Drivers/STM32H5xx_HAL_Driver/Src/stm32h5xx_hal_i3c.c:4173:19:HAL_I3C_Ctrl_Receive_DMA	32	static
C:/Users/Xavi/Documents/UOC/DDR5_Test_Platform_XR/Papers/STM32H563ZIT6/DDR5_TestPlatform/Drivers/STM32H5xx_HAL_Driver/Src/stm32h5xx_hal_i3c.c:4369:19:HAL_I3C_Ctrl_MultipleTransfer_IT	24	static
C:/Users/Xavi/Documents/UOC/DDR5_Test_Platform_XR/Papers/STM32H563ZIT6/DDR5_TestPlatform/Drivers/STM32H5xx_HAL_Driver/Src/stm32h5xx_hal_i3c.c:4471:19:HAL_I3C_Ctrl_MultipleTransfer_DMA	32	static
C:/Users/Xavi/Documents/UOC/DDR5_Test_Platform_XR/Papers/STM32H563ZIT6/DDR5_TestPlatform/Drivers/STM32H5xx_HAL_Driver/Src/stm32h5xx_hal_i3c.c:4729:19:HAL_I3C_Ctrl_DynAddrAssign	96	static
C:/Users/Xavi/Documents/UOC/DDR5_Test_Platform_XR/Papers/STM32H563ZIT6/DDR5_TestPlatform/Drivers/STM32H5xx_HAL_Driver/Src/stm32h5xx_hal_i3c.c:4898:19:HAL_I3C_Ctrl_DynAddrAssign_IT	24	static
C:/Users/Xavi/Documents/UOC/DDR5_Test_Platform_XR/Papers/STM32H563ZIT6/DDR5_TestPlatform/Drivers/STM32H5xx_HAL_Driver/Src/stm32h5xx_hal_i3c.c:4971:19:HAL_I3C_Ctrl_SetDynAddr	24	static
C:/Users/Xavi/Documents/UOC/DDR5_Test_Platform_XR/Papers/STM32H563ZIT6/DDR5_TestPlatform/Drivers/STM32H5xx_HAL_Driver/Src/stm32h5xx_hal_i3c.c:5006:19:HAL_I3C_Ctrl_IsDeviceI3C_Ready	40	static
C:/Users/Xavi/Documents/UOC/DDR5_Test_Platform_XR/Papers/STM32H563ZIT6/DDR5_TestPlatform/Drivers/STM32H5xx_HAL_Driver/Src/stm32h5xx_hal_i3c.c:5047:19:HAL_I3C_Ctrl_IsDeviceI2C_Ready	40	static
C:/Users/Xavi/Documents/UOC/DDR5_Test_Platform_XR/Papers/STM32H563ZIT6/DDR5_TestPlatform/Drivers/STM32H5xx_HAL_Driver/Src/stm32h5xx_hal_i3c.c:5122:19:HAL_I3C_Tgt_Transmit	40	static
C:/Users/Xavi/Documents/UOC/DDR5_Test_Platform_XR/Papers/STM32H563ZIT6/DDR5_TestPlatform/Drivers/STM32H5xx_HAL_Driver/Src/stm32h5xx_hal_i3c.c:5265:19:HAL_I3C_Tgt_Transmit_IT	32	static
C:/Users/Xavi/Documents/UOC/DDR5_Test_Platform_XR/Papers/STM32H563ZIT6/DDR5_TestPlatform/Drivers/STM32H5xx_HAL_Driver/Src/stm32h5xx_hal_i3c.c:5364:19:HAL_I3C_Tgt_Transmit_DMA	32	static
C:/Users/Xavi/Documents/UOC/DDR5_Test_Platform_XR/Papers/STM32H563ZIT6/DDR5_TestPlatform/Drivers/STM32H5xx_HAL_Driver/Src/stm32h5xx_hal_i3c.c:5526:19:HAL_I3C_Tgt_Receive	40	static
C:/Users/Xavi/Documents/UOC/DDR5_Test_Platform_XR/Papers/STM32H563ZIT6/DDR5_TestPlatform/Drivers/STM32H5xx_HAL_Driver/Src/stm32h5xx_hal_i3c.c:5668:19:HAL_I3C_Tgt_Receive_IT	32	static
C:/Users/Xavi/Documents/UOC/DDR5_Test_Platform_XR/Papers/STM32H563ZIT6/DDR5_TestPlatform/Drivers/STM32H5xx_HAL_Driver/Src/stm32h5xx_hal_i3c.c:5763:19:HAL_I3C_Tgt_Receive_DMA	32	static
C:/Users/Xavi/Documents/UOC/DDR5_Test_Platform_XR/Papers/STM32H563ZIT6/DDR5_TestPlatform/Drivers/STM32H5xx_HAL_Driver/Src/stm32h5xx_hal_i3c.c:5920:19:HAL_I3C_Tgt_ControlRoleReq	32	static
C:/Users/Xavi/Documents/UOC/DDR5_Test_Platform_XR/Papers/STM32H563ZIT6/DDR5_TestPlatform/Drivers/STM32H5xx_HAL_Driver/Src/stm32h5xx_hal_i3c.c:6018:19:HAL_I3C_Tgt_ControlRoleReq_IT	24	static
C:/Users/Xavi/Documents/UOC/DDR5_Test_Platform_XR/Papers/STM32H563ZIT6/DDR5_TestPlatform/Drivers/STM32H5xx_HAL_Driver/Src/stm32h5xx_hal_i3c.c:6090:19:HAL_I3C_Tgt_HotJoinReq	48	static
C:/Users/Xavi/Documents/UOC/DDR5_Test_Platform_XR/Papers/STM32H563ZIT6/DDR5_TestPlatform/Drivers/STM32H5xx_HAL_Driver/Src/stm32h5xx_hal_i3c.c:6204:19:HAL_I3C_Tgt_HotJoinReq_IT	24	static
C:/Users/Xavi/Documents/UOC/DDR5_Test_Platform_XR/Papers/STM32H563ZIT6/DDR5_TestPlatform/Drivers/STM32H5xx_HAL_Driver/Src/stm32h5xx_hal_i3c.c:6267:19:HAL_I3C_Tgt_IBIReq	56	static
C:/Users/Xavi/Documents/UOC/DDR5_Test_Platform_XR/Papers/STM32H563ZIT6/DDR5_TestPlatform/Drivers/STM32H5xx_HAL_Driver/Src/stm32h5xx_hal_i3c.c:6398:19:HAL_I3C_Tgt_IBIReq_IT	40	static
C:/Users/Xavi/Documents/UOC/DDR5_Test_Platform_XR/Papers/STM32H563ZIT6/DDR5_TestPlatform/Drivers/STM32H5xx_HAL_Driver/Src/stm32h5xx_hal_i3c.c:6516:19:HAL_I3C_Abort_IT	24	static
C:/Users/Xavi/Documents/UOC/DDR5_Test_Platform_XR/Papers/STM32H563ZIT6/DDR5_TestPlatform/Drivers/STM32H5xx_HAL_Driver/Src/stm32h5xx_hal_i3c.c:6590:22:HAL_I3C_GetState	16	static
C:/Users/Xavi/Documents/UOC/DDR5_Test_Platform_XR/Papers/STM32H563ZIT6/DDR5_TestPlatform/Drivers/STM32H5xx_HAL_Driver/Src/stm32h5xx_hal_i3c.c:6601:21:HAL_I3C_GetMode	16	static
C:/Users/Xavi/Documents/UOC/DDR5_Test_Platform_XR/Papers/STM32H563ZIT6/DDR5_TestPlatform/Drivers/STM32H5xx_HAL_Driver/Src/stm32h5xx_hal_i3c.c:6612:10:HAL_I3C_GetError	16	static
C:/Users/Xavi/Documents/UOC/DDR5_Test_Platform_XR/Papers/STM32H563ZIT6/DDR5_TestPlatform/Drivers/STM32H5xx_HAL_Driver/Src/stm32h5xx_hal_i3c.c:6627:19:HAL_I3C_GetCCCInfo	32	static
C:/Users/Xavi/Documents/UOC/DDR5_Test_Platform_XR/Papers/STM32H563ZIT6/DDR5_TestPlatform/Drivers/STM32H5xx_HAL_Driver/Src/stm32h5xx_hal_i3c.c:6734:26:I3C_Tgt_Event_ISR	32	static
C:/Users/Xavi/Documents/UOC/DDR5_Test_Platform_XR/Papers/STM32H563ZIT6/DDR5_TestPlatform/Drivers/STM32H5xx_HAL_Driver/Src/stm32h5xx_hal_i3c.c:6894:26:I3C_Ctrl_Event_ISR	24	static
C:/Users/Xavi/Documents/UOC/DDR5_Test_Platform_XR/Papers/STM32H563ZIT6/DDR5_TestPlatform/Drivers/STM32H5xx_HAL_Driver/Src/stm32h5xx_hal_i3c.c:6955:26:I3C_Tgt_HotJoin_ISR	24	static
C:/Users/Xavi/Documents/UOC/DDR5_Test_Platform_XR/Papers/STM32H563ZIT6/DDR5_TestPlatform/Drivers/STM32H5xx_HAL_Driver/Src/stm32h5xx_hal_i3c.c:7001:26:I3C_Tgt_CtrlRole_ISR	24	static
C:/Users/Xavi/Documents/UOC/DDR5_Test_Platform_XR/Papers/STM32H563ZIT6/DDR5_TestPlatform/Drivers/STM32H5xx_HAL_Driver/Src/stm32h5xx_hal_i3c.c:7036:26:I3C_Tgt_IBI_ISR	24	static
C:/Users/Xavi/Documents/UOC/DDR5_Test_Platform_XR/Papers/STM32H563ZIT6/DDR5_TestPlatform/Drivers/STM32H5xx_HAL_Driver/Src/stm32h5xx_hal_i3c.c:7072:26:I3C_Tgt_Tx_ISR	24	static
C:/Users/Xavi/Documents/UOC/DDR5_Test_Platform_XR/Papers/STM32H563ZIT6/DDR5_TestPlatform/Drivers/STM32H5xx_HAL_Driver/Src/stm32h5xx_hal_i3c.c:7148:26:I3C_Tgt_Rx_ISR	24	static
C:/Users/Xavi/Documents/UOC/DDR5_Test_Platform_XR/Papers/STM32H563ZIT6/DDR5_TestPlatform/Drivers/STM32H5xx_HAL_Driver/Src/stm32h5xx_hal_i3c.c:7225:26:I3C_Tgt_Tx_DMA_ISR	32	static
C:/Users/Xavi/Documents/UOC/DDR5_Test_Platform_XR/Papers/STM32H563ZIT6/DDR5_TestPlatform/Drivers/STM32H5xx_HAL_Driver/Src/stm32h5xx_hal_i3c.c:7293:26:I3C_Tgt_Rx_DMA_ISR	32	static
C:/Users/Xavi/Documents/UOC/DDR5_Test_Platform_XR/Papers/STM32H563ZIT6/DDR5_TestPlatform/Drivers/STM32H5xx_HAL_Driver/Src/stm32h5xx_hal_i3c.c:7362:26:I3C_Ctrl_Tx_ISR	24	static
C:/Users/Xavi/Documents/UOC/DDR5_Test_Platform_XR/Papers/STM32H563ZIT6/DDR5_TestPlatform/Drivers/STM32H5xx_HAL_Driver/Src/stm32h5xx_hal_i3c.c:7440:26:I3C_Ctrl_Rx_ISR	24	static
C:/Users/Xavi/Documents/UOC/DDR5_Test_Platform_XR/Papers/STM32H563ZIT6/DDR5_TestPlatform/Drivers/STM32H5xx_HAL_Driver/Src/stm32h5xx_hal_i3c.c:7528:26:I3C_Ctrl_Multiple_Xfer_ISR	24	static
C:/Users/Xavi/Documents/UOC/DDR5_Test_Platform_XR/Papers/STM32H563ZIT6/DDR5_TestPlatform/Drivers/STM32H5xx_HAL_Driver/Src/stm32h5xx_hal_i3c.c:7614:26:I3C_Ctrl_DAA_ISR	88	static
C:/Users/Xavi/Documents/UOC/DDR5_Test_Platform_XR/Papers/STM32H563ZIT6/DDR5_TestPlatform/Drivers/STM32H5xx_HAL_Driver/Src/stm32h5xx_hal_i3c.c:7694:26:I3C_Ctrl_Tx_DMA_ISR	32	static
C:/Users/Xavi/Documents/UOC/DDR5_Test_Platform_XR/Papers/STM32H563ZIT6/DDR5_TestPlatform/Drivers/STM32H5xx_HAL_Driver/Src/stm32h5xx_hal_i3c.c:7763:26:I3C_Ctrl_Rx_DMA_ISR	32	static
C:/Users/Xavi/Documents/UOC/DDR5_Test_Platform_XR/Papers/STM32H563ZIT6/DDR5_TestPlatform/Drivers/STM32H5xx_HAL_Driver/Src/stm32h5xx_hal_i3c.c:7832:26:I3C_Ctrl_Multiple_Xfer_DMA_ISR	32	static
C:/Users/Xavi/Documents/UOC/DDR5_Test_Platform_XR/Papers/STM32H563ZIT6/DDR5_TestPlatform/Drivers/STM32H5xx_HAL_Driver/Src/stm32h5xx_hal_i3c.c:7910:26:I3C_Abort_ISR	24	static
C:/Users/Xavi/Documents/UOC/DDR5_Test_Platform_XR/Papers/STM32H563ZIT6/DDR5_TestPlatform/Drivers/STM32H5xx_HAL_Driver/Src/stm32h5xx_hal_i3c.c:7948:13:I3C_DMAControlTransmitCplt	24	static
C:/Users/Xavi/Documents/UOC/DDR5_Test_Platform_XR/Papers/STM32H563ZIT6/DDR5_TestPlatform/Drivers/STM32H5xx_HAL_Driver/Src/stm32h5xx_hal_i3c.c:7963:13:I3C_DMADataTransmitCplt	24	static
C:/Users/Xavi/Documents/UOC/DDR5_Test_Platform_XR/Papers/STM32H563ZIT6/DDR5_TestPlatform/Drivers/STM32H5xx_HAL_Driver/Src/stm32h5xx_hal_i3c.c:7978:13:I3C_DMADataReceiveCplt	24	static
C:/Users/Xavi/Documents/UOC/DDR5_Test_Platform_XR/Papers/STM32H563ZIT6/DDR5_TestPlatform/Drivers/STM32H5xx_HAL_Driver/Src/stm32h5xx_hal_i3c.c:7993:13:I3C_DMAError	24	static
C:/Users/Xavi/Documents/UOC/DDR5_Test_Platform_XR/Papers/STM32H563ZIT6/DDR5_TestPlatform/Drivers/STM32H5xx_HAL_Driver/Src/stm32h5xx_hal_i3c.c:8008:13:I3C_DMAAbort	24	static
C:/Users/Xavi/Documents/UOC/DDR5_Test_Platform_XR/Papers/STM32H563ZIT6/DDR5_TestPlatform/Drivers/STM32H5xx_HAL_Driver/Src/stm32h5xx_hal_i3c.c:8045:26:I3C_WaitOnFlagUntilTimeout	32	static
C:/Users/Xavi/Documents/UOC/DDR5_Test_Platform_XR/Papers/STM32H563ZIT6/DDR5_TestPlatform/Drivers/STM32H5xx_HAL_Driver/Src/stm32h5xx_hal_i3c.c:8088:26:I3C_WaitOnDAAUntilTimeout	32	static
C:/Users/Xavi/Documents/UOC/DDR5_Test_Platform_XR/Papers/STM32H563ZIT6/DDR5_TestPlatform/Drivers/STM32H5xx_HAL_Driver/Src/stm32h5xx_hal_i3c.c:8132:13:I3C_TransmitByteTreatment	16	static
C:/Users/Xavi/Documents/UOC/DDR5_Test_Platform_XR/Papers/STM32H563ZIT6/DDR5_TestPlatform/Drivers/STM32H5xx_HAL_Driver/Src/stm32h5xx_hal_i3c.c:8154:13:I3C_TransmitWordTreatment	16	static
C:/Users/Xavi/Documents/UOC/DDR5_Test_Platform_XR/Papers/STM32H563ZIT6/DDR5_TestPlatform/Drivers/STM32H5xx_HAL_Driver/Src/stm32h5xx_hal_i3c.c:8183:13:I3C_ReceiveByteTreatment	24	static
C:/Users/Xavi/Documents/UOC/DDR5_Test_Platform_XR/Papers/STM32H563ZIT6/DDR5_TestPlatform/Drivers/STM32H5xx_HAL_Driver/Src/stm32h5xx_hal_i3c.c:8205:13:I3C_ReceiveWordTreatment	24	static
C:/Users/Xavi/Documents/UOC/DDR5_Test_Platform_XR/Papers/STM32H563ZIT6/DDR5_TestPlatform/Drivers/STM32H5xx_HAL_Driver/Src/stm32h5xx_hal_i3c.c:8235:13:I3C_ControlDataTreatment	16	static
C:/Users/Xavi/Documents/UOC/DDR5_Test_Platform_XR/Papers/STM32H563ZIT6/DDR5_TestPlatform/Drivers/STM32H5xx_HAL_Driver/Src/stm32h5xx_hal_i3c.c:8257:13:I3C_StateUpdate	16	static
C:/Users/Xavi/Documents/UOC/DDR5_Test_Platform_XR/Papers/STM32H563ZIT6/DDR5_TestPlatform/Drivers/STM32H5xx_HAL_Driver/Src/stm32h5xx_hal_i3c.c:8293:13:I3C_GetErrorSources	16	static
C:/Users/Xavi/Documents/UOC/DDR5_Test_Platform_XR/Papers/STM32H563ZIT6/DDR5_TestPlatform/Drivers/STM32H5xx_HAL_Driver/Src/stm32h5xx_hal_i3c.c:8365:26:I3C_Xfer_PriorPreparation	56	static
C:/Users/Xavi/Documents/UOC/DDR5_Test_Platform_XR/Papers/STM32H563ZIT6/DDR5_TestPlatform/Drivers/STM32H5xx_HAL_Driver/Src/stm32h5xx_hal_i3c.c:8558:17:I3C_FillTxBuffer_CCC	32	static
C:/Users/Xavi/Documents/UOC/DDR5_Test_Platform_XR/Papers/STM32H563ZIT6/DDR5_TestPlatform/Drivers/STM32H5xx_HAL_Driver/Src/stm32h5xx_hal_i3c.c:8584:17:I3C_FillTxBuffer_Private	32	static
C:/Users/Xavi/Documents/UOC/DDR5_Test_Platform_XR/Papers/STM32H563ZIT6/DDR5_TestPlatform/Drivers/STM32H5xx_HAL_Driver/Src/stm32h5xx_hal_i3c.c:8609:26:I3C_ControlBuffer_PriorPreparation	48	static
C:/Users/Xavi/Documents/UOC/DDR5_Test_Platform_XR/Papers/STM32H563ZIT6/DDR5_TestPlatform/Drivers/STM32H5xx_HAL_Driver/Src/stm32h5xx_hal_i3c.c:8781:26:I3C_Ctrl_IsDevice_Ready	48	static
C:/Users/Xavi/Documents/UOC/DDR5_Test_Platform_XR/Papers/STM32H563ZIT6/DDR5_TestPlatform/Drivers/STM32H5xx_HAL_Driver/Src/stm32h5xx_hal_i3c.c:8901:13:I3C_Enable_IRQ	24	static
C:/Users/Xavi/Documents/UOC/DDR5_Test_Platform_XR/Papers/STM32H563ZIT6/DDR5_TestPlatform/Drivers/STM32H5xx_HAL_Driver/Src/stm32h5xx_hal_i3c.c:8993:13:I3C_Disable_IRQ	24	static
C:/Users/Xavi/Documents/UOC/DDR5_Test_Platform_XR/Papers/STM32H563ZIT6/DDR5_TestPlatform/Drivers/STM32H5xx_HAL_Driver/Src/stm32h5xx_hal_i3c.c:9077:13:I3C_ErrorTreatment	24	static
C:/Users/Xavi/Documents/UOC/DDR5_Test_Platform_XR/Papers/STM32H563ZIT6/DDR5_TestPlatform/Drivers/STM32H5xx_HAL_Driver/Src/stm32h5xx_hal_i3c.c:9223:13:I3C_TreatErrorCallback	16	static
