21:15:14 **** Incremental Build of configuration Debug for project 1_GPIO ****
make -j16 all 
arm-none-eabi-gcc "../Src/main.c" -mcpu=cortex-m33 -std=gnu11 -g3 -DDEBUG -DUSE_FULL_LL_DRIVER -DSTM32H563xx -c -I../Inc -I"C:/Users/Xavi/Documents/FW/DDR5_FW/1_GPIO/Bsp/Inc" -I"C:/Users/Xavi/Documents/FW/DDR5_FW/1_GPIO/Bsp/src" -I"C:/Users/Xavi/Documents/FW/DDR5_FW/Drivers/STM32H5xx_HAL_Driver/Inc" -I"C:/Users/Xavi/Documents/FW/DDR5_FW/Drivers/CMSIS/Include" -I"C:/Users/Xavi/Documents/FW/DDR5_FW/Drivers/CMSIS/Device/ST/STM32H5xx/Include" -O0 -ffunction-sections -fdata-sections -Wall -fstack-usage -fcyclomatic-complexity -MMD -MP -MF"Src/main.d" -MT"Src/main.o" --specs=nano.specs -mfpu=fpv5-sp-d16 -mfloat-abi=hard -mthumb -o "Src/main.o"
arm-none-eabi-gcc -o "1_GPIO.elf" @"objects.list"   -mcpu=cortex-m33 -T"C:\Users\Xavi\Documents\FW\DDR5_FW\1_GPIO\STM32H563ZITX_FLASH.ld" --specs=nosys.specs -Wl,-Map="1_GPIO.map" -Wl,--gc-sections -static --specs=nano.specs -mfpu=fpv5-sp-d16 -mfloat-abi=hard -mthumb -Wl,--start-group -lc -lm -Wl,--end-group
Finished building target: 1_GPIO.elf
 
arm-none-eabi-size  1_GPIO.elf 
arm-none-eabi-objdump -h -S 1_GPIO.elf  > "1_GPIO.list"
   text	   data	    bss	    dec	    hex	filename
   6580	      8	   1568	   8156	   1fdc	1_GPIO.elf
Finished building: default.size.stdout
 
Finished building: 1_GPIO.list
 
21:16:05 **** Incremental Build of configuration Debug for project 1_GPIO ****
make -j16 all 
arm-none-eabi-size  1_GPIO.elf 
   text	   data	    bss	    dec	    hex	filename
   6580	      8	   1568	   8156	   1fdc	1_GPIO.elf
Finished building: default.size.stdout
 
