../../Drivers/STM32H5xx_HAL_Driver/Inc/stm32h5xx_ll_i3c.h:4165:22:LL_I3C_ClearFlag_FC	1
../../Drivers/STM32H5xx_HAL_Driver/Inc/stm32h5xx_ll_i3c.h:4187:22:LL_I3C_ClearFlag_ERR	1
C:/Users/Xavi/Documents/UOC/DDR5_Test_Platform_XR/Papers/STM32H563ZIT6/DDR5_TestPlatform/Core/Src/main.c:80:6:I3C_SETAASA	3
C:/Users/Xavi/Documents/UOC/DDR5_Test_Platform_XR/Papers/STM32H563ZIT6/DDR5_TestPlatform/Core/Src/main.c:118:19:I3C_LL_SETAASA	8
C:/Users/Xavi/Documents/UOC/DDR5_Test_Platform_XR/Papers/STM32H563ZIT6/DDR5_TestPlatform/Core/Src/main.c:190:6:I3C_RSTDAA	3
C:/Users/Xavi/Documents/UOC/DDR5_Test_Platform_XR/Papers/STM32H563ZIT6/DDR5_TestPlatform/Core/Src/main.c:229:19:I3C_LL_I2C_PrivateReadReg	12
C:/Users/Xavi/Documents/UOC/DDR5_Test_Platform_XR/Papers/STM32H563ZIT6/DDR5_TestPlatform/Core/Src/main.c:299:19:I3C_LL_I2C_PrivateWriteReg	7
C:/Users/Xavi/Documents/UOC/DDR5_Test_Platform_XR/Papers/STM32H563ZIT6/DDR5_TestPlatform/Core/Src/main.c:354:19:I3C_LL_PrivateReadReg	18
C:/Users/Xavi/Documents/UOC/DDR5_Test_Platform_XR/Papers/STM32H563ZIT6/DDR5_TestPlatform/Core/Src/main.c:466:19:I3C_LL_PrivateWriteReg	10
C:/Users/Xavi/Documents/UOC/DDR5_Test_Platform_XR/Papers/STM32H563ZIT6/DDR5_TestPlatform/Core/Src/main.c:547:19:I3C_LL_SPD5_ReadReg	16
C:/Users/Xavi/Documents/UOC/DDR5_Test_Platform_XR/Papers/STM32H563ZIT6/DDR5_TestPlatform/Core/Src/main.c:645:19:I3C_LL_PrivateReadReg_Debug	16
C:/Users/Xavi/Documents/UOC/DDR5_Test_Platform_XR/Papers/STM32H563ZIT6/DDR5_TestPlatform/Core/Src/main.c:825:19:I3C_HAL_PrivateReadReg	5
C:/Users/Xavi/Documents/UOC/DDR5_Test_Platform_XR/Papers/STM32H563ZIT6/DDR5_TestPlatform/Core/Src/main.c:880:13:I3C_DBG	2
C:/Users/Xavi/Documents/UOC/DDR5_Test_Platform_XR/Papers/STM32H563ZIT6/DDR5_TestPlatform/Core/Src/main.c:906:5:main	4
C:/Users/Xavi/Documents/UOC/DDR5_Test_Platform_XR/Papers/STM32H563ZIT6/DDR5_TestPlatform/Core/Src/main.c:1036:6:SystemClock_Config	4
C:/Users/Xavi/Documents/UOC/DDR5_Test_Platform_XR/Papers/STM32H563ZIT6/DDR5_TestPlatform/Core/Src/main.c:1091:13:MX_I2C1_Init	4
C:/Users/Xavi/Documents/UOC/DDR5_Test_Platform_XR/Papers/STM32H563ZIT6/DDR5_TestPlatform/Core/Src/main.c:1139:13:MX_I3C1_Init	4
C:/Users/Xavi/Documents/UOC/DDR5_Test_Platform_XR/Papers/STM32H563ZIT6/DDR5_TestPlatform/Core/Src/main.c:1215:13:MX_ICACHE_Init	2
C:/Users/Xavi/Documents/UOC/DDR5_Test_Platform_XR/Papers/STM32H563ZIT6/DDR5_TestPlatform/Core/Src/main.c:1243:13:MX_MEMORYMAP_Init	1
C:/Users/Xavi/Documents/UOC/DDR5_Test_Platform_XR/Papers/STM32H563ZIT6/DDR5_TestPlatform/Core/Src/main.c:1264:13:MX_USART3_UART_Init	5
C:/Users/Xavi/Documents/UOC/DDR5_Test_Platform_XR/Papers/STM32H563ZIT6/DDR5_TestPlatform/Core/Src/main.c:1313:13:MX_GPIO_Init	1
C:/Users/Xavi/Documents/UOC/DDR5_Test_Platform_XR/Papers/STM32H563ZIT6/DDR5_TestPlatform/Core/Src/main.c:1448:6:Error_Handler	1
