../../Drivers/STM32H5xx_HAL_Driver/Inc/stm32h5xx_ll_i3c.h:4165:22:LL_I3C_ClearFlag_FC	16	static
../../Drivers/STM32H5xx_HAL_Driver/Inc/stm32h5xx_ll_i3c.h:4187:22:LL_I3C_ClearFlag_ERR	16	static
C:/Users/Xavi/Documents/UOC/DDR5_Test_Platform_XR/Papers/STM32H563ZIT6/DDR5_TestPlatform/Core/Src/main.c:80:6:I3C_SETAASA	88	static
C:/Users/Xavi/Documents/UOC/DDR5_Test_Platform_XR/Papers/STM32H563ZIT6/DDR5_TestPlatform/Core/Src/main.c:118:19:I3C_LL_SETAASA	40	static
C:/Users/Xavi/Documents/UOC/DDR5_Test_Platform_XR/Papers/STM32H563ZIT6/DDR5_TestPlatform/Core/Src/main.c:190:6:I3C_RSTDAA	88	static
C:/Users/Xavi/Documents/UOC/DDR5_Test_Platform_XR/Papers/STM32H563ZIT6/DDR5_TestPlatform/Core/Src/main.c:229:19:I3C_LL_I2C_PrivateReadReg	32	static
C:/Users/Xavi/Documents/UOC/DDR5_Test_Platform_XR/Papers/STM32H563ZIT6/DDR5_TestPlatform/Core/Src/main.c:299:19:I3C_LL_I2C_PrivateWriteReg	32	static
C:/Users/Xavi/Documents/UOC/DDR5_Test_Platform_XR/Papers/STM32H563ZIT6/DDR5_TestPlatform/Core/Src/main.c:354:19:I3C_LL_PrivateWriteReg	48	static
C:/Users/Xavi/Documents/UOC/DDR5_Test_Platform_XR/Papers/STM32H563ZIT6/DDR5_TestPlatform/Core/Src/main.c:435:19:I3C_LL_SPD5_ReadReg	48	static
C:/Users/Xavi/Documents/UOC/DDR5_Test_Platform_XR/Papers/STM32H563ZIT6/DDR5_TestPlatform/Core/Src/main.c:533:19:I3C_LL_PrivateReadReg_Debug	64	static,ignoring_inline_asm
C:/Users/Xavi/Documents/UOC/DDR5_Test_Platform_XR/Papers/STM32H563ZIT6/DDR5_TestPlatform/Core/Src/main.c:713:19:I3C_HAL_PrivateReadReg	120	static
C:/Users/Xavi/Documents/UOC/DDR5_Test_Platform_XR/Papers/STM32H563ZIT6/DDR5_TestPlatform/Core/Src/main.c:768:19:I3C_LL_PrivateReadReg	48	static
C:/Users/Xavi/Documents/UOC/DDR5_Test_Platform_XR/Papers/STM32H563ZIT6/DDR5_TestPlatform/Core/Src/main.c:925:13:I3C_DBG	16	static
C:/Users/Xavi/Documents/UOC/DDR5_Test_Platform_XR/Papers/STM32H563ZIT6/DDR5_TestPlatform/Core/Src/main.c:951:5:main	24	static,ignoring_inline_asm
C:/Users/Xavi/Documents/UOC/DDR5_Test_Platform_XR/Papers/STM32H563ZIT6/DDR5_TestPlatform/Core/Src/main.c:1081:6:SystemClock_Config	120	static
C:/Users/Xavi/Documents/UOC/DDR5_Test_Platform_XR/Papers/STM32H563ZIT6/DDR5_TestPlatform/Core/Src/main.c:1136:13:MX_I2C1_Init	8	static
C:/Users/Xavi/Documents/UOC/DDR5_Test_Platform_XR/Papers/STM32H563ZIT6/DDR5_TestPlatform/Core/Src/main.c:1184:13:MX_I3C1_Init	32	static
C:/Users/Xavi/Documents/UOC/DDR5_Test_Platform_XR/Papers/STM32H563ZIT6/DDR5_TestPlatform/Core/Src/main.c:1260:13:MX_ICACHE_Init	8	static
C:/Users/Xavi/Documents/UOC/DDR5_Test_Platform_XR/Papers/STM32H563ZIT6/DDR5_TestPlatform/Core/Src/main.c:1288:13:MX_MEMORYMAP_Init	4	static
C:/Users/Xavi/Documents/UOC/DDR5_Test_Platform_XR/Papers/STM32H563ZIT6/DDR5_TestPlatform/Core/Src/main.c:1309:13:MX_USART3_UART_Init	8	static
C:/Users/Xavi/Documents/UOC/DDR5_Test_Platform_XR/Papers/STM32H563ZIT6/DDR5_TestPlatform/Core/Src/main.c:1358:13:MX_GPIO_Init	64	static
C:/Users/Xavi/Documents/UOC/DDR5_Test_Platform_XR/Papers/STM32H563ZIT6/DDR5_TestPlatform/Core/Src/main.c:1493:6:Error_Handler	4	static,ignoring_inline_asm
