../../Drivers/STM32H5xx_HAL_Driver/Inc/stm32h5xx_ll_bus.h:875:22:LL_AHB2_GRP1_EnableClock	1
../../Drivers/STM32H5xx_HAL_Driver/Inc/stm32h5xx_ll_bus.h:1524:22:LL_APB1_GRP2_EnableClock	1
C:/Users/Xavi/Documents/UOC/DDR5_Test_Platform_XR/Papers/STM32H563ZIT6/DDR5_TestPlatform/Core/Src/main.c:81:5:main	1
C:/Users/Xavi/Documents/UOC/DDR5_Test_Platform_XR/Papers/STM32H563ZIT6/DDR5_TestPlatform/Core/Src/main.c:132:6:SystemClock_Config	4
C:/Users/Xavi/Documents/UOC/DDR5_Test_Platform_XR/Papers/STM32H563ZIT6/DDR5_TestPlatform/Core/Src/main.c:188:13:MX_ADC1_Init	3
C:/Users/Xavi/Documents/UOC/DDR5_Test_Platform_XR/Papers/STM32H563ZIT6/DDR5_TestPlatform/Core/Src/main.c:247:13:MX_I2C1_Init	4
C:/Users/Xavi/Documents/UOC/DDR5_Test_Platform_XR/Papers/STM32H563ZIT6/DDR5_TestPlatform/Core/Src/main.c:295:13:MX_I3C1_Init	4
C:/Users/Xavi/Documents/UOC/DDR5_Test_Platform_XR/Papers/STM32H563ZIT6/DDR5_TestPlatform/Core/Src/main.c:359:13:MX_ICACHE_Init	2
C:/Users/Xavi/Documents/UOC/DDR5_Test_Platform_XR/Papers/STM32H563ZIT6/DDR5_TestPlatform/Core/Src/main.c:387:13:MX_MEMORYMAP_Init	1
C:/Users/Xavi/Documents/UOC/DDR5_Test_Platform_XR/Papers/STM32H563ZIT6/DDR5_TestPlatform/Core/Src/main.c:408:13:MX_UCPD1_Init	1
C:/Users/Xavi/Documents/UOC/DDR5_Test_Platform_XR/Papers/STM32H563ZIT6/DDR5_TestPlatform/Core/Src/main.c:444:13:MX_USART3_UART_Init	5
C:/Users/Xavi/Documents/UOC/DDR5_Test_Platform_XR/Papers/STM32H563ZIT6/DDR5_TestPlatform/Core/Src/main.c:493:13:MX_USB_PCD_Init	2
C:/Users/Xavi/Documents/UOC/DDR5_Test_Platform_XR/Papers/STM32H563ZIT6/DDR5_TestPlatform/Core/Src/main.c:529:13:MX_GPIO_Init	1
C:/Users/Xavi/Documents/UOC/DDR5_Test_Platform_XR/Papers/STM32H563ZIT6/DDR5_TestPlatform/Core/Src/main.c:644:6:Error_Handler	1
