C:/Users/Xavi/Documents/UOC/DDR5_Test_Platform_XR/Papers/STM32H563ZIT6/DDR5_TestPlatform/Core/Src/stm32h5xx_hal_msp.c:64:6:HAL_MspInit	4	static
C:/Users/Xavi/Documents/UOC/DDR5_Test_Platform_XR/Papers/STM32H563ZIT6/DDR5_TestPlatform/Core/Src/stm32h5xx_hal_msp.c:83:6:HAL_ADC_MspInit	312	static
C:/Users/Xavi/Documents/UOC/DDR5_Test_Platform_XR/Papers/STM32H563ZIT6/DDR5_TestPlatform/Core/Src/stm32h5xx_hal_msp.c:127:6:HAL_ADC_MspDeInit	16	static
C:/Users/Xavi/Documents/UOC/DDR5_Test_Platform_XR/Papers/STM32H563ZIT6/DDR5_TestPlatform/Core/Src/stm32h5xx_hal_msp.c:155:6:HAL_I2C_MspInit	312	static
C:/Users/Xavi/Documents/UOC/DDR5_Test_Platform_XR/Papers/STM32H563ZIT6/DDR5_TestPlatform/Core/Src/stm32h5xx_hal_msp.c:201:6:HAL_I2C_MspDeInit	16	static
C:/Users/Xavi/Documents/UOC/DDR5_Test_Platform_XR/Papers/STM32H563ZIT6/DDR5_TestPlatform/Core/Src/stm32h5xx_hal_msp.c:232:6:HAL_I3C_MspInit	312	static
C:/Users/Xavi/Documents/UOC/DDR5_Test_Platform_XR/Papers/STM32H563ZIT6/DDR5_TestPlatform/Core/Src/stm32h5xx_hal_msp.c:279:6:HAL_I3C_MspDeInit	16	static
C:/Users/Xavi/Documents/UOC/DDR5_Test_Platform_XR/Papers/STM32H563ZIT6/DDR5_TestPlatform/Core/Src/stm32h5xx_hal_msp.c:308:6:HAL_UART_MspInit	312	static
C:/Users/Xavi/Documents/UOC/DDR5_Test_Platform_XR/Papers/STM32H563ZIT6/DDR5_TestPlatform/Core/Src/stm32h5xx_hal_msp.c:355:6:HAL_UART_MspDeInit	16	static
C:/Users/Xavi/Documents/UOC/DDR5_Test_Platform_XR/Papers/STM32H563ZIT6/DDR5_TestPlatform/Core/Src/stm32h5xx_hal_msp.c:384:6:HAL_PCD_MspInit	312	static
C:/Users/Xavi/Documents/UOC/DDR5_Test_Platform_XR/Papers/STM32H563ZIT6/DDR5_TestPlatform/Core/Src/stm32h5xx_hal_msp.c:430:6:HAL_PCD_MspDeInit	16	static
