Archive member included to satisfy reference by file (symbol)

C:/ST/STM32CubeIDE_1.13.0/STM32CubeIDE/plugins/com.st.stm32cube.ide.mcu.externaltools.gnu-tools-for-stm32.11.3.rel1.win32_1.1.100.202309141235/tools/bin/../lib/gcc/arm-none-eabi/11.3.1/../../../../arm-none-eabi/lib/thumb/v8-m.main+fp/hard\libc_nano.a(libc_a-exit.o)
                              C:/ST/STM32CubeIDE_1.13.0/STM32CubeIDE/plugins/com.st.stm32cube.ide.mcu.externaltools.gnu-tools-for-stm32.11.3.rel1.win32_1.1.100.202309141235/tools/bin/../lib/gcc/arm-none-eabi/11.3.1/../../../../arm-none-eabi/lib/thumb/v8-m.main+fp/hard/crt0.o (exit)
C:/ST/STM32CubeIDE_1.13.0/STM32CubeIDE/plugins/com.st.stm32cube.ide.mcu.externaltools.gnu-tools-for-stm32.11.3.rel1.win32_1.1.100.202309141235/tools/bin/../lib/gcc/arm-none-eabi/11.3.1/../../../../arm-none-eabi/lib/thumb/v8-m.main+fp/hard\libc_nano.a(libc_a-findfp.o)
                              C:/ST/STM32CubeIDE_1.13.0/STM32CubeIDE/plugins/com.st.stm32cube.ide.mcu.externaltools.gnu-tools-for-stm32.11.3.rel1.win32_1.1.100.202309141235/tools/bin/../lib/gcc/arm-none-eabi/11.3.1/../../../../arm-none-eabi/lib/thumb/v8-m.main+fp/hard\libc_nano.a(libc_a-exit.o) (__stdio_exit_handler)
C:/ST/STM32CubeIDE_1.13.0/STM32CubeIDE/plugins/com.st.stm32cube.ide.mcu.externaltools.gnu-tools-for-stm32.11.3.rel1.win32_1.1.100.202309141235/tools/bin/../lib/gcc/arm-none-eabi/11.3.1/../../../../arm-none-eabi/lib/thumb/v8-m.main+fp/hard\libc_nano.a(libc_a-fwalk.o)
                              C:/ST/STM32CubeIDE_1.13.0/STM32CubeIDE/plugins/com.st.stm32cube.ide.mcu.externaltools.gnu-tools-for-stm32.11.3.rel1.win32_1.1.100.202309141235/tools/bin/../lib/gcc/arm-none-eabi/11.3.1/../../../../arm-none-eabi/lib/thumb/v8-m.main+fp/hard\libc_nano.a(libc_a-findfp.o) (_fwalk_sglue)
C:/ST/STM32CubeIDE_1.13.0/STM32CubeIDE/plugins/com.st.stm32cube.ide.mcu.externaltools.gnu-tools-for-stm32.11.3.rel1.win32_1.1.100.202309141235/tools/bin/../lib/gcc/arm-none-eabi/11.3.1/../../../../arm-none-eabi/lib/thumb/v8-m.main+fp/hard\libc_nano.a(libc_a-stdio.o)
                              C:/ST/STM32CubeIDE_1.13.0/STM32CubeIDE/plugins/com.st.stm32cube.ide.mcu.externaltools.gnu-tools-for-stm32.11.3.rel1.win32_1.1.100.202309141235/tools/bin/../lib/gcc/arm-none-eabi/11.3.1/../../../../arm-none-eabi/lib/thumb/v8-m.main+fp/hard\libc_nano.a(libc_a-findfp.o) (__sread)
C:/ST/STM32CubeIDE_1.13.0/STM32CubeIDE/plugins/com.st.stm32cube.ide.mcu.externaltools.gnu-tools-for-stm32.11.3.rel1.win32_1.1.100.202309141235/tools/bin/../lib/gcc/arm-none-eabi/11.3.1/../../../../arm-none-eabi/lib/thumb/v8-m.main+fp/hard\libc_nano.a(libc_a-memset.o)
                              C:/ST/STM32CubeIDE_1.13.0/STM32CubeIDE/plugins/com.st.stm32cube.ide.mcu.externaltools.gnu-tools-for-stm32.11.3.rel1.win32_1.1.100.202309141235/tools/bin/../lib/gcc/arm-none-eabi/11.3.1/../../../../arm-none-eabi/lib/thumb/v8-m.main+fp/hard/crt0.o (memset)
C:/ST/STM32CubeIDE_1.13.0/STM32CubeIDE/plugins/com.st.stm32cube.ide.mcu.externaltools.gnu-tools-for-stm32.11.3.rel1.win32_1.1.100.202309141235/tools/bin/../lib/gcc/arm-none-eabi/11.3.1/../../../../arm-none-eabi/lib/thumb/v8-m.main+fp/hard\libc_nano.a(libc_a-closer.o)
                              C:/ST/STM32CubeIDE_1.13.0/STM32CubeIDE/plugins/com.st.stm32cube.ide.mcu.externaltools.gnu-tools-for-stm32.11.3.rel1.win32_1.1.100.202309141235/tools/bin/../lib/gcc/arm-none-eabi/11.3.1/../../../../arm-none-eabi/lib/thumb/v8-m.main+fp/hard\libc_nano.a(libc_a-stdio.o) (_close_r)
C:/ST/STM32CubeIDE_1.13.0/STM32CubeIDE/plugins/com.st.stm32cube.ide.mcu.externaltools.gnu-tools-for-stm32.11.3.rel1.win32_1.1.100.202309141235/tools/bin/../lib/gcc/arm-none-eabi/11.3.1/../../../../arm-none-eabi/lib/thumb/v8-m.main+fp/hard\libc_nano.a(libc_a-reent.o)
                              C:/ST/STM32CubeIDE_1.13.0/STM32CubeIDE/plugins/com.st.stm32cube.ide.mcu.externaltools.gnu-tools-for-stm32.11.3.rel1.win32_1.1.100.202309141235/tools/bin/../lib/gcc/arm-none-eabi/11.3.1/../../../../arm-none-eabi/lib/thumb/v8-m.main+fp/hard\libc_nano.a(libc_a-closer.o) (errno)
C:/ST/STM32CubeIDE_1.13.0/STM32CubeIDE/plugins/com.st.stm32cube.ide.mcu.externaltools.gnu-tools-for-stm32.11.3.rel1.win32_1.1.100.202309141235/tools/bin/../lib/gcc/arm-none-eabi/11.3.1/../../../../arm-none-eabi/lib/thumb/v8-m.main+fp/hard\libc_nano.a(libc_a-impure.o)
                              C:/ST/STM32CubeIDE_1.13.0/STM32CubeIDE/plugins/com.st.stm32cube.ide.mcu.externaltools.gnu-tools-for-stm32.11.3.rel1.win32_1.1.100.202309141235/tools/bin/../lib/gcc/arm-none-eabi/11.3.1/../../../../arm-none-eabi/lib/thumb/v8-m.main+fp/hard\libc_nano.a(libc_a-reent.o) (_impure_ptr)
C:/ST/STM32CubeIDE_1.13.0/STM32CubeIDE/plugins/com.st.stm32cube.ide.mcu.externaltools.gnu-tools-for-stm32.11.3.rel1.win32_1.1.100.202309141235/tools/bin/../lib/gcc/arm-none-eabi/11.3.1/../../../../arm-none-eabi/lib/thumb/v8-m.main+fp/hard\libc_nano.a(libc_a-lseekr.o)
[...]
Memory Configuration

Name             Origin             Length             Attributes
RAM              0x0000000020000000 0x00000000000a0000 xrw
FLASH            0x0000000008000000 0x0000000000200000 xr
*default*        0x0000000000000000 0xffffffffffffffff

Linker script and memory map

LOAD C:/ST/STM32CubeIDE_1.13.0/STM32CubeIDE/plugins/com.st.stm32cube.ide.mcu.externaltools.gnu-tools-for-stm32.11.3.rel1.win32_1.1.100.202309141235/tools/bin/../lib/gcc/arm-none-eabi/11.3.1/thumb/v8-m.main+fp/hard/crti.o
LOAD C:/ST/STM32CubeIDE_1.13.0/STM32CubeIDE/plugins/com.st.stm32cube.ide.mcu.externaltools.gnu-tools-for-stm32.11.3.rel1.win32_1.1.100.202309141235/tools/bin/../lib/gcc/arm-none-eabi/11.3.1/thumb/v8-m.main+fp/hard/crtbegin.o
LOAD C:/ST/STM32CubeIDE_1.13.0/STM32CubeIDE/plugins/com.st.stm32cube.ide.mcu.externaltools.gnu-tools-for-stm32.11.3.rel1.win32_1.1.100.202309141235/tools/bin/../lib/gcc/arm-none-eabi/11.3.1/../../../../arm-none-eabi/lib/thumb/v8-m.main+fp/hard/crt0.o
LOAD ./Application/User/Core/main.o
LOAD ./Application/User/Core/stm32h5xx_hal_msp.o
LOAD ./Application/User/Core/stm32h5xx_it.o
LOAD ./Application/User/Core/syscalls.o
LOAD ./Application/User/Core/sysmem.o
LOAD ./Application/User/Startup/startup_stm32h563zitx.o
LOAD ./Drivers/CMSIS/system_stm32h5xx.o
LOAD ./Drivers/STM32H5xx_HAL_Driver/stm32h5xx_hal.o
LOAD ./Drivers/STM32H5xx_HAL_Driver/stm32h5xx_hal_cortex.o
LOAD ./Drivers/STM32H5xx_HAL_Driver/stm32h5xx_hal_dma.o
LOAD ./Drivers/STM32H5xx_HAL_Driver/stm32h5xx_hal_dma_ex.o
LOAD ./Drivers/STM32H5xx_HAL_Driver/stm32h5xx_hal_exti.o
LOAD ./Drivers/STM32H5xx_HAL_Driver/stm32h5xx_hal_flash.o
LOAD ./Drivers/STM32H5xx_HAL_Driver/stm32h5xx_hal_flash_ex.o
LOAD ./Drivers/STM32H5xx_HAL_Driver/stm32h5xx_hal_gpio.o
LOAD ./Drivers/STM32H5xx_HAL_Driver/stm32h5xx_hal_i2c.o
LOAD ./Drivers/STM32H5xx_HAL_Driver/stm32h5xx_hal_i2c_ex.o
LOAD ./Drivers/STM32H5xx_HAL_Driver/stm32h5xx_hal_i3c.o
LOAD ./Drivers/STM32H5xx_HAL_Driver/stm32h5xx_hal_icache.o
LOAD ./Drivers/STM32H5xx_HAL_Driver/stm32h5xx_hal_pwr.o
LOAD ./Drivers/STM32H5xx_HAL_Driver/stm32h5xx_hal_pwr_ex.o
LOAD ./Drivers/STM32H5xx_HAL_Driver/stm32h5xx_hal_rcc.o
LOAD ./Drivers/STM32H5xx_HAL_Driver/stm32h5xx_hal_rcc_ex.o
LOAD ./Drivers/STM32H5xx_HAL_Driver/stm32h5xx_hal_uart.o
LOAD ./Drivers/STM32H5xx_HAL_Driver/stm32h5xx_hal_uart_ex.o
START GROUP
LOAD C:/ST/STM32CubeIDE_1.13.0/STM32CubeIDE/plugins/com.st.stm32cube.ide.mcu.externaltools.gnu-tools-for-stm32.11.3.rel1.win32_1.1.100.202309141235/tools/bin/../lib/gcc/arm-none-eabi/11.3.1/../../../../arm-none-eabi/lib/thumb/v8-m.main+fp/hard\libc_nano.a
LOAD C:/ST/STM32CubeIDE_1.13.0/STM32CubeIDE/plugins/com.st.stm32cube.ide.mcu.externaltools.gnu-tools-for-stm32.11.3.rel1.win32_1.1.100.202309141235/tools/bin/../lib/gcc/arm-none-eabi/11.3.1/../../../../arm-none-eabi/lib/thumb/v8-m.main+fp/hard\libm.a
END GROUP
START GROUP
LOAD C:/ST/STM32CubeIDE_1.13.0/STM32CubeIDE/plugins/com.st.stm32cube.ide.mcu.externaltools.gnu-tools-for-stm32.11.3.rel1.win32_1.1.100.202309141235/tools/bin/../lib/gcc/arm-none-eabi/11.3.1/thumb/v8-m.main+fp/hard\libgcc.a
LOAD C:/ST/STM32CubeIDE_1.13.0/STM32CubeIDE/plugins/com.st.stm32cube.ide.mcu.externaltools.gnu-tools-for-stm32.11.3.rel1.win32_1.1.100.202309141235/tools/bin/../lib/gcc/arm-none-eabi/11.3.1/../../../../arm-none-eabi/lib/thumb/v8-m.main+fp/hard\libc_nano.a
END GROUP
START GROUP
LOAD C:/ST/STM32CubeIDE_1.13.0/STM32CubeIDE/plugins/com.st.stm32cube.ide.mcu.externaltools.gnu-tools-for-stm32.11.3.rel1.win32_1.1.100.202309141235/tools/bin/../lib/gcc/arm-none-eabi/11.3.1/thumb/v8-m.main+fp/hard\libgcc.a
LOAD C:/ST/STM32CubeIDE_1.13.0/STM32CubeIDE/plugins/com.st.stm32cube.ide.mcu.externaltools.gnu-tools-for-stm32.11.3.rel1.win32_1.1.100.202309141235/tools/bin/../lib/gcc/arm-none-eabi/11.3.1/../../../../arm-none-eabi/lib/thumb/v8-m.main+fp/hard\libc_nano.a
LOAD C:/ST/STM32CubeIDE_1.13.0/STM32CubeIDE/plugins/com.st.stm32cube.ide.mcu.externaltools.gnu-tools-for-stm32.11.3.rel1.win32_1.1.100.202309141235/tools/bin/../lib/gcc/arm-none-eabi/11.3.1/../../../../arm-none-eabi/lib/thumb/v8-m.main+fp/hard\libnosys.a
END GROUP
START GROUP
LOAD C:/ST/STM32CubeIDE_1.13.0/STM32CubeIDE/plugins/com.st.stm32cube.ide.mcu.externaltools.gnu-tools-for-stm32.11.3.rel1.win32_1.1.100.202309141235/tools/bin/../lib/gcc/arm-none-eabi/11.3.1/thumb/v8-m.main+fp/hard\libgcc.a
LOAD C:/ST/STM32CubeIDE_1.13.0/STM32CubeIDE/plugins/com.st.stm32cube.ide.mcu.externaltools.gnu-tools-for-stm32.11.3.rel1.win32_1.1.100.202309141235/tools/bin/../lib/gcc/arm-none-eabi/11.3.1/../../../../arm-none-eabi/lib/thumb/v8-m.main+fp/hard\libc_nano.a
LOAD C:/ST/STM32CubeIDE_1.13.0/STM32CubeIDE/plugins/com.st.stm32cube.ide.mcu.externaltools.gnu-tools-for-stm32.11.3.rel1.win32_1.1.100.202309141235/tools/bin/../lib/gcc/arm-none-eabi/11.3.1/../../../../arm-none-eabi/lib/thumb/v8-m.main+fp/hard\libnosys.a
END GROUP
LOAD C:/ST/STM32CubeIDE_1.13.0/STM32CubeIDE/plugins/com.st.stm32cube.ide.mcu.externaltools.gnu-tools-for-stm32.11.3.rel1.win32_1.1.100.202309141235/tools/bin/../lib/gcc/arm-none-eabi/11.3.1/thumb/v8-m.main+fp/hard/crtend.o
LOAD C:/ST/STM32CubeIDE_1.13.0/STM32CubeIDE/plugins/com.st.stm32cube.ide.mcu.externaltools.gnu-tools-for-stm32.11.3.rel1.win32_1.1.100.202309141235/tools/bin/../lib/gcc/arm-none-eabi/11.3.1/thumb/v8-m.main+fp/hard/crtn.o
                0x00000000200a0000                _estack = (ORIGIN (RAM) + LENGTH (RAM))
                0x0000000000000200                _Min_Heap_Size = 0x200
                0x0000000000000400                _Min_Stack_Size = 0x400

.isr_vector     0x0000000008000000      0x24c
                0x0000000008000000                . = ALIGN (0x4)
 *(.isr_vector)
 .isr_vector    0x0000000008000000      0x24c ./Application/User/Startup/startup_stm32h563zitx.o
                0x0000000008000000                g_pfnVectors
                0x000000000800024c                . = ALIGN (0x4)

.text           0x000000000800024c     0x9ea4
                0x000000000800024c                . = ALIGN (0x4)
 *(.text)
 .text          0x000000000800024c       0x40 C:/ST/STM32CubeIDE_1.13.0/STM32CubeIDE/plugins/com.st.stm32cube.ide.mcu.externaltools.gnu-tools-for-stm32.11.3.rel1.win32_1.1.100.202309141235/tools/bin/../lib/gcc/arm-none-eabi/11.3.1/thumb/v8-m.main+fp/hard/crtbegin.o
 .text          0x000000000800028c       0x30 C:/ST/STM32CubeIDE_1.13.0/STM32CubeIDE/plugins/com.st.stm32cube.ide.mcu.externaltools.gnu-tools-for-stm32.11.3.rel1.win32_1.1.100.202309141235/tools/bin/../lib/gcc/arm-none-eabi/11.3.1/thumb/v8-m.main+fp/hard\libgcc.a(_aeabi_uldivmod.o)
                0x000000000800028c                __aeabi_uldivmod
 .text          0x00000000080002bc      0x2ec C:/ST/STM32CubeIDE_1.13.0/STM32CubeIDE/plugins/com.st.stm32cube.ide.mcu.externaltools.gnu-tools-for-stm32.11.3.rel1.win32_1.1.100.202309141235/tools/bin/../lib/gcc/arm-none-eabi/11.3.1/thumb/v8-m.main+fp/hard\libgcc.a(_udivmoddi4.o)
                0x00000000080002bc                __udivmoddi4
 .text          0x00000000080005a8        0x4 C:/ST/STM32CubeIDE_1.13.0/STM32CubeIDE/plugins/com.st.stm32cube.ide.mcu.externaltools.gnu-tools-for-stm32.11.3.rel1.win32_1.1.100.202309141235/tools/bin/../lib/gcc/arm-none-eabi/11.3.1/thumb/v8-m.main+fp/hard\libgcc.a(_dvmd_tls.o)
                0x00000000080005a8                __aeabi_idiv0
                0x00000000080005a8                __aeabi_ldiv0
 *(.text*)
 .text.LL_I3C_ClearFlag_FC
                0x00000000080005ac       0x1c ./Application/User/Core/main.o
 .text.LL_I3C_ClearFlag_ERR
                0x00000000080005c8       0x1c ./Application/User/Core/main.o
 .text.I3C_SETAASA
                0x00000000080005e4       0x98 ./Application/User/Core/main.o
                0x00000000080005e4                I3C_SETAASA
 .text.I3C_RSTDAA
                0x000000000800067c       0x98 ./Application/User/Core/main.o
                0x000000000800067c                I3C_RSTDAA
 .text.I3C_LL_I2C_PrivateReadReg
                0x0000000008000714      0x130 ./Application/User/Core/main.o
                0x0000000008000714                I3C_LL_I2C_PrivateReadReg
 .text.I3C_LL_PrivateReadReg
                0x0000000008000844      0x1f4 ./Application/User/Core/main.o
                0x0000000008000844                I3C_LL_PrivateReadReg
 .text.I3C_DBG  0x0000000008000a38       0xe4 ./Application/User/Core/main.o
 .text.main     0x0000000008000b1c       0xf8 ./Application/User/Core/main.o
                0x0000000008000b1c                main
 .text.SystemClock_Config
                0x0000000008000c14       0xd8 ./Application/User/Core/main.o
                0x0000000008000c14                SystemClock_Config
 .text.MX_I2C1_Init
                0x0000000008000cec       0x80 ./Application/User/Core/main.o
 .text.MX_I3C1_Init
                0x0000000008000d6c       0xe4 ./Application/User/Core/main.o
 .text.MX_ICACHE_Init
                0x0000000008000e50       0x16 ./Application/User/Core/main.o
 .text.MX_MEMORYMAP_Init
                0x0000000008000e66        0xe ./Application/User/Core/main.o
 .text.MX_USART3_UART_Init
                0x0000000008000e74       0xa4 ./Application/User/Core/main.o
 .text.MX_GPIO_Init
                0x0000000008000f18      0x2ac ./Application/User/Core/main.o
 .text.Error_Handler
                0x00000000080011c4        0xa ./Application/User/Core/main.o
                0x00000000080011c4                Error_Handler
 .text.HAL_MspInit
                0x00000000080011ce        0xe ./Application/User/Core/stm32h5xx_hal_msp.o
                0x00000000080011ce                HAL_MspInit
 .text.HAL_I2C_MspInit
                0x00000000080011dc      0x11c ./Application/User/Core/stm32h5xx_hal_msp.o
                0x00000000080011dc                HAL_I2C_MspInit
 .text.HAL_I3C_MspInit
                0x00000000080012f8      0x19c ./Application/User/Core/stm32h5xx_hal_msp.o
                0x00000000080012f8                HAL_I3C_MspInit
 .text.HAL_UART_MspInit
                0x0000000008001494      0x11c ./Application/User/Core/stm32h5xx_hal_msp.o
                0x0000000008001494                HAL_UART_MspInit
 .text.NMI_Handler
                0x00000000080015b0        0x6 ./Application/User/Core/stm32h5xx_it.o
                0x00000000080015b0                NMI_Handler
 .text.HardFault_Handler
                0x00000000080015b6        0x6 ./Application/User/Core/stm32h5xx_it.o
                0x00000000080015b6                HardFault_Handler
 .text.MemManage_Handler
                0x00000000080015bc        0x6 ./Application/User/Core/stm32h5xx_it.o
                0x00000000080015bc                MemManage_Handler
 .text.BusFault_Handler
                0x00000000080015c2        0x6 ./Application/User/Core/stm32h5xx_it.o
                0x00000000080015c2                BusFault_Handler
 .text.UsageFault_Handler
                0x00000000080015c8        0x6 ./Application/User/Core/stm32h5xx_it.o
                0x00000000080015c8                UsageFault_Handler
 .text.SVC_Handler
                0x00000000080015ce        0xe ./Application/User/Core/stm32h5xx_it.o
                0x00000000080015ce                SVC_Handler
 .text.DebugMon_Handler
                0x00000000080015dc        0xe ./Application/User/Core/stm32h5xx_it.o
                0x00000000080015dc                DebugMon_Handler
 .text.PendSV_Handler
                0x00000000080015ea        0xe ./Application/User/Core/stm32h5xx_it.o
                0x00000000080015ea                PendSV_Handler
 .text.SysTick_Handler
                0x00000000080015f8        0xc ./Application/User/Core/stm32h5xx_it.o
                0x00000000080015f8                SysTick_Handler
 .text.Reset_Handler
                0x0000000008001604       0x50 ./Application/User/Startup/startup_stm32h563zitx.o
                0x0000000008001604                Reset_Handler
 .text.Default_Handler
                0x0000000008001654        0x2 ./Application/User/Startup/startup_stm32h563zitx.o
                0x0000000008001654                EXTI2_IRQHandler
                0x0000000008001654                TIM8_TRG_COM_IRQHandler
                0x0000000008001654                TIM8_CC_IRQHandler
                0x0000000008001654                EXTI5_IRQHandler
                0x0000000008001654                I3C1_ER_IRQHandler
                0x0000000008001654                UART8_IRQHandler
                0x0000000008001654                SPI4_IRQHandler
                0x0000000008001654                GPDMA2_Channel1_IRQHandler
                0x0000000008001654                FLASH_S_IRQHandler
                0x0000000008001654                EXTI13_IRQHandler
                0x0000000008001654                TIM1_CC_IRQHandler
                0x0000000008001654                GPDMA2_Channel3_IRQHandler
                0x0000000008001654                TAMP_IRQHandler
                0x0000000008001654                TIM6_IRQHandler
                0x0000000008001654                EXTI12_IRQHandler
                0x0000000008001654                CORDIC_IRQHandler
                0x0000000008001654                USB_DRD_FS_IRQHandler
                0x0000000008001654                EXTI3_IRQHandler
                0x0000000008001654                LPTIM4_IRQHandler
                0x0000000008001654                GPDMA1_Channel5_IRQHandler
                0x0000000008001654                EXTI8_IRQHandler
                0x0000000008001654                GPDMA2_Channel5_IRQHandler
                0x0000000008001654                LPTIM2_IRQHandler
                0x0000000008001654                I2C3_ER_IRQHandler
                0x0000000008001654                GPDMA2_Channel2_IRQHandler
                0x0000000008001654                USART10_IRQHandler
                0x0000000008001654                LPTIM3_IRQHandler
                0x0000000008001654                EXTI0_IRQHandler
                0x0000000008001654                I2C2_EV_IRQHandler
                0x0000000008001654                FPU_IRQHandler
                0x0000000008001654                GPDMA1_Channel3_IRQHandler
                0x0000000008001654                GPDMA1_Channel7_IRQHandler
                0x0000000008001654                FDCAN1_IT1_IRQHandler
                0x0000000008001654                RAMCFG_IRQHandler
                0x0000000008001654                DCACHE1_IRQHandler
                0x0000000008001654                SPI1_IRQHandler
                0x0000000008001654                OCTOSPI1_IRQHandler
                0x0000000008001654                GPDMA1_Channel2_IRQHandler
                0x0000000008001654                TIM8_UP_IRQHandler
                0x0000000008001654                RCC_S_IRQHandler
                0x0000000008001654                SAI2_IRQHandler
                0x0000000008001654                ADC1_IRQHandler
                0x0000000008001654                USART6_IRQHandler
                0x0000000008001654                EXTI15_IRQHandler
                0x0000000008001654                TIM17_IRQHandler
                0x0000000008001654                USART3_IRQHandler
                0x0000000008001654                RTC_IRQHandler
                0x0000000008001654                EXTI9_IRQHandler
                0x0000000008001654                LPTIM5_IRQHandler
                0x0000000008001654                UART5_IRQHandler
                0x0000000008001654                TIM4_IRQHandler
                0x0000000008001654                I2C1_EV_IRQHandler
                0x0000000008001654                GPDMA1_Channel1_IRQHandler
                0x0000000008001654                TIM16_IRQHandler
                0x0000000008001654                UART4_IRQHandler
                0x0000000008001654                SecureFault_Handler
                0x0000000008001654                TIM3_IRQHandler
                0x0000000008001654                RCC_IRQHandler
                0x0000000008001654                UART9_IRQHandler
                0x0000000008001654                TIM1_TRG_COM_IRQHandler
                0x0000000008001654                Default_Handler
                0x0000000008001654                FMAC_IRQHandler
                0x0000000008001654                CEC_IRQHandler
                0x0000000008001654                USART11_IRQHandler
                0x0000000008001654                TIM14_IRQHandler
                0x0000000008001654                TIM13_IRQHandler
                0x0000000008001654                GPDMA2_Channel4_IRQHandler
                0x0000000008001654                SPI5_IRQHandler
                0x0000000008001654                TIM12_IRQHandler
                0x0000000008001654                TIM7_IRQHandler
                0x0000000008001654                SDMMC1_IRQHandler
                0x0000000008001654                TIM5_IRQHandler
                0x0000000008001654                UCPD1_IRQHandler
                0x0000000008001654                GPDMA1_Channel0_IRQHandler
                0x0000000008001654                I3C1_EV_IRQHandler
                0x0000000008001654                TIM15_IRQHandler
                0x0000000008001654                PVD_AVD_IRQHandler
                0x0000000008001654                I2C3_EV_IRQHandler
                0x0000000008001654                ETH_WKUP_IRQHandler
                0x0000000008001654                ADC2_IRQHandler
                0x0000000008001654                SPI2_IRQHandler
                0x0000000008001654                EXTI14_IRQHandler
                0x0000000008001654                EXTI11_IRQHandler
                0x0000000008001654                CRS_IRQHandler
                0x0000000008001654                EXTI4_IRQHandler
                0x0000000008001654                GPDMA2_Channel0_IRQHandler
                0x0000000008001654                RTC_S_IRQHandler
                0x0000000008001654                RNG_IRQHandler
                0x0000000008001654                FDCAN2_IT1_IRQHandler
                0x0000000008001654                ETH_IRQHandler
                0x0000000008001654                GPDMA2_Channel6_IRQHandler
                0x0000000008001654                TIM1_UP_IRQHandler
                0x0000000008001654                UART12_IRQHandler
                0x0000000008001654                WWDG_IRQHandler
                0x0000000008001654                SPI6_IRQHandler
                0x0000000008001654                I2C4_EV_IRQHandler
                0x0000000008001654                FDCAN2_IT0_IRQHandler
                0x0000000008001654                IWDG_IRQHandler
                0x0000000008001654                LPUART1_IRQHandler
                0x0000000008001654                FDCAN1_IT0_IRQHandler
                0x0000000008001654                TIM2_IRQHandler
                0x0000000008001654                GPDMA1_Channel4_IRQHandler
                0x0000000008001654                EXTI7_IRQHandler
                0x0000000008001654                TIM1_BRK_IRQHandler
                0x0000000008001654                EXTI1_IRQHandler
                0x0000000008001654                SDMMC2_IRQHandler
                0x0000000008001654                LPTIM6_IRQHandler
                0x0000000008001654                DAC1_IRQHandler
                0x0000000008001654                DTS_IRQHandler
                0x0000000008001654                UART7_IRQHandler
                0x0000000008001654                GTZC_IRQHandler
                0x0000000008001654                USART2_IRQHandler
                0x0000000008001654                GPDMA1_Channel6_IRQHandler
                0x0000000008001654                GPDMA2_Channel7_IRQHandler
                0x0000000008001654                I2C2_ER_IRQHandler
                0x0000000008001654                TIM8_BRK_IRQHandler
                0x0000000008001654                FLASH_IRQHandler
                0x0000000008001654                USART1_IRQHandler
                0x0000000008001654                EXTI10_IRQHandler
                0x0000000008001654                SPI3_IRQHandler
                0x0000000008001654                I2C1_ER_IRQHandler
                0x0000000008001654                FMC_IRQHandler
                0x0000000008001654                EXTI6_IRQHandler
                0x0000000008001654                LPTIM1_IRQHandler
                0x0000000008001654                DCMI_PSSI_IRQHandler
                0x0000000008001654                I2C4_ER_IRQHandler
                0x0000000008001654                ICACHE_IRQHandler
                0x0000000008001654                SAI1_IRQHandler
                0x0000000008001654                HASH_IRQHandler
 *fill*         0x0000000008001656        0x2 
 .text.SystemInit
                0x0000000008001658       0xf8 ./Drivers/CMSIS/system_stm32h5xx.o
                0x0000000008001658                SystemInit
 .text.HAL_Init
                0x0000000008001750       0x4c ./Drivers/STM32H5xx_HAL_Driver/stm32h5xx_hal.o
                0x0000000008001750                HAL_Init
 .text.HAL_InitTick
                0x000000000800179c       0x6c ./Drivers/STM32H5xx_HAL_Driver/stm32h5xx_hal.o
                0x000000000800179c                HAL_InitTick
 .text.HAL_IncTick
                0x0000000008001808       0x28 ./Drivers/STM32H5xx_HAL_Driver/stm32h5xx_hal.o
                0x0000000008001808                HAL_IncTick
 .text.HAL_GetTick
                0x0000000008001830       0x18 ./Drivers/STM32H5xx_HAL_Driver/stm32h5xx_hal.o
                0x0000000008001830                HAL_GetTick
 .text.HAL_Delay
                0x0000000008001848       0x48 ./Drivers/STM32H5xx_HAL_Driver/stm32h5xx_hal.o
                0x0000000008001848                HAL_Delay
 .text.__NVIC_SetPriorityGrouping
                0x0000000008001890       0x48 ./Drivers/STM32H5xx_HAL_Driver/stm32h5xx_hal_cortex.o
 .text.__NVIC_GetPriorityGrouping
                0x00000000080018d8       0x1c ./Drivers/STM32H5xx_HAL_Driver/stm32h5xx_hal_cortex.o
 .text.__NVIC_SetPriority
                0x00000000080018f4       0x54 ./Drivers/STM32H5xx_HAL_Driver/stm32h5xx_hal_cortex.o
 .text.NVIC_EncodePriority
                0x0000000008001948       0x66 ./Drivers/STM32H5xx_HAL_Driver/stm32h5xx_hal_cortex.o
 *fill*         0x00000000080019ae        0x2 
 .text.SysTick_Config
                0x00000000080019b0       0x44 ./Drivers/STM32H5xx_HAL_Driver/stm32h5xx_hal_cortex.o
 .text.HAL_NVIC_SetPriorityGrouping
                0x00000000080019f4       0x16 ./Drivers/STM32H5xx_HAL_Driver/stm32h5xx_hal_cortex.o
                0x00000000080019f4                HAL_NVIC_SetPriorityGrouping
 .text.HAL_NVIC_SetPriority
                0x0000000008001a0a       0x34 ./Drivers/STM32H5xx_HAL_Driver/stm32h5xx_hal_cortex.o
                0x0000000008001a0a                HAL_NVIC_SetPriority
 .text.HAL_SYSTICK_Config
                0x0000000008001a3e       0x18 ./Drivers/STM32H5xx_HAL_Driver/stm32h5xx_hal_cortex.o
                0x0000000008001a3e                HAL_SYSTICK_Config
 *fill*         0x0000000008001a56        0x2 
 .text.HAL_GPIO_Init
                0x0000000008001a58      0x2a4 ./Drivers/STM32H5xx_HAL_Driver/stm32h5xx_hal_gpio.o
                0x0000000008001a58                HAL_GPIO_Init
 .text.HAL_GPIO_WritePin
                0x0000000008001cfc       0x30 ./Drivers/STM32H5xx_HAL_Driver/stm32h5xx_hal_gpio.o
                0x0000000008001cfc                HAL_GPIO_WritePin
 .text.HAL_I2C_Init
                0x0000000008001d2c      0x136 ./Drivers/STM32H5xx_HAL_Driver/stm32h5xx_hal_i2c.o
                0x0000000008001d2c                HAL_I2C_Init
 .text.HAL_I2CEx_ConfigAnalogFilter
                0x0000000008001e62       0x96 ./Drivers/STM32H5xx_HAL_Driver/stm32h5xx_hal_i2c_ex.o
                0x0000000008001e62                HAL_I2CEx_ConfigAnalogFilter
 .text.HAL_I2CEx_ConfigDigitalFilter
                0x0000000008001ef8       0x98 ./Drivers/STM32H5xx_HAL_Driver/stm32h5xx_hal_i2c_ex.o
                0x0000000008001ef8                HAL_I2CEx_ConfigDigitalFilter
 .text.LL_I3C_Enable
                0x0000000008001f90       0x20 ./Drivers/STM32H5xx_HAL_Driver/stm32h5xx_hal_i3c.o
 .text.LL_I3C_Disable
                0x0000000008001fb0       0x20 ./Drivers/STM32H5xx_HAL_Driver/stm32h5xx_hal_i3c.o
 .text.LL_I3C_SetMode
                0x0000000008001fd0       0x26 ./Drivers/STM32H5xx_HAL_Driver/stm32h5xx_hal_i3c.o
 .text.LL_I3C_EnableArbitrationHeader
                0x0000000008001ff6       0x20 ./Drivers/STM32H5xx_HAL_Driver/stm32h5xx_hal_i3c.o
 .text.LL_I3C_DisableArbitrationHeader
                0x0000000008002016       0x20 ./Drivers/STM32H5xx_HAL_Driver/stm32h5xx_hal_i3c.o
 .text.LL_I3C_GetTxFIFOThreshold
                0x0000000008002036       0x1c ./Drivers/STM32H5xx_HAL_Driver/stm32h5xx_hal_i3c.o
 .text.LL_I3C_IsEnabledControlFIFO
                0x0000000008002052       0x28 ./Drivers/STM32H5xx_HAL_Driver/stm32h5xx_hal_i3c.o
 .text.LL_I3C_EnableOwnDynAddress
                0x000000000800207a       0x20 ./Drivers/STM32H5xx_HAL_Driver/stm32h5xx_hal_i3c.o
 .text.LL_I3C_SetOwnDynamicAddress
                0x000000000800209a       0x28 ./Drivers/STM32H5xx_HAL_Driver/stm32h5xx_hal_i3c.o
 .text.LL_I3C_ConfigClockWaveForm
                0x00000000080020c2       0x1e ./Drivers/STM32H5xx_HAL_Driver/stm32h5xx_hal_i3c.o
 .text.LL_I3C_SetAvalTiming
                0x00000000080020e0       0x2a ./Drivers/STM32H5xx_HAL_Driver/stm32h5xx_hal_i3c.o
 .text.LL_I3C_SetCtrlBusCharacteristic
                0x000000000800210a       0x1e ./Drivers/STM32H5xx_HAL_Driver/stm32h5xx_hal_i3c.o
 .text.LL_I3C_RequestTransfer
                0x0000000008002128       0x20 ./Drivers/STM32H5xx_HAL_Driver/stm32h5xx_hal_i3c.o
 .text.LL_I3C_TransmitData8
                0x0000000008002148       0x1e ./Drivers/STM32H5xx_HAL_Driver/stm32h5xx_hal_i3c.o
 .text.LL_I3C_TransmitData32
                0x0000000008002166       0x1c ./Drivers/STM32H5xx_HAL_Driver/stm32h5xx_hal_i3c.o
 .text.LL_I3C_GetMessageErrorCode
                0x0000000008002182       0x1c ./Drivers/STM32H5xx_HAL_Driver/stm32h5xx_hal_i3c.o
 .text.LL_I3C_IsActiveFlag_PERR
                0x000000000800219e       0x26 ./Drivers/STM32H5xx_HAL_Driver/stm32h5xx_hal_i3c.o
 .text.LL_I3C_IsActiveFlag_STALL
                0x00000000080021c4       0x26 ./Drivers/STM32H5xx_HAL_Driver/stm32h5xx_hal_i3c.o
 .text.LL_I3C_IsActiveFlag_DOVR
                0x00000000080021ea       0x26 ./Drivers/STM32H5xx_HAL_Driver/stm32h5xx_hal_i3c.o
 .text.LL_I3C_IsActiveFlag_COVR
                0x0000000008002210       0x26 ./Drivers/STM32H5xx_HAL_Driver/stm32h5xx_hal_i3c.o
 .text.LL_I3C_IsActiveFlag_ANACK
                0x0000000008002236       0x28 ./Drivers/STM32H5xx_HAL_Driver/stm32h5xx_hal_i3c.o
 .text.LL_I3C_IsActiveFlag_DNACK
                0x000000000800225e       0x28 ./Drivers/STM32H5xx_HAL_Driver/stm32h5xx_hal_i3c.o
 .text.LL_I3C_IsActiveFlag_DERR
                0x0000000008002286       0x28 ./Drivers/STM32H5xx_HAL_Driver/stm32h5xx_hal_i3c.o
 .text.LL_I3C_ClearFlag_FC
                0x00000000080022ae       0x1c ./Drivers/STM32H5xx_HAL_Driver/stm32h5xx_hal_i3c.o
 .text.LL_I3C_ClearFlag_ERR
                0x00000000080022ca       0x1c ./Drivers/STM32H5xx_HAL_Driver/stm32h5xx_hal_i3c.o
 .text.LL_I3C_ClearFlag_IBI
                0x00000000080022e6       0x1c ./Drivers/STM32H5xx_HAL_Driver/stm32h5xx_hal_i3c.o
 .text.LL_I3C_ClearFlag_CR
                0x0000000008002302       0x1c ./Drivers/STM32H5xx_HAL_Driver/stm32h5xx_hal_i3c.o
 .text.LL_I3C_ClearFlag_CRUPD
                0x000000000800231e       0x1c ./Drivers/STM32H5xx_HAL_Driver/stm32h5xx_hal_i3c.o
 .text.LL_I3C_ClearFlag_HJ
                0x000000000800233a       0x1c ./Drivers/STM32H5xx_HAL_Driver/stm32h5xx_hal_i3c.o
 .text.LL_I3C_ClearFlag_WKP
                0x0000000008002356       0x1c ./Drivers/STM32H5xx_HAL_Driver/stm32h5xx_hal_i3c.o
 .text.LL_I3C_ClearFlag_GET
                0x0000000008002372       0x1c ./Drivers/STM32H5xx_HAL_Driver/stm32h5xx_hal_i3c.o
 .text.LL_I3C_ClearFlag_STA
                0x000000000800238e       0x1c ./Drivers/STM32H5xx_HAL_Driver/stm32h5xx_hal_i3c.o
 .text.LL_I3C_ClearFlag_DAUPD
                0x00000000080023aa       0x1c ./Drivers/STM32H5xx_HAL_Driver/stm32h5xx_hal_i3c.o
 .text.LL_I3C_ClearFlag_MWLUPD
                0x00000000080023c6       0x1c ./Drivers/STM32H5xx_HAL_Driver/stm32h5xx_hal_i3c.o
 .text.LL_I3C_ClearFlag_MRLUPD
                0x00000000080023e2       0x1c ./Drivers/STM32H5xx_HAL_Driver/stm32h5xx_hal_i3c.o
 .text.LL_I3C_ClearFlag_RST
                0x00000000080023fe       0x1c ./Drivers/STM32H5xx_HAL_Driver/stm32h5xx_hal_i3c.o
 .text.LL_I3C_ClearFlag_ASUPD
                0x000000000800241a       0x1c ./Drivers/STM32H5xx_HAL_Driver/stm32h5xx_hal_i3c.o
 .text.LL_I3C_ClearFlag_INTUPD
                0x0000000008002436       0x1c ./Drivers/STM32H5xx_HAL_Driver/stm32h5xx_hal_i3c.o
 .text.LL_I3C_ClearFlag_DEF
                0x0000000008002452       0x1c ./Drivers/STM32H5xx_HAL_Driver/stm32h5xx_hal_i3c.o
 .text.LL_I3C_ClearFlag_GRP
                0x000000000800246e       0x1c ./Drivers/STM32H5xx_HAL_Driver/stm32h5xx_hal_i3c.o
 .text.HAL_I3C_Init
                0x000000000800248a       0xea ./Drivers/STM32H5xx_HAL_Driver/stm32h5xx_hal_i3c.o
                0x000000000800248a                HAL_I3C_Init
 .text.HAL_I3C_NotifyCallback
                0x0000000008002574       0x16 ./Drivers/STM32H5xx_HAL_Driver/stm32h5xx_hal_i3c.o
                0x0000000008002574                HAL_I3C_NotifyCallback
 .text.HAL_I3C_SetConfigFifo
                0x000000000800258a       0xa0 ./Drivers/STM32H5xx_HAL_Driver/stm32h5xx_hal_i3c.o
                0x000000000800258a                HAL_I3C_SetConfigFifo
 .text.HAL_I3C_Ctrl_Config
                0x000000000800262a       0xdc ./Drivers/STM32H5xx_HAL_Driver/stm32h5xx_hal_i3c.o
                0x000000000800262a                HAL_I3C_Ctrl_Config
 *fill*         0x0000000008002706        0x2 
 .text.HAL_I3C_AddDescToFrame
                0x0000000008002708      0x120 ./Drivers/STM32H5xx_HAL_Driver/stm32h5xx_hal_i3c.o
                0x0000000008002708                HAL_I3C_AddDescToFrame
 .text.HAL_I3C_Ctrl_TransmitCCC
                0x0000000008002828      0x1d4 ./Drivers/STM32H5xx_HAL_Driver/stm32h5xx_hal_i3c.o
                0x0000000008002828                HAL_I3C_Ctrl_TransmitCCC
 .text.I3C_Tgt_Event_ISR
                0x00000000080029fc      0x20a ./Drivers/STM32H5xx_HAL_Driver/stm32h5xx_hal_i3c.o
 .text.I3C_Ctrl_Event_ISR
                0x0000000008002c06       0x94 ./Drivers/STM32H5xx_HAL_Driver/stm32h5xx_hal_i3c.o
 .text.I3C_TransmitByteTreatment
                0x0000000008002c9a       0x50 ./Drivers/STM32H5xx_HAL_Driver/stm32h5xx_hal_i3c.o
 .text.I3C_TransmitWordTreatment
                0x0000000008002cea       0x5e ./Drivers/STM32H5xx_HAL_Driver/stm32h5xx_hal_i3c.o
 .text.I3C_ControlDataTreatment
                0x0000000008002d48       0x44 ./Drivers/STM32H5xx_HAL_Driver/stm32h5xx_hal_i3c.o
 .text.I3C_StateUpdate
                0x0000000008002d8c       0x58 ./Drivers/STM32H5xx_HAL_Driver/stm32h5xx_hal_i3c.o
 .text.I3C_GetErrorSources
                0x0000000008002de4       0xfa ./Drivers/STM32H5xx_HAL_Driver/stm32h5xx_hal_i3c.o
 .text.I3C_Xfer_PriorPreparation
                0x0000000008002ede      0x2ea ./Drivers/STM32H5xx_HAL_Driver/stm32h5xx_hal_i3c.o
 .text.I3C_FillTxBuffer_CCC
                0x00000000080031c8       0x58 ./Drivers/STM32H5xx_HAL_Driver/stm32h5xx_hal_i3c.o
 .text.I3C_FillTxBuffer_Private
                0x0000000008003220       0x5e ./Drivers/STM32H5xx_HAL_Driver/stm32h5xx_hal_i3c.o
 .text.I3C_ControlBuffer_PriorPreparation
                0x000000000800327e      0x394 ./Drivers/STM32H5xx_HAL_Driver/stm32h5xx_hal_i3c.o
 *fill*         0x0000000008003612        0x2 
 .text.HAL_ICACHE_Enable
                0x0000000008003614       0x20 ./Drivers/STM32H5xx_HAL_Driver/stm32h5xx_hal_icache.o
                0x0000000008003614                HAL_ICACHE_Enable
 .text.HAL_RCC_OscConfig
                0x0000000008003634      0x870 ./Drivers/STM32H5xx_HAL_Driver/stm32h5xx_hal_rcc.o
                0x0000000008003634                HAL_RCC_OscConfig
 .text.HAL_RCC_ClockConfig
                0x0000000008003ea4      0x370 ./Drivers/STM32H5xx_HAL_Driver/stm32h5xx_hal_rcc.o
                0x0000000008003ea4                HAL_RCC_ClockConfig
 .text.HAL_RCC_GetSysClockFreq
                0x0000000008004214      0x258 ./Drivers/STM32H5xx_HAL_Driver/stm32h5xx_hal_rcc.o
                0x0000000008004214                HAL_RCC_GetSysClockFreq
 .text.HAL_RCC_GetHCLKFreq
                0x000000000800446c       0x38 ./Drivers/STM32H5xx_HAL_Driver/stm32h5xx_hal_rcc.o
                0x000000000800446c                HAL_RCC_GetHCLKFreq
 .text.HAL_RCC_GetPCLK1Freq
                0x00000000080044a4       0x2c ./Drivers/STM32H5xx_HAL_Driver/stm32h5xx_hal_rcc.o
                0x00000000080044a4                HAL_RCC_GetPCLK1Freq
 .text.HAL_RCC_GetPCLK2Freq
                0x00000000080044d0       0x2c ./Drivers/STM32H5xx_HAL_Driver/stm32h5xx_hal_rcc.o
                0x00000000080044d0                HAL_RCC_GetPCLK2Freq
 .text.HAL_RCC_GetPCLK3Freq
                0x00000000080044fc       0x2c ./Drivers/STM32H5xx_HAL_Driver/stm32h5xx_hal_rcc.o
                0x00000000080044fc                HAL_RCC_GetPCLK3Freq
 .text.HAL_RCCEx_PeriphCLKConfig
                0x0000000008004528     0x1f14 ./Drivers/STM32H5xx_HAL_Driver/stm32h5xx_hal_rcc_ex.o
                0x0000000008004528                HAL_RCCEx_PeriphCLKConfig
 .text.HAL_RCCEx_GetPLL1ClockFreq
                0x000000000800643c      0x2d4 ./Drivers/STM32H5xx_HAL_Driver/stm32h5xx_hal_rcc_ex.o
                0x000000000800643c                HAL_RCCEx_GetPLL1ClockFreq
 .text.HAL_RCCEx_GetPLL2ClockFreq
                0x0000000008006710      0x2d4 ./Drivers/STM32H5xx_HAL_Driver/stm32h5xx_hal_rcc_ex.o
                0x0000000008006710                HAL_RCCEx_GetPLL2ClockFreq
 .text.HAL_RCCEx_GetPLL3ClockFreq
                0x00000000080069e4      0x2d4 ./Drivers/STM32H5xx_HAL_Driver/stm32h5xx_hal_rcc_ex.o
                0x00000000080069e4                HAL_RCCEx_GetPLL3ClockFreq
 .text.HAL_RCCEx_GetPeriphCLKFreq
                0x0000000008006cb8     0x26b4 ./Drivers/STM32H5xx_HAL_Driver/stm32h5xx_hal_rcc_ex.o
                0x0000000008006cb8                HAL_RCCEx_GetPeriphCLKFreq
 .text.RCCEx_PLL2_Config
                0x000000000800936c      0x130 ./Drivers/STM32H5xx_HAL_Driver/stm32h5xx_hal_rcc_ex.o
 .text.RCCEx_PLL3_Config
                0x000000000800949c      0x130 ./Drivers/STM32H5xx_HAL_Driver/stm32h5xx_hal_rcc_ex.o
 .text.HAL_UART_Init
                0x00000000080095cc       0xa0 ./Drivers/STM32H5xx_HAL_Driver/stm32h5xx_hal_uart.o
                0x00000000080095cc                HAL_UART_Init
 .text.UART_SetConfig
                0x000000000800966c      0x3dc ./Drivers/STM32H5xx_HAL_Driver/stm32h5xx_hal_uart.o
                0x000000000800966c                UART_SetConfig
 .text.UART_AdvFeatureConfig
                0x0000000008009a48      0x144 ./Drivers/STM32H5xx_HAL_Driver/stm32h5xx_hal_uart.o
                0x0000000008009a48                UART_AdvFeatureConfig
 .text.UART_CheckIdleState
                0x0000000008009b8c      0x154 ./Drivers/STM32H5xx_HAL_Driver/stm32h5xx_hal_uart.o
                0x0000000008009b8c                UART_CheckIdleState
 .text.UART_WaitOnFlagUntilTimeout
                0x0000000008009ce0       0xce ./Drivers/STM32H5xx_HAL_Driver/stm32h5xx_hal_uart.o
                0x0000000008009ce0                UART_WaitOnFlagUntilTimeout
 .text.UART_EndRxTransfer
                0x0000000008009dae       0xcc ./Drivers/STM32H5xx_HAL_Driver/stm32h5xx_hal_uart.o
 .text.HAL_UARTEx_DisableFifoMode
                0x0000000008009e7a       0x72 ./Drivers/STM32H5xx_HAL_Driver/stm32h5xx_hal_uart_ex.o
                0x0000000008009e7a                HAL_UARTEx_DisableFifoMode
 .text.HAL_UARTEx_SetTxFifoThreshold
                0x0000000008009eec       0x7c ./Drivers/STM32H5xx_HAL_Driver/stm32h5xx_hal_uart_ex.o
                0x0000000008009eec                HAL_UARTEx_SetTxFifoThreshold
 .text.HAL_UARTEx_SetRxFifoThreshold
                0x0000000008009f68       0x7c ./Drivers/STM32H5xx_HAL_Driver/stm32h5xx_hal_uart_ex.o
                0x0000000008009f68                HAL_UARTEx_SetRxFifoThreshold
 .text.UARTEx_SetNbDataToProcess
                0x0000000008009fe4       0x9c ./Drivers/STM32H5xx_HAL_Driver/stm32h5xx_hal_uart_ex.o
 .text.memset   0x000000000800a080       0x10 C:/ST/STM32CubeIDE_1.13.0/STM32CubeIDE/plugins/com.st.stm32cube.ide.mcu.externaltools.gnu-tools-for-stm32.11.3.rel1.win32_1.1.100.202309141235/tools/bin/../lib/gcc/arm-none-eabi/11.3.1/../../../../arm-none-eabi/lib/thumb/v8-m.main+fp/hard\libc_nano.a(libc_a-memset.o)
                0x000000000800a080                memset
 .text.__libc_init_array
                0x000000000800a090       0x48 C:/ST/STM32CubeIDE_1.13.0/STM32CubeIDE/plugins/com.st.stm32cube.ide.mcu.externaltools.gnu-tools-for-stm32.11.3.rel1.win32_1.1.100.202309141235/tools/bin/../lib/gcc/arm-none-eabi/11.3.1/../../../../arm-none-eabi/lib/thumb/v8-m.main+fp/hard\libc_nano.a(libc_a-init.o)
                0x000000000800a090                __libc_init_array
 *(.glue_7)
 .glue_7        0x000000000800a0d8        0x0 linker stubs
 *(.glue_7t)
 .glue_7t       0x000000000800a0d8        0x0 linker stubs
 *(.eh_frame)
 .eh_frame      0x000000000800a0d8        0x0 C:/ST/STM32CubeIDE_1.13.0/STM32CubeIDE/plugins/com.st.stm32cube.ide.mcu.externaltools.gnu-tools-for-stm32.11.3.rel1.win32_1.1.100.202309141235/tools/bin/../lib/gcc/arm-none-eabi/11.3.1/thumb/v8-m.main+fp/hard/crtbegin.o
 *(.init)
 .init          0x000000000800a0d8        0x4 C:/ST/STM32CubeIDE_1.13.0/STM32CubeIDE/plugins/com.st.stm32cube.ide.mcu.externaltools.gnu-tools-for-stm32.11.3.rel1.win32_1.1.100.202309141235/tools/bin/../lib/gcc/arm-none-eabi/11.3.1/thumb/v8-m.main+fp/hard/crti.o
                0x000000000800a0d8                _init
 .init          0x000000000800a0dc        0x8 C:/ST/STM32CubeIDE_1.13.0/STM32CubeIDE/plugins/com.st.stm32cube.ide.mcu.externaltools.gnu-tools-for-stm32.11.3.rel1.win32_1.1.100.202309141235/tools/bin/../lib/gcc/arm-none-eabi/11.3.1/thumb/v8-m.main+fp/hard/crtn.o
 *(.fini)
 .fini          0x000000000800a0e4        0x4 C:/ST/STM32CubeIDE_1.13.0/STM32CubeIDE/plugins/com.st.stm32cube.ide.mcu.externaltools.gnu-tools-for-stm32.11.3.rel1.win32_1.1.100.202309141235/tools/bin/../lib/gcc/arm-none-eabi/11.3.1/thumb/v8-m.main+fp/hard/crti.o
                0x000000000800a0e4                _fini
 .fini          0x000000000800a0e8        0x8 C:/ST/STM32CubeIDE_1.13.0/STM32CubeIDE/plugins/com.st.stm32cube.ide.mcu.externaltools.gnu-tools-for-stm32.11.3.rel1.win32_1.1.100.202309141235/tools/bin/../lib/gcc/arm-none-eabi/11.3.1/thumb/v8-m.main+fp/hard/crtn.o
                0x000000000800a0f0                . = ALIGN (0x4)
                0x000000000800a0f0                _etext = .

.vfp11_veneer   0x000000000800a0f0        0x0
 .vfp11_veneer  0x000000000800a0f0        0x0 linker stubs

.v4_bx          0x000000000800a0f0        0x0
 .v4_bx         0x000000000800a0f0        0x0 linker stubs

.iplt           0x000000000800a0f0        0x0
 .iplt          0x000000000800a0f0        0x0 C:/ST/STM32CubeIDE_1.13.0/STM32CubeIDE/plugins/com.st.stm32cube.ide.mcu.externaltools.gnu-tools-for-stm32.11.3.rel1.win32_1.1.100.202309141235/tools/bin/../lib/gcc/arm-none-eabi/11.3.1/thumb/v8-m.main+fp/hard/crtbegin.o

.rodata         0x000000000800a0f0       0x40
                0x000000000800a0f0                . = ALIGN (0x4)
 *(.rodata)
 *(.rodata*)
 .rodata.AHBPrescTable
                0x000000000800a0f0       0x10 ./Drivers/CMSIS/system_stm32h5xx.o
                0x000000000800a0f0                AHBPrescTable
 .rodata.APBPrescTable
                0x000000000800a100        0x8 ./Drivers/CMSIS/system_stm32h5xx.o
                0x000000000800a100                APBPrescTable
 .rodata.UARTPrescTable
                0x000000000800a108       0x18 ./Drivers/STM32H5xx_HAL_Driver/stm32h5xx_hal_uart.o
                0x000000000800a108                UARTPrescTable
 .rodata.numerator.1
                0x000000000800a120        0x8 ./Drivers/STM32H5xx_HAL_Driver/stm32h5xx_hal_uart_ex.o
 .rodata.denominator.0
                0x000000000800a128        0x8 ./Drivers/STM32H5xx_HAL_Driver/stm32h5xx_hal_uart_ex.o
                0x000000000800a130                . = ALIGN (0x4)

.ARM.extab      0x000000000800a130        0x0
                0x000000000800a130                . = ALIGN (0x4)
 *(.ARM.extab* .gnu.linkonce.armextab.*)
                0x000000000800a130                . = ALIGN (0x4)

.ARM            0x000000000800a130        0x8
                0x000000000800a130                . = ALIGN (0x4)
                0x000000000800a130                __exidx_start = .
 *(.ARM.exidx*)
 .ARM.exidx     0x000000000800a130        0x8 C:/ST/STM32CubeIDE_1.13.0/STM32CubeIDE/plugins/com.st.stm32cube.ide.mcu.externaltools.gnu-tools-for-stm32.11.3.rel1.win32_1.1.100.202309141235/tools/bin/../lib/gcc/arm-none-eabi/11.3.1/thumb/v8-m.main+fp/hard\libgcc.a(_udivmoddi4.o)
                0x000000000800a138                __exidx_end = .
                0x000000000800a138                . = ALIGN (0x4)

.rel.dyn        0x000000000800a138        0x0
 .rel.iplt      0x000000000800a138        0x0 C:/ST/STM32CubeIDE_1.13.0/STM32CubeIDE/plugins/com.st.stm32cube.ide.mcu.externaltools.gnu-tools-for-stm32.11.3.rel1.win32_1.1.100.202309141235/tools/bin/../lib/gcc/arm-none-eabi/11.3.1/thumb/v8-m.main+fp/hard/crtbegin.o

.preinit_array  0x000000000800a138        0x0
                0x000000000800a138                . = ALIGN (0x4)
                0x000000000800a138                PROVIDE (__preinit_array_start = .)
 *(.preinit_array*)
                0x000000000800a138                PROVIDE (__preinit_array_end = .)
                0x000000000800a138                . = ALIGN (0x4)

.init_array     0x000000000800a138        0x4
                0x000000000800a138                . = ALIGN (0x4)
                0x000000000800a138                PROVIDE (__init_array_start = .)
 *(SORT_BY_NAME(.init_array.*))
 *(.init_array*)
 .init_array    0x000000000800a138        0x4 C:/ST/STM32CubeIDE_1.13.0/STM32CubeIDE/plugins/com.st.stm32cube.ide.mcu.externaltools.gnu-tools-for-stm32.11.3.rel1.win32_1.1.100.202309141235/tools/bin/../lib/gcc/arm-none-eabi/11.3.1/thumb/v8-m.main+fp/hard/crtbegin.o
                0x000000000800a13c                PROVIDE (__init_array_end = .)
                0x000000000800a13c                . = ALIGN (0x4)

.fini_array     0x000000000800a13c        0x4
                0x000000000800a13c                . = ALIGN (0x4)
                [!provide]                        PROVIDE (__fini_array_start = .)
 *(SORT_BY_NAME(.fini_array.*))
 *(.fini_array*)
 .fini_array    0x000000000800a13c        0x4 C:/ST/STM32CubeIDE_1.13.0/STM32CubeIDE/plugins/com.st.stm32cube.ide.mcu.externaltools.gnu-tools-for-stm32.11.3.rel1.win32_1.1.100.202309141235/tools/bin/../lib/gcc/arm-none-eabi/11.3.1/thumb/v8-m.main+fp/hard/crtbegin.o
                [!provide]                        PROVIDE (__fini_array_end = .)
                0x000000000800a140                . = ALIGN (0x4)
                0x000000000800a140                _sidata = LOADADDR (.data)

.data           0x0000000020000000        0xc load address 0x000000000800a140
                0x0000000020000000                . = ALIGN (0x4)
                0x0000000020000000                _sdata = .
 *(.data)
 *(.data*)
 .data.SystemCoreClock
                0x0000000020000000        0x4 ./Drivers/CMSIS/system_stm32h5xx.o
                0x0000000020000000                SystemCoreClock
 .data.uwTickPrio
                0x0000000020000004        0x4 ./Drivers/STM32H5xx_HAL_Driver/stm32h5xx_hal.o
                0x0000000020000004                uwTickPrio
 .data.uwTickFreq
                0x0000000020000008        0x1 ./Drivers/STM32H5xx_HAL_Driver/stm32h5xx_hal.o
                0x0000000020000008                uwTickFreq
 *(.RamFunc)
 *(.RamFunc*)
                0x000000002000000c                . = ALIGN (0x4)
 *fill*         0x0000000020000009        0x3 
                0x000000002000000c                _edata = .

.igot.plt       0x000000002000000c        0x0 load address 0x000000000800a14c
 .igot.plt      0x000000002000000c        0x0 C:/ST/STM32CubeIDE_1.13.0/STM32CubeIDE/plugins/com.st.stm32cube.ide.mcu.externaltools.gnu-tools-for-stm32.11.3.rel1.win32_1.1.100.202309141235/tools/bin/../lib/gcc/arm-none-eabi/11.3.1/thumb/v8-m.main+fp/hard/crtbegin.o
                0x000000002000000c                . = ALIGN (0x4)

.bss            0x000000002000000c     0x12e4 load address 0x000000000800a14c
                0x000000002000000c                _sbss = .
                0x000000002000000c                __bss_start__ = _sbss
 *(.bss)
 .bss           0x000000002000000c       0x1c C:/ST/STM32CubeIDE_1.13.0/STM32CubeIDE/plugins/com.st.stm32cube.ide.mcu.externaltools.gnu-tools-for-stm32.11.3.rel1.win32_1.1.100.202309141235/tools/bin/../lib/gcc/arm-none-eabi/11.3.1/thumb/v8-m.main+fp/hard/crtbegin.o
 *(.bss*)
 .bss.hi2c1     0x0000000020000028       0x54 ./Application/User/Core/main.o
                0x0000000020000028                hi2c1
 .bss.hi3c1     0x000000002000007c       0x58 ./Application/User/Core/main.o
                0x000000002000007c                hi3c1
 .bss.huart3    0x00000000200000d4       0x94 ./Application/User/Core/main.o
                0x00000000200000d4                huart3
 .bss.i3c_dbg   0x0000000020000168     0x1180 ./Application/User/Core/main.o
                0x0000000020000168                i3c_dbg
 .bss.i3c_dbg_i
                0x00000000200012e8        0x4 ./Application/User/Core/main.o
                0x00000000200012e8                i3c_dbg_i
 .bss.uwTick    0x00000000200012ec        0x4 ./Drivers/STM32H5xx_HAL_Driver/stm32h5xx_hal.o
                0x00000000200012ec                uwTick
 *(COMMON)
                0x00000000200012f0                . = ALIGN (0x4)
                0x00000000200012f0                _ebss = .
                0x00000000200012f0                __bss_end__ = _ebss

._user_heap_stack
                0x00000000200012f0      0x600 load address 0x000000000800a14c
                0x00000000200012f0                . = ALIGN (0x8)
                [!provide]                        PROVIDE (end = .)
                0x00000000200012f0                PROVIDE (_end = .)
                0x00000000200014f0                . = (. + _Min_Heap_Size)
 *fill*         0x00000000200012f0      0x200 
                0x00000000200018f0                . = (. + _Min_Stack_Size)
 *fill*         0x00000000200014f0      0x400 
                0x00000000200018f0                . = ALIGN (0x8)

/DISCARD/
 libc.a(*)
 libm.a(*)
 libgcc.a(*)

.ARM.attributes
                0x0000000000000000       0x36
 *(.ARM.attributes)
 .ARM.attributes
                0x0000000000000000       0x22 C:/ST/STM32CubeIDE_1.13.0/STM32CubeIDE/plugins/com.st.stm32cube.ide.mcu.externaltools.gnu-tools-for-stm32.11.3.rel1.win32_1.1.100.202309141235/tools/bin/../lib/gcc/arm-none-eabi/11.3.1/thumb/v8-m.main+fp/hard/crti.o
 .ARM.attributes
                0x0000000000000022       0x38 C:/ST/STM32CubeIDE_1.13.0/STM32CubeIDE/plugins/com.st.stm32cube.ide.mcu.externaltools.gnu-tools-for-stm32.11.3.rel1.win32_1.1.100.202309141235/tools/bin/../lib/gcc/arm-none-eabi/11.3.1/thumb/v8-m.main+fp/hard/crtbegin.o
 .ARM.attributes
                0x000000000000005a       0x3a ./Application/User/Core/main.o
 .ARM.attributes
                0x0000000000000094       0x3a ./Application/User/Core/stm32h5xx_hal_msp.o
 .ARM.attributes
                0x00000000000000ce       0x3a ./Application/User/Core/stm32h5xx_it.o
 .ARM.attributes
                0x0000000000000108       0x24 ./Application/User/Startup/startup_stm32h563zitx.o
 .ARM.attributes
                0x000000000000012c       0x3a ./Drivers/CMSIS/system_stm32h5xx.o
 .ARM.attributes
                0x0000000000000166       0x3a ./Drivers/STM32H5xx_HAL_Driver/stm32h5xx_hal.o
 .ARM.attributes
                0x00000000000001a0       0x3a ./Drivers/STM32H5xx_HAL_Driver/stm32h5xx_hal_cortex.o
 .ARM.attributes
                0x00000000000001da       0x3a ./Drivers/STM32H5xx_HAL_Driver/stm32h5xx_hal_gpio.o
 .ARM.attributes
                0x0000000000000214       0x3a ./Drivers/STM32H5xx_HAL_Driver/stm32h5xx_hal_i2c.o
 .ARM.attributes
                0x000000000000024e       0x3a ./Drivers/STM32H5xx_HAL_Driver/stm32h5xx_hal_i2c_ex.o
 .ARM.attributes
                0x0000000000000288       0x3a ./Drivers/STM32H5xx_HAL_Driver/stm32h5xx_hal_i3c.o
 .ARM.attributes
                0x00000000000002c2       0x3a ./Drivers/STM32H5xx_HAL_Driver/stm32h5xx_hal_icache.o
 .ARM.attributes
                0x00000000000002fc       0x3a ./Drivers/STM32H5xx_HAL_Driver/stm32h5xx_hal_rcc.o
 .ARM.attributes
                0x0000000000000336       0x3a ./Drivers/STM32H5xx_HAL_Driver/stm32h5xx_hal_rcc_ex.o
 .ARM.attributes
                0x0000000000000370       0x3a ./Drivers/STM32H5xx_HAL_Driver/stm32h5xx_hal_uart.o
 .ARM.attributes
                0x00000000000003aa       0x3a ./Drivers/STM32H5xx_HAL_Driver/stm32h5xx_hal_uart_ex.o
 .ARM.attributes
                0x00000000000003e4       0x38 C:/ST/STM32CubeIDE_1.13.0/STM32CubeIDE/plugins/com.st.stm32cube.ide.mcu.externaltools.gnu-tools-for-stm32.11.3.rel1.win32_1.1.100.202309141235/tools/bin/../lib/gcc/arm-none-eabi/11.3.1/../../../../arm-none-eabi/lib/thumb/v8-m.main+fp/hard\libc_nano.a(libc_a-memset.o)
 .ARM.attributes
                0x000000000000041c       0x38 C:/ST/STM32CubeIDE_1.13.0/STM32CubeIDE/plugins/com.st.stm32cube.ide.mcu.externaltools.gnu-tools-for-stm32.11.3.rel1.win32_1.1.100.202309141235/tools/bin/../lib/gcc/arm-none-eabi/11.3.1/../../../../arm-none-eabi/lib/thumb/v8-m.main+fp/hard\libc_nano.a(libc_a-init.o)
 .ARM.attributes
                0x0000000000000454       0x22 C:/ST/STM32CubeIDE_1.13.0/STM32CubeIDE/plugins/com.st.stm32cube.ide.mcu.externaltools.gnu-tools-for-stm32.11.3.rel1.win32_1.1.100.202309141235/tools/bin/../lib/gcc/arm-none-eabi/11.3.1/thumb/v8-m.main+fp/hard\libgcc.a(_aeabi_uldivmod.o)
 .ARM.attributes
                0x0000000000000476       0x38 C:/ST/STM32CubeIDE_1.13.0/STM32CubeIDE/plugins/com.st.stm32cube.ide.mcu.externaltools.gnu-tools-for-stm32.11.3.rel1.win32_1.1.100.202309141235/tools/bin/../lib/gcc/arm-none-eabi/11.3.1/thumb/v8-m.main+fp/hard\libgcc.a(_udivmoddi4.o)
 .ARM.attributes
                0x00000000000004ae       0x22 C:/ST/STM32CubeIDE_1.13.0/STM32CubeIDE/plugins/com.st.stm32cube.ide.mcu.externaltools.gnu-tools-for-stm32.11.3.rel1.win32_1.1.100.202309141235/tools/bin/../lib/gcc/arm-none-eabi/11.3.1/thumb/v8-m.main+fp/hard\libgcc.a(_dvmd_tls.o)
 .ARM.attributes
                0x00000000000004d0       0x22 C:/ST/STM32CubeIDE_1.13.0/STM32CubeIDE/plugins/com.st.stm32cube.ide.mcu.externaltools.gnu-tools-for-stm32.11.3.rel1.win32_1.1.100.202309141235/tools/bin/../lib/gcc/arm-none-eabi/11.3.1/thumb/v8-m.main+fp/hard/crtn.o
OUTPUT(DDR5_TestPlatform.elf elf32-littlearm)
LOAD linker stubs
LOAD C:/ST/STM32CubeIDE_1.13.0/STM32CubeIDE/plugins/com.st.stm32cube.ide.mcu.externaltools.gnu-tools-for-stm32.11.3.rel1.win32_1.1.100.202309141235/tools/bin/../lib/gcc/arm-none-eabi/11.3.1/../../../../arm-none-eabi/lib/thumb/v8-m.main+fp/hard\libc.a
LOAD C:/ST/STM32CubeIDE_1.13.0/STM32CubeIDE/plugins/com.st.stm32cube.ide.mcu.externaltools.gnu-tools-for-stm32.11.3.rel1.win32_1.1.100.202309141235/tools/bin/../lib/gcc/arm-none-eabi/11.3.1/../../../../arm-none-eabi/lib/thumb/v8-m.main+fp/hard\libm.a
LOAD C:/ST/STM32CubeIDE_1.13.0/STM32CubeIDE/plugins/com.st.stm32cube.ide.mcu.externaltools.gnu-tools-for-stm32.11.3.rel1.win32_1.1.100.202309141235/tools/bin/../lib/gcc/arm-none-eabi/11.3.1/thumb/v8-m.main+fp/hard\libgcc.a

.comment        0x0000000000000000       0x43
 .comment       0x0000000000000000       0x43 C:/ST/STM32CubeIDE_1.13.0/STM32CubeIDE/plugins/com.st.stm32cube.ide.mcu.externaltools.gnu-tools-for-stm32.11.3.rel1.win32_1.1.100.202309141235/tools/bin/../lib/gcc/arm-none-eabi/11.3.1/thumb/v8-m.main+fp/hard/crtbegin.o
                                         0x44 (size before relaxing)
 .comment       0x0000000000000043       0x44 ./Application/User/Core/main.o
 .comment       0x0000000000000043       0x44 ./Application/User/Core/stm32h5xx_hal_msp.o
 .comment       0x0000000000000043       0x44 ./Application/User/Core/stm32h5xx_it.o
 .comment       0x0000000000000043       0x44 ./Drivers/CMSIS/system_stm32h5xx.o
 .comment       0x0000000000000043       0x44 ./Drivers/STM32H5xx_HAL_Driver/stm32h5xx_hal.o
 .comment       0x0000000000000043       0x44 ./Drivers/STM32H5xx_HAL_Driver/stm32h5xx_hal_cortex.o
 .comment       0x0000000000000043       0x44 ./Drivers/STM32H5xx_HAL_Driver/stm32h5xx_hal_gpio.o
 .comment       0x0000000000000043       0x44 ./Drivers/STM32H5xx_HAL_Driver/stm32h5xx_hal_i2c.o
 .comment       0x0000000000000043       0x44 ./Drivers/STM32H5xx_HAL_Driver/stm32h5xx_hal_i2c_ex.o
 .comment       0x0000000000000043       0x44 ./Drivers/STM32H5xx_HAL_Driver/stm32h5xx_hal_i3c.o
 .comment       0x0000000000000043       0x44 ./Drivers/STM32H5xx_HAL_Driver/stm32h5xx_hal_icache.o
 .comment       0x0000000000000043       0x44 ./Drivers/STM32H5xx_HAL_Driver/stm32h5xx_hal_rcc.o
 .comment       0x0000000000000043       0x44 ./Drivers/STM32H5xx_HAL_Driver/stm32h5xx_hal_rcc_ex.o
 .comment       0x0000000000000043       0x44 ./Drivers/STM32H5xx_HAL_Driver/stm32h5xx_hal_uart.o
 .comment       0x0000000000000043       0x44 ./Drivers/STM32H5xx_HAL_Driver/stm32h5xx_hal_uart_ex.o

.debug_info     0x0000000000000000    0x16c42
 .debug_info    0x0000000000000000     0x2847 ./Application/User/Core/main.o
 .debug_info    0x0000000000002847     0x1d19 ./Application/User/Core/stm32h5xx_hal_msp.o
 .debug_info    0x0000000000004560      0x128 ./Application/User/Core/stm32h5xx_it.o
 .debug_info    0x0000000000004688       0x23 ./Application/User/Startup/startup_stm32h563zitx.o
 .debug_info    0x00000000000046ab      0xd8e ./Drivers/CMSIS/system_stm32h5xx.o
 .debug_info    0x0000000000005439     0x1361 ./Drivers/STM32H5xx_HAL_Driver/stm32h5xx_hal.o
 .debug_info    0x000000000000679a     0x15f8 ./Drivers/STM32H5xx_HAL_Driver/stm32h5xx_hal_cortex.o
 .debug_info    0x0000000000007d92      0x6b6 ./Drivers/STM32H5xx_HAL_Driver/stm32h5xx_hal_gpio.o
 .debug_info    0x0000000000008448     0x22d6 ./Drivers/STM32H5xx_HAL_Driver/stm32h5xx_hal_i2c.o
 .debug_info    0x000000000000a71e      0x901 ./Drivers/STM32H5xx_HAL_Driver/stm32h5xx_hal_i2c_ex.o
 .debug_info    0x000000000000b01f     0x42a7 ./Drivers/STM32H5xx_HAL_Driver/stm32h5xx_hal_i3c.o
 .debug_info    0x000000000000f2c6      0x4e9 ./Drivers/STM32H5xx_HAL_Driver/stm32h5xx_hal_icache.o
 .debug_info    0x000000000000f7af     0x109f ./Drivers/STM32H5xx_HAL_Driver/stm32h5xx_hal_rcc.o
 .debug_info    0x000000000001084e     0x12d7 ./Drivers/STM32H5xx_HAL_Driver/stm32h5xx_hal_rcc_ex.o
 .debug_info    0x0000000000011b25     0x4030 ./Drivers/STM32H5xx_HAL_Driver/stm32h5xx_hal_uart.o
 .debug_info    0x0000000000015b55     0x10ed ./Drivers/STM32H5xx_HAL_Driver/stm32h5xx_hal_uart_ex.o

.debug_abbrev   0x0000000000000000     0x22ee
 .debug_abbrev  0x0000000000000000      0x3b9 ./Application/User/Core/main.o
 .debug_abbrev  0x00000000000003b9      0x25a ./Application/User/Core/stm32h5xx_hal_msp.o
 .debug_abbrev  0x0000000000000613       0x73 ./Application/User/Core/stm32h5xx_it.o
 .debug_abbrev  0x0000000000000686       0x12 ./Application/User/Startup/startup_stm32h563zitx.o
 .debug_abbrev  0x0000000000000698      0x13a ./Drivers/CMSIS/system_stm32h5xx.o
 .debug_abbrev  0x00000000000007d2      0x29c ./Drivers/STM32H5xx_HAL_Driver/stm32h5xx_hal.o
 .debug_abbrev  0x0000000000000a6e      0x30d ./Drivers/STM32H5xx_HAL_Driver/stm32h5xx_hal_cortex.o
 .debug_abbrev  0x0000000000000d7b      0x1db ./Drivers/STM32H5xx_HAL_Driver/stm32h5xx_hal_gpio.o
 .debug_abbrev  0x0000000000000f56      0x270 ./Drivers/STM32H5xx_HAL_Driver/stm32h5xx_hal_i2c.o
 .debug_abbrev  0x00000000000011c6      0x1a7 ./Drivers/STM32H5xx_HAL_Driver/stm32h5xx_hal_i2c_ex.o
 .debug_abbrev  0x000000000000136d      0x287 ./Drivers/STM32H5xx_HAL_Driver/stm32h5xx_hal_i3c.o
 .debug_abbrev  0x00000000000015f4      0x228 ./Drivers/STM32H5xx_HAL_Driver/stm32h5xx_hal_icache.o
 .debug_abbrev  0x000000000000181c      0x290 ./Drivers/STM32H5xx_HAL_Driver/stm32h5xx_hal_rcc.o
 .debug_abbrev  0x0000000000001aac      0x269 ./Drivers/STM32H5xx_HAL_Driver/stm32h5xx_hal_rcc_ex.o
 .debug_abbrev  0x0000000000001d15      0x305 ./Drivers/STM32H5xx_HAL_Driver/stm32h5xx_hal_uart.o
 .debug_abbrev  0x000000000000201a      0x2d4 ./Drivers/STM32H5xx_HAL_Driver/stm32h5xx_hal_uart_ex.o

.debug_aranges  0x0000000000000000     0x1388
 .debug_aranges
                0x0000000000000000       0xc8 ./Application/User/Core/main.o
 .debug_aranges
                0x00000000000000c8       0x50 ./Application/User/Core/stm32h5xx_hal_msp.o
 .debug_aranges
                0x0000000000000118       0x60 ./Application/User/Core/stm32h5xx_it.o
 .debug_aranges
                0x0000000000000178       0x28 ./Application/User/Startup/startup_stm32h563zitx.o
 .debug_aranges
                0x00000000000001a0       0x28 ./Drivers/CMSIS/system_stm32h5xx.o
 .debug_aranges
                0x00000000000001c8      0x200 ./Drivers/STM32H5xx_HAL_Driver/stm32h5xx_hal.o
 .debug_aranges
                0x00000000000003c8      0x130 ./Drivers/STM32H5xx_HAL_Driver/stm32h5xx_hal_cortex.o
 .debug_aranges
                0x00000000000004f8       0x78 ./Drivers/STM32H5xx_HAL_Driver/stm32h5xx_hal_gpio.o
 .debug_aranges
                0x0000000000000570      0x2a0 ./Drivers/STM32H5xx_HAL_Driver/stm32h5xx_hal_i2c.o
 .debug_aranges
                0x0000000000000810       0x40 ./Drivers/STM32H5xx_HAL_Driver/stm32h5xx_hal_i2c_ex.o
 .debug_aranges
                0x0000000000000850      0x5f8 ./Drivers/STM32H5xx_HAL_Driver/stm32h5xx_hal_i3c.o
 .debug_aranges
                0x0000000000000e48       0xa8 ./Drivers/STM32H5xx_HAL_Driver/stm32h5xx_hal_icache.o
 .debug_aranges
                0x0000000000000ef0       0xa0 ./Drivers/STM32H5xx_HAL_Driver/stm32h5xx_hal_rcc.o
 .debug_aranges
                0x0000000000000f90      0x108 ./Drivers/STM32H5xx_HAL_Driver/stm32h5xx_hal_rcc_ex.o
 .debug_aranges
                0x0000000000001098      0x248 ./Drivers/STM32H5xx_HAL_Driver/stm32h5xx_hal_uart.o
 .debug_aranges
                0x00000000000012e0       0xa8 ./Drivers/STM32H5xx_HAL_Driver/stm32h5xx_hal_uart_ex.o

.debug_rnglists
                0x0000000000000000      0xf4c
 .debug_rnglists
                0x0000000000000000       0xa2 ./Application/User/Core/main.o
 .debug_rnglists
                0x00000000000000a2       0x3a ./Application/User/Core/stm32h5xx_hal_msp.o
 .debug_rnglists
                0x00000000000000dc       0x43 ./Application/User/Core/stm32h5xx_it.o
 .debug_rnglists
                0x000000000000011f       0x19 ./Application/User/Startup/startup_stm32h563zitx.o
 .debug_rnglists
                0x0000000000000138       0x1b ./Drivers/CMSIS/system_stm32h5xx.o
 .debug_rnglists
                0x0000000000000153      0x17c ./Drivers/STM32H5xx_HAL_Driver/stm32h5xx_hal.o
 .debug_rnglists
                0x00000000000002cf       0xe0 ./Drivers/STM32H5xx_HAL_Driver/stm32h5xx_hal_cortex.o
 .debug_rnglists
                0x00000000000003af       0x57 ./Drivers/STM32H5xx_HAL_Driver/stm32h5xx_hal_gpio.o
 .debug_rnglists
                0x0000000000000406      0x228 ./Drivers/STM32H5xx_HAL_Driver/stm32h5xx_hal_i2c.o
 .debug_rnglists
                0x000000000000062e       0x30 ./Drivers/STM32H5xx_HAL_Driver/stm32h5xx_hal_i2c_ex.o
 .debug_rnglists
                0x000000000000065e      0x4b2 ./Drivers/STM32H5xx_HAL_Driver/stm32h5xx_hal_i3c.o
 .debug_rnglists
                0x0000000000000b10       0x7a ./Drivers/STM32H5xx_HAL_Driver/stm32h5xx_hal_icache.o
 .debug_rnglists
                0x0000000000000b8a       0x79 ./Drivers/STM32H5xx_HAL_Driver/stm32h5xx_hal_rcc.o
 .debug_rnglists
                0x0000000000000c03       0xcf ./Drivers/STM32H5xx_HAL_Driver/stm32h5xx_hal_rcc_ex.o
 .debug_rnglists
                0x0000000000000cd2      0x1fb ./Drivers/STM32H5xx_HAL_Driver/stm32h5xx_hal_uart.o
 .debug_rnglists
                0x0000000000000ecd       0x7f ./Drivers/STM32H5xx_HAL_Driver/stm32h5xx_hal_uart_ex.o

.debug_macro    0x0000000000000000    0x31037
 .debug_macro   0x0000000000000000      0x2aa ./Application/User/Core/main.o
 .debug_macro   0x00000000000002aa      0xaae ./Application/User/Core/main.o
 .debug_macro   0x0000000000000d58      0x1d6 ./Application/User/Core/main.o
 .debug_macro   0x0000000000000f2e       0x22 ./Application/User/Core/main.o
 .debug_macro   0x0000000000000f50       0x5b ./Application/User/Core/main.o
 .debug_macro   0x0000000000000fab       0x2a ./Application/User/Core/main.o
 .debug_macro   0x0000000000000fd5       0x94 ./Application/User/Core/main.o
 .debug_macro   0x0000000000001069       0x43 ./Application/User/Core/main.o
 .debug_macro   0x00000000000010ac       0x34 ./Application/User/Core/main.o
 .debug_macro   0x00000000000010e0      0x174 ./Application/User/Core/main.o
 .debug_macro   0x0000000000001254       0x16 ./Application/User/Core/main.o
 .debug_macro   0x000000000000126a       0x43 ./Application/User/Core/main.o
 .debug_macro   0x00000000000012ad       0x57 ./Application/User/Core/main.o
 .debug_macro   0x0000000000001304       0x34 ./Application/User/Core/main.o
 .debug_macro   0x0000000000001338       0x10 ./Application/User/Core/main.o
 .debug_macro   0x0000000000001348       0x58 ./Application/User/Core/main.o
 .debug_macro   0x00000000000013a0       0x8e ./Application/User/Core/main.o
 .debug_macro   0x000000000000142e       0x1c ./Application/User/Core/main.o
 .debug_macro   0x000000000000144a      0x177 ./Application/User/Core/main.o
 .debug_macro   0x00000000000015c1      0x369 ./Application/User/Core/main.o
 .debug_macro   0x000000000000192a      0x19b ./Application/User/Core/main.o
 .debug_macro   0x0000000000001ac5       0x28 ./Application/User/Core/main.o
 .debug_macro   0x0000000000001aed       0x49 ./Application/User/Core/main.o
 .debug_macro   0x0000000000001b36      0x103 ./Application/User/Core/main.o
 .debug_macro   0x0000000000001c39       0x6a ./Application/User/Core/main.o
 .debug_macro   0x0000000000001ca3      0x1df ./Application/User/Core/main.o
 .debug_macro   0x0000000000001e82       0x1c ./Application/User/Core/main.o
 .debug_macro   0x0000000000001e9e       0x29 ./Application/User/Core/main.o
 .debug_macro   0x0000000000001ec7       0xfb ./Application/User/Core/main.o
 .debug_macro   0x0000000000001fc2     0x1685 ./Application/User/Core/main.o
 .debug_macro   0x0000000000003647       0x5e ./Application/User/Core/main.o
 .debug_macro   0x00000000000036a5    0x20913 ./Application/User/Core/main.o
 .debug_macro   0x0000000000023fb8       0x6d ./Application/User/Core/main.o
 .debug_macro   0x0000000000024025     0x387c ./Application/User/Core/main.o
 .debug_macro   0x00000000000278a1       0x63 ./Application/User/Core/main.o
 .debug_macro   0x0000000000027904     0x1ee3 ./Application/User/Core/main.o
 .debug_macro   0x00000000000297e7      0xe96 ./Application/User/Core/main.o
 .debug_macro   0x000000000002a67d      0x15f ./Application/User/Core/main.o
 .debug_macro   0x000000000002a7dc      0x2ff ./Application/User/Core/main.o
 .debug_macro   0x000000000002aadb       0xca ./Application/User/Core/main.o
 .debug_macro   0x000000000002aba5      0x917 ./Application/User/Core/main.o
 .debug_macro   0x000000000002b4bc      0x478 ./Application/User/Core/main.o
 .debug_macro   0x000000000002b934       0xd6 ./Application/User/Core/main.o
 .debug_macro   0x000000000002ba0a      0x1ce ./Application/User/Core/main.o
 .debug_macro   0x000000000002bbd8      0x554 ./Application/User/Core/main.o
 .debug_macro   0x000000000002c12c      0x5eb ./Application/User/Core/main.o
 .debug_macro   0x000000000002c717       0x74 ./Application/User/Core/main.o
 .debug_macro   0x000000000002c78b      0x22c ./Application/User/Core/main.o
 .debug_macro   0x000000000002c9b7       0x35 ./Application/User/Core/main.o
 .debug_macro   0x000000000002c9ec       0xa5 ./Application/User/Core/main.o
 .debug_macro   0x000000000002ca91      0x424 ./Application/User/Core/main.o
 .debug_macro   0x000000000002ceb5      0x4e2 ./Application/User/Core/main.o
 .debug_macro   0x000000000002d397      0x313 ./Application/User/Core/main.o
 .debug_macro   0x000000000002d6aa      0x1bb ./Application/User/Core/main.o
 .debug_macro   0x000000000002d865      0x693 ./Application/User/Core/main.o
 .debug_macro   0x000000000002def8       0xa6 ./Application/User/Core/main.o
 .debug_macro   0x000000000002df9e      0x2a0 ./Application/User/Core/main.o
 .debug_macro   0x000000000002e23e      0x485 ./Application/User/Core/main.o
 .debug_macro   0x000000000002e6c3      0x2b4 ./Application/User/Core/main.o
 .debug_macro   0x000000000002e977      0x2a4 ./Application/User/Core/stm32h5xx_hal_msp.o
 .debug_macro   0x000000000002ec1b      0x2ae ./Application/User/Core/stm32h5xx_it.o
 .debug_macro   0x000000000002eec9      0x29c ./Drivers/CMSIS/system_stm32h5xx.o
 .debug_macro   0x000000000002f165      0x2cb ./Drivers/STM32H5xx_HAL_Driver/stm32h5xx_hal.o
 .debug_macro   0x000000000002f430      0x295 ./Drivers/STM32H5xx_HAL_Driver/stm32h5xx_hal_cortex.o
 .debug_macro   0x000000000002f6c5      0x2cb ./Drivers/STM32H5xx_HAL_Driver/stm32h5xx_hal_gpio.o
 .debug_macro   0x000000000002f990      0x361 ./Drivers/STM32H5xx_HAL_Driver/stm32h5xx_hal_i2c.o
 .debug_macro   0x000000000002fcf1      0x295 ./Drivers/STM32H5xx_HAL_Driver/stm32h5xx_hal_i2c_ex.o
 .debug_macro   0x000000000002ff86      0x30d ./Drivers/STM32H5xx_HAL_Driver/stm32h5xx_hal_i3c.o
 .debug_macro   0x0000000000030293      0x2c5 ./Drivers/STM32H5xx_HAL_Driver/stm32h5xx_hal_icache.o
 .debug_macro   0x0000000000030558      0x2d7 ./Drivers/STM32H5xx_HAL_Driver/stm32h5xx_hal_rcc.o
 .debug_macro   0x000000000003082f      0x2a7 ./Drivers/STM32H5xx_HAL_Driver/stm32h5xx_hal_rcc_ex.o
 .debug_macro   0x0000000000030ad6      0x2c0 ./Drivers/STM32H5xx_HAL_Driver/stm32h5xx_hal_uart.o
 .debug_macro   0x0000000000030d96      0x2a1 ./Drivers/STM32H5xx_HAL_Driver/stm32h5xx_hal_uart_ex.o

.debug_line     0x0000000000000000    0x19018
 .debug_line    0x0000000000000000     0x1558 ./Application/User/Core/main.o
 .debug_line    0x0000000000001558      0xa6b ./Application/User/Core/stm32h5xx_hal_msp.o
 .debug_line    0x0000000000001fc3      0x9f3 ./Application/User/Core/stm32h5xx_it.o
 .debug_line    0x00000000000029b6       0x7b ./Application/User/Startup/startup_stm32h563zitx.o
 .debug_line    0x0000000000002a31      0xaa1 ./Drivers/CMSIS/system_stm32h5xx.o
 .debug_line    0x00000000000034d2      0xff5 ./Drivers/STM32H5xx_HAL_Driver/stm32h5xx_hal.o
 .debug_line    0x00000000000044c7      0xf5f ./Drivers/STM32H5xx_HAL_Driver/stm32h5xx_hal_cortex.o
 .debug_line    0x0000000000005426      0xd11 ./Drivers/STM32H5xx_HAL_Driver/stm32h5xx_hal_gpio.o
 .debug_line    0x0000000000006137     0x3d56 ./Drivers/STM32H5xx_HAL_Driver/stm32h5xx_hal_i2c.o
 .debug_line    0x0000000000009e8d      0xb80 ./Drivers/STM32H5xx_HAL_Driver/stm32h5xx_hal_i2c_ex.o
 .debug_line    0x000000000000aa0d     0x4da8 ./Drivers/STM32H5xx_HAL_Driver/stm32h5xx_hal_i3c.o
 .debug_line    0x000000000000f7b5      0xc1b ./Drivers/STM32H5xx_HAL_Driver/stm32h5xx_hal_icache.o
 .debug_line    0x00000000000103d0     0x13a6 ./Drivers/STM32H5xx_HAL_Driver/stm32h5xx_hal_rcc.o
 .debug_line    0x0000000000011776     0x2e74 ./Drivers/STM32H5xx_HAL_Driver/stm32h5xx_hal_rcc_ex.o
 .debug_line    0x00000000000145ea     0x3abc ./Drivers/STM32H5xx_HAL_Driver/stm32h5xx_hal_uart.o
 .debug_line    0x00000000000180a6      0xf72 ./Drivers/STM32H5xx_HAL_Driver/stm32h5xx_hal_uart_ex.o

.debug_str      0x0000000000000000   0x1361bc
 .debug_str     0x0000000000000000   0x12f6e5 ./Application/User/Core/main.o
                                     0x12fba5 (size before relaxing)
 .debug_str     0x000000000012f6e5      0x59a ./Application/User/Core/stm32h5xx_hal_msp.o
                                     0x12f9e4 (size before relaxing)
 .debug_str     0x000000000012fc7f      0x11f ./Application/User/Core/stm32h5xx_it.o
                                     0x12e5a5 (size before relaxing)
 .debug_str     0x000000000012fd9e       0x40 ./Application/User/Startup/startup_stm32h563zitx.o
                                         0xac (size before relaxing)
 .debug_str     0x000000000012fdde      0x4a8 ./Drivers/CMSIS/system_stm32h5xx.o
                                     0x12e008 (size before relaxing)
 .debug_str     0x0000000000130286     0x1067 ./Drivers/STM32H5xx_HAL_Driver/stm32h5xx_hal.o
                                     0x12edfa (size before relaxing)
 .debug_str     0x00000000001312ed      0x429 ./Drivers/STM32H5xx_HAL_Driver/stm32h5xx_hal_cortex.o
                                     0x12e976 (size before relaxing)
 .debug_str     0x0000000000131716      0x31c ./Drivers/STM32H5xx_HAL_Driver/stm32h5xx_hal_gpio.o
                                     0x12dd6d (size before relaxing)
 .debug_str     0x0000000000131a32      0xf7f ./Drivers/STM32H5xx_HAL_Driver/stm32h5xx_hal_i2c.o
                                     0x12efc9 (size before relaxing)
 .debug_str     0x00000000001329b1       0xdd ./Drivers/STM32H5xx_HAL_Driver/stm32h5xx_hal_i2c_ex.o
                                     0x12e106 (size before relaxing)
 .debug_str     0x0000000000132a8e     0x1901 ./Drivers/STM32H5xx_HAL_Driver/stm32h5xx_hal_i3c.o
                                     0x12fd87 (size before relaxing)
 .debug_str     0x000000000013438f      0x6da ./Drivers/STM32H5xx_HAL_Driver/stm32h5xx_hal_icache.o
                                     0x12e096 (size before relaxing)
 .debug_str     0x0000000000134a69      0x3e0 ./Drivers/STM32H5xx_HAL_Driver/stm32h5xx_hal_rcc.o
                                     0x12e54d (size before relaxing)
 .debug_str     0x0000000000134e49      0x71e ./Drivers/STM32H5xx_HAL_Driver/stm32h5xx_hal_rcc_ex.o
                                     0x12e897 (size before relaxing)
 .debug_str     0x0000000000135567      0x994 ./Drivers/STM32H5xx_HAL_Driver/stm32h5xx_hal_uart.o
                                     0x12ea4e (size before relaxing)
 .debug_str     0x0000000000135efb      0x2c1 ./Drivers/STM32H5xx_HAL_Driver/stm32h5xx_hal_uart_ex.o
                                     0x12e41f (size before relaxing)

.debug_frame    0x0000000000000000     0x55c4
 .debug_frame   0x0000000000000000      0x31c ./Application/User/Core/main.o
 .debug_frame   0x000000000000031c      0x114 ./Application/User/Core/stm32h5xx_hal_msp.o
 .debug_frame   0x0000000000000430      0x104 ./Application/User/Core/stm32h5xx_it.o
 .debug_frame   0x0000000000000534       0x60 ./Drivers/CMSIS/system_stm32h5xx.o
 .debug_frame   0x0000000000000594      0x828 ./Drivers/STM32H5xx_HAL_Driver/stm32h5xx_hal.o
 .debug_frame   0x0000000000000dbc      0x508 ./Drivers/STM32H5xx_HAL_Driver/stm32h5xx_hal_cortex.o
 .debug_frame   0x00000000000012c4      0x1ec ./Drivers/STM32H5xx_HAL_Driver/stm32h5xx_hal_gpio.o
 .debug_frame   0x00000000000014b0      0xc44 ./Drivers/STM32H5xx_HAL_Driver/stm32h5xx_hal_i2c.o
 .debug_frame   0x00000000000020f4       0xd8 ./Drivers/STM32H5xx_HAL_Driver/stm32h5xx_hal_i2c_ex.o
 .debug_frame   0x00000000000021cc     0x1c90 ./Drivers/STM32H5xx_HAL_Driver/stm32h5xx_hal_i3c.o
 .debug_frame   0x0000000000003e5c      0x29c ./Drivers/STM32H5xx_HAL_Driver/stm32h5xx_hal_icache.o
 .debug_frame   0x00000000000040f8      0x268 ./Drivers/STM32H5xx_HAL_Driver/stm32h5xx_hal_rcc.o
 .debug_frame   0x0000000000004360      0x470 ./Drivers/STM32H5xx_HAL_Driver/stm32h5xx_hal_rcc_ex.o
 .debug_frame   0x00000000000047d0      0xa84 ./Drivers/STM32H5xx_HAL_Driver/stm32h5xx_hal_uart.o
 .debug_frame   0x0000000000005254      0x2c0 ./Drivers/STM32H5xx_HAL_Driver/stm32h5xx_hal_uart_ex.o
 .debug_frame   0x0000000000005514       0x20 C:/ST/STM32CubeIDE_1.13.0/STM32CubeIDE/plugins/com.st.stm32cube.ide.mcu.externaltools.gnu-tools-for-stm32.11.3.rel1.win32_1.1.100.202309141235/tools/bin/../lib/gcc/arm-none-eabi/11.3.1/../../../../arm-none-eabi/lib/thumb/v8-m.main+fp/hard\libc_nano.a(libc_a-memset.o)
 .debug_frame   0x0000000000005534       0x2c C:/ST/STM32CubeIDE_1.13.0/STM32CubeIDE/plugins/com.st.stm32cube.ide.mcu.externaltools.gnu-tools-for-stm32.11.3.rel1.win32_1.1.100.202309141235/tools/bin/../lib/gcc/arm-none-eabi/11.3.1/../../../../arm-none-eabi/lib/thumb/v8-m.main+fp/hard\libc_nano.a(libc_a-init.o)
 .debug_frame   0x0000000000005560       0x2c C:/ST/STM32CubeIDE_1.13.0/STM32CubeIDE/plugins/com.st.stm32cube.ide.mcu.externaltools.gnu-tools-for-stm32.11.3.rel1.win32_1.1.100.202309141235/tools/bin/../lib/gcc/arm-none-eabi/11.3.1/thumb/v8-m.main+fp/hard\libgcc.a(_aeabi_uldivmod.o)
 .debug_frame   0x000000000000558c       0x38 C:/ST/STM32CubeIDE_1.13.0/STM32CubeIDE/plugins/com.st.stm32cube.ide.mcu.externaltools.gnu-tools-for-stm32.11.3.rel1.win32_1.1.100.202309141235/tools/bin/../lib/gcc/arm-none-eabi/11.3.1/thumb/v8-m.main+fp/hard\libgcc.a(_udivmoddi4.o)

.debug_line_str
                0x0000000000000000       0xa0
 .debug_line_str
                0x0000000000000000       0xa0 ./Application/User/Startup/startup_stm32h563zitx.o
                                         0xb8 (size before relaxing)
