Archive member included to satisfy reference by file (symbol)

C:/ST/STM32CubeIDE_1.13.0/STM32CubeIDE/plugins/com.st.stm32cube.ide.mcu.externaltools.gnu-tools-for-stm32.11.3.rel1.win32_1.1.100.202309141235/tools/bin/../lib/gcc/arm-none-eabi/11.3.1/../../../../arm-none-eabi/lib/thumb/v8-m.main+fp/hard\libc_nano.a(libc_a-exit.o)
                              C:/ST/STM32CubeIDE_1.13.0/STM32CubeIDE/plugins/com.st.stm32cube.ide.mcu.externaltools.gnu-tools-for-stm32.11.3.rel1.win32_1.1.100.202309141235/tools/bin/../lib/gcc/arm-none-eabi/11.3.1/../../../../arm-none-eabi/lib/thumb/v8-m.main+fp/hard/crt0.o (exit)
C:/ST/STM32CubeIDE_1.13.0/STM32CubeIDE/plugins/com.st.stm32cube.ide.mcu.externaltools.gnu-tools-for-stm32.11.3.rel1.win32_1.1.100.202309141235/tools/bin/../lib/gcc/arm-none-eabi/11.3.1/../../../../arm-none-eabi/lib/thumb/v8-m.main+fp/hard\libc_nano.a(libc_a-findfp.o)
                              C:/ST/STM32CubeIDE_1.13.0/STM32CubeIDE/plugins/com.st.stm32cube.ide.mcu.externaltools.gnu-tools-for-stm32.11.3.rel1.win32_1.1.100.202309141235/tools/bin/../lib/gcc/arm-none-eabi/11.3.1/../../../../arm-none-eabi/lib/thumb/v8-m.main+fp/hard\libc_nano.a(libc_a-exit.o) (__stdio_exit_handler)
C:/ST/STM32CubeIDE_1.13.0/STM32CubeIDE/plugins/com.st.stm32cube.ide.mcu.externaltools.gnu-tools-for-stm32.11.3.rel1.win32_1.1.100.202309141235/tools/bin/../lib/gcc/arm-none-eabi/11.3.1/../../../../arm-none-eabi/lib/thumb/v8-m.main+fp/hard\libc_nano.a(libc_a-fwalk.o)
                              C:/ST/STM32CubeIDE_1.13.0/STM32CubeIDE/plugins/com.st.stm32cube.ide.mcu.externaltools.gnu-tools-for-stm32.11.3.rel1.win32_1.1.100.202309141235/tools/bin/../lib/gcc/arm-none-eabi/11.3.1/../../../../arm-none-eabi/lib/thumb/v8-m.main+fp/hard\libc_nano.a(libc_a-findfp.o) (_fwalk_sglue)
C:/ST/STM32CubeIDE_1.13.0/STM32CubeIDE/plugins/com.st.stm32cube.ide.mcu.externaltools.gnu-tools-for-stm32.11.3.rel1.win32_1.1.100.202309141235/tools/bin/../lib/gcc/arm-none-eabi/11.3.1/../../../../arm-none-eabi/lib/thumb/v8-m.main+fp/hard\libc_nano.a(libc_a-stdio.o)
                              C:/ST/STM32CubeIDE_1.13.0/STM32CubeIDE/plugins/com.st.stm32cube.ide.mcu.externaltools.gnu-tools-for-stm32.11.3.rel1.win32_1.1.100.202309141235/tools/bin/../lib/gcc/arm-none-eabi/11.3.1/../../../../arm-none-eabi/lib/thumb/v8-m.main+fp/hard\libc_nano.a(libc_a-findfp.o) (__sread)
C:/ST/STM32CubeIDE_1.13.0/STM32CubeIDE/plugins/com.st.stm32cube.ide.mcu.externaltools.gnu-tools-for-stm32.11.3.rel1.win32_1.1.100.202309141235/tools/bin/../lib/gcc/arm-none-eabi/11.3.1/../../../../arm-none-eabi/lib/thumb/v8-m.main+fp/hard\libc_nano.a(libc_a-memset.o)
                              C:/ST/STM32CubeIDE_1.13.0/STM32CubeIDE/plugins/com.st.stm32cube.ide.mcu.externaltools.gnu-tools-for-stm32.11.3.rel1.win32_1.1.100.202309141235/tools/bin/../lib/gcc/arm-none-eabi/11.3.1/../../../../arm-none-eabi/lib/thumb/v8-m.main+fp/hard/crt0.o (memset)
C:/ST/STM32CubeIDE_1.13.0/STM32CubeIDE/plugins/com.st.stm32cube.ide.mcu.externaltools.gnu-tools-for-stm32.11.3.rel1.win32_1.1.100.202309141235/tools/bin/../lib/gcc/arm-none-eabi/11.3.1/../../../../arm-none-eabi/lib/thumb/v8-m.main+fp/hard\libc_nano.a(libc_a-closer.o)
                              C:/ST/STM32CubeIDE_1.13.0/STM32CubeIDE/plugins/com.st.stm32cube.ide.mcu.externaltools.gnu-tools-for-stm32.11.3.rel1.win32_1.1.100.202309141235/tools/bin/../lib/gcc/arm-none-eabi/11.3.1/../../../../arm-none-eabi/lib/thumb/v8-m.main+fp/hard\libc_nano.a(libc_a-stdio.o) (_close_r)
C:/ST/STM32CubeIDE_1.13.0/STM32CubeIDE/plugins/com.st.stm32cube.ide.mcu.externaltools.gnu-tools-for-stm32.11.3.rel1.win32_1.1.100.202309141235/tools/bin/../lib/gcc/arm-none-eabi/11.3.1/../../../../arm-none-eabi/lib/thumb/v8-m.main+fp/hard\libc_nano.a(libc_a-reent.o)
                              C:/ST/STM32CubeIDE_1.13.0/STM32CubeIDE/plugins/com.st.stm32cube.ide.mcu.externaltools.gnu-tools-for-stm32.11.3.rel1.win32_1.1.100.202309141235/tools/bin/../lib/gcc/arm-none-eabi/11.3.1/../../../../arm-none-eabi/lib/thumb/v8-m.main+fp/hard\libc_nano.a(libc_a-closer.o) (errno)
C:/ST/STM32CubeIDE_1.13.0/STM32CubeIDE/plugins/com.st.stm32cube.ide.mcu.externaltools.gnu-tools-for-stm32.11.3.rel1.win32_1.1.100.202309141235/tools/bin/../lib/gcc/arm-none-eabi/11.3.1/../../../../arm-none-eabi/lib/thumb/v8-m.main+fp/hard\libc_nano.a(libc_a-impure.o)
                              C:/ST/STM32CubeIDE_1.13.0/STM32CubeIDE/plugins/com.st.stm32cube.ide.mcu.externaltools.gnu-tools-for-stm32.11.3.rel1.win32_1.1.100.202309141235/tools/bin/../lib/gcc/arm-none-eabi/11.3.1/../../../../arm-none-eabi/lib/thumb/v8-m.main+fp/hard\libc_nano.a(libc_a-reent.o) (_impure_ptr)
C:/ST/STM32CubeIDE_1.13.0/STM32CubeIDE/plugins/com.st.stm32cube.ide.mcu.externaltools.gnu-tools-for-stm32.11.3.rel1.win32_1.1.100.202309141235/tools/bin/../lib/gcc/arm-none-eabi/11.3.1/../../../../arm-none-eabi/lib/thumb/v8-m.main+fp/hard\libc_nano.a(libc_a-lseekr.o)
[...]
Memory Configuration

Name             Origin             Length             Attributes
RAM              0x0000000020000000 0x00000000000a0000 xrw
FLASH            0x0000000008000000 0x0000000000200000 xr
*default*        0x0000000000000000 0xffffffffffffffff

Linker script and memory map

LOAD C:/ST/STM32CubeIDE_1.13.0/STM32CubeIDE/plugins/com.st.stm32cube.ide.mcu.externaltools.gnu-tools-for-stm32.11.3.rel1.win32_1.1.100.202309141235/tools/bin/../lib/gcc/arm-none-eabi/11.3.1/thumb/v8-m.main+fp/hard/crti.o
LOAD C:/ST/STM32CubeIDE_1.13.0/STM32CubeIDE/plugins/com.st.stm32cube.ide.mcu.externaltools.gnu-tools-for-stm32.11.3.rel1.win32_1.1.100.202309141235/tools/bin/../lib/gcc/arm-none-eabi/11.3.1/thumb/v8-m.main+fp/hard/crtbegin.o
LOAD C:/ST/STM32CubeIDE_1.13.0/STM32CubeIDE/plugins/com.st.stm32cube.ide.mcu.externaltools.gnu-tools-for-stm32.11.3.rel1.win32_1.1.100.202309141235/tools/bin/../lib/gcc/arm-none-eabi/11.3.1/../../../../arm-none-eabi/lib/thumb/v8-m.main+fp/hard/crt0.o
LOAD ./Application/User/Core/main.o
LOAD ./Application/User/Core/stm32h5xx_hal_msp.o
LOAD ./Application/User/Core/stm32h5xx_it.o
LOAD ./Application/User/Core/syscalls.o
LOAD ./Application/User/Core/sysmem.o
LOAD ./Application/User/Startup/startup_stm32h563zitx.o
LOAD ./Drivers/CMSIS/system_stm32h5xx.o
LOAD ./Drivers/STM32H5xx_HAL_Driver/stm32h5xx_hal.o
LOAD ./Drivers/STM32H5xx_HAL_Driver/stm32h5xx_hal_cortex.o
LOAD ./Drivers/STM32H5xx_HAL_Driver/stm32h5xx_hal_dma.o
LOAD ./Drivers/STM32H5xx_HAL_Driver/stm32h5xx_hal_dma_ex.o
LOAD ./Drivers/STM32H5xx_HAL_Driver/stm32h5xx_hal_exti.o
LOAD ./Drivers/STM32H5xx_HAL_Driver/stm32h5xx_hal_flash.o
LOAD ./Drivers/STM32H5xx_HAL_Driver/stm32h5xx_hal_flash_ex.o
LOAD ./Drivers/STM32H5xx_HAL_Driver/stm32h5xx_hal_gpio.o
LOAD ./Drivers/STM32H5xx_HAL_Driver/stm32h5xx_hal_i2c.o
LOAD ./Drivers/STM32H5xx_HAL_Driver/stm32h5xx_hal_i2c_ex.o
LOAD ./Drivers/STM32H5xx_HAL_Driver/stm32h5xx_hal_i3c.o
LOAD ./Drivers/STM32H5xx_HAL_Driver/stm32h5xx_hal_icache.o
LOAD ./Drivers/STM32H5xx_HAL_Driver/stm32h5xx_hal_pwr.o
LOAD ./Drivers/STM32H5xx_HAL_Driver/stm32h5xx_hal_pwr_ex.o
LOAD ./Drivers/STM32H5xx_HAL_Driver/stm32h5xx_hal_rcc.o
LOAD ./Drivers/STM32H5xx_HAL_Driver/stm32h5xx_hal_rcc_ex.o
LOAD ./Drivers/STM32H5xx_HAL_Driver/stm32h5xx_hal_uart.o
LOAD ./Drivers/STM32H5xx_HAL_Driver/stm32h5xx_hal_uart_ex.o
START GROUP
LOAD C:/ST/STM32CubeIDE_1.13.0/STM32CubeIDE/plugins/com.st.stm32cube.ide.mcu.externaltools.gnu-tools-for-stm32.11.3.rel1.win32_1.1.100.202309141235/tools/bin/../lib/gcc/arm-none-eabi/11.3.1/../../../../arm-none-eabi/lib/thumb/v8-m.main+fp/hard\libc_nano.a
LOAD C:/ST/STM32CubeIDE_1.13.0/STM32CubeIDE/plugins/com.st.stm32cube.ide.mcu.externaltools.gnu-tools-for-stm32.11.3.rel1.win32_1.1.100.202309141235/tools/bin/../lib/gcc/arm-none-eabi/11.3.1/../../../../arm-none-eabi/lib/thumb/v8-m.main+fp/hard\libm.a
END GROUP
START GROUP
LOAD C:/ST/STM32CubeIDE_1.13.0/STM32CubeIDE/plugins/com.st.stm32cube.ide.mcu.externaltools.gnu-tools-for-stm32.11.3.rel1.win32_1.1.100.202309141235/tools/bin/../lib/gcc/arm-none-eabi/11.3.1/thumb/v8-m.main+fp/hard\libgcc.a
LOAD C:/ST/STM32CubeIDE_1.13.0/STM32CubeIDE/plugins/com.st.stm32cube.ide.mcu.externaltools.gnu-tools-for-stm32.11.3.rel1.win32_1.1.100.202309141235/tools/bin/../lib/gcc/arm-none-eabi/11.3.1/../../../../arm-none-eabi/lib/thumb/v8-m.main+fp/hard\libc_nano.a
END GROUP
START GROUP
LOAD C:/ST/STM32CubeIDE_1.13.0/STM32CubeIDE/plugins/com.st.stm32cube.ide.mcu.externaltools.gnu-tools-for-stm32.11.3.rel1.win32_1.1.100.202309141235/tools/bin/../lib/gcc/arm-none-eabi/11.3.1/thumb/v8-m.main+fp/hard\libgcc.a
LOAD C:/ST/STM32CubeIDE_1.13.0/STM32CubeIDE/plugins/com.st.stm32cube.ide.mcu.externaltools.gnu-tools-for-stm32.11.3.rel1.win32_1.1.100.202309141235/tools/bin/../lib/gcc/arm-none-eabi/11.3.1/../../../../arm-none-eabi/lib/thumb/v8-m.main+fp/hard\libc_nano.a
LOAD C:/ST/STM32CubeIDE_1.13.0/STM32CubeIDE/plugins/com.st.stm32cube.ide.mcu.externaltools.gnu-tools-for-stm32.11.3.rel1.win32_1.1.100.202309141235/tools/bin/../lib/gcc/arm-none-eabi/11.3.1/../../../../arm-none-eabi/lib/thumb/v8-m.main+fp/hard\libnosys.a
END GROUP
START GROUP
LOAD C:/ST/STM32CubeIDE_1.13.0/STM32CubeIDE/plugins/com.st.stm32cube.ide.mcu.externaltools.gnu-tools-for-stm32.11.3.rel1.win32_1.1.100.202309141235/tools/bin/../lib/gcc/arm-none-eabi/11.3.1/thumb/v8-m.main+fp/hard\libgcc.a
LOAD C:/ST/STM32CubeIDE_1.13.0/STM32CubeIDE/plugins/com.st.stm32cube.ide.mcu.externaltools.gnu-tools-for-stm32.11.3.rel1.win32_1.1.100.202309141235/tools/bin/../lib/gcc/arm-none-eabi/11.3.1/../../../../arm-none-eabi/lib/thumb/v8-m.main+fp/hard\libc_nano.a
LOAD C:/ST/STM32CubeIDE_1.13.0/STM32CubeIDE/plugins/com.st.stm32cube.ide.mcu.externaltools.gnu-tools-for-stm32.11.3.rel1.win32_1.1.100.202309141235/tools/bin/../lib/gcc/arm-none-eabi/11.3.1/../../../../arm-none-eabi/lib/thumb/v8-m.main+fp/hard\libnosys.a
END GROUP
LOAD C:/ST/STM32CubeIDE_1.13.0/STM32CubeIDE/plugins/com.st.stm32cube.ide.mcu.externaltools.gnu-tools-for-stm32.11.3.rel1.win32_1.1.100.202309141235/tools/bin/../lib/gcc/arm-none-eabi/11.3.1/thumb/v8-m.main+fp/hard/crtend.o
LOAD C:/ST/STM32CubeIDE_1.13.0/STM32CubeIDE/plugins/com.st.stm32cube.ide.mcu.externaltools.gnu-tools-for-stm32.11.3.rel1.win32_1.1.100.202309141235/tools/bin/../lib/gcc/arm-none-eabi/11.3.1/thumb/v8-m.main+fp/hard/crtn.o
                0x00000000200a0000                _estack = (ORIGIN (RAM) + LENGTH (RAM))
                0x0000000000000200                _Min_Heap_Size = 0x200
                0x0000000000000400                _Min_Stack_Size = 0x400

.isr_vector     0x0000000008000000      0x24c
                0x0000000008000000                . = ALIGN (0x4)
 *(.isr_vector)
 .isr_vector    0x0000000008000000      0x24c ./Application/User/Startup/startup_stm32h563zitx.o
                0x0000000008000000                g_pfnVectors
                0x000000000800024c                . = ALIGN (0x4)

.text           0x000000000800024c     0x9cd4
                0x000000000800024c                . = ALIGN (0x4)
 *(.text)
 .text          0x000000000800024c       0x40 C:/ST/STM32CubeIDE_1.13.0/STM32CubeIDE/plugins/com.st.stm32cube.ide.mcu.externaltools.gnu-tools-for-stm32.11.3.rel1.win32_1.1.100.202309141235/tools/bin/../lib/gcc/arm-none-eabi/11.3.1/thumb/v8-m.main+fp/hard/crtbegin.o
 .text          0x000000000800028c       0x30 C:/ST/STM32CubeIDE_1.13.0/STM32CubeIDE/plugins/com.st.stm32cube.ide.mcu.externaltools.gnu-tools-for-stm32.11.3.rel1.win32_1.1.100.202309141235/tools/bin/../lib/gcc/arm-none-eabi/11.3.1/thumb/v8-m.main+fp/hard\libgcc.a(_aeabi_uldivmod.o)
                0x000000000800028c                __aeabi_uldivmod
 .text          0x00000000080002bc      0x2ec C:/ST/STM32CubeIDE_1.13.0/STM32CubeIDE/plugins/com.st.stm32cube.ide.mcu.externaltools.gnu-tools-for-stm32.11.3.rel1.win32_1.1.100.202309141235/tools/bin/../lib/gcc/arm-none-eabi/11.3.1/thumb/v8-m.main+fp/hard\libgcc.a(_udivmoddi4.o)
                0x00000000080002bc                __udivmoddi4
 .text          0x00000000080005a8        0x4 C:/ST/STM32CubeIDE_1.13.0/STM32CubeIDE/plugins/com.st.stm32cube.ide.mcu.externaltools.gnu-tools-for-stm32.11.3.rel1.win32_1.1.100.202309141235/tools/bin/../lib/gcc/arm-none-eabi/11.3.1/thumb/v8-m.main+fp/hard\libgcc.a(_dvmd_tls.o)
                0x00000000080005a8                __aeabi_idiv0
                0x00000000080005a8                __aeabi_ldiv0
 *(.text*)
 .text.LL_I3C_ClearFlag_FC
                0x00000000080005ac       0x1c ./Application/User/Core/main.o
 .text.LL_I3C_ClearFlag_ERR
                0x00000000080005c8       0x1c ./Application/User/Core/main.o
 .text.I3C_SETAASA
                0x00000000080005e4       0x98 ./Application/User/Core/main.o
                0x00000000080005e4                I3C_SETAASA
 .text.I3C_LL_I2C_PrivateReadReg
                0x000000000800067c      0x130 ./Application/User/Core/main.o
                0x000000000800067c                I3C_LL_I2C_PrivateReadReg
 .text.I3C_LL_PrivateReadReg
                0x00000000080007ac      0x214 ./Application/User/Core/main.o
                0x00000000080007ac                I3C_LL_PrivateReadReg
 .text.main     0x00000000080009c0       0x84 ./Application/User/Core/main.o
                0x00000000080009c0                main
 .text.SystemClock_Config
                0x0000000008000a44       0xd8 ./Application/User/Core/main.o
                0x0000000008000a44                SystemClock_Config
 .text.MX_I2C1_Init
                0x0000000008000b1c       0x80 ./Application/User/Core/main.o
 .text.MX_I3C1_Init
                0x0000000008000b9c       0xe4 ./Application/User/Core/main.o
 .text.MX_ICACHE_Init
                0x0000000008000c80       0x16 ./Application/User/Core/main.o
 .text.MX_MEMORYMAP_Init
                0x0000000008000c96        0xe ./Application/User/Core/main.o
 .text.MX_USART3_UART_Init
                0x0000000008000ca4       0xa4 ./Application/User/Core/main.o
 .text.MX_GPIO_Init
                0x0000000008000d48      0x2ac ./Application/User/Core/main.o
 .text.Error_Handler
                0x0000000008000ff4        0xa ./Application/User/Core/main.o
                0x0000000008000ff4                Error_Handler
 .text.HAL_MspInit
                0x0000000008000ffe        0xe ./Application/User/Core/stm32h5xx_hal_msp.o
                0x0000000008000ffe                HAL_MspInit
 .text.HAL_I2C_MspInit
                0x000000000800100c      0x11c ./Application/User/Core/stm32h5xx_hal_msp.o
                0x000000000800100c                HAL_I2C_MspInit
 .text.HAL_I3C_MspInit
                0x0000000008001128      0x19c ./Application/User/Core/stm32h5xx_hal_msp.o
                0x0000000008001128                HAL_I3C_MspInit
 .text.HAL_UART_MspInit
                0x00000000080012c4      0x11c ./Application/User/Core/stm32h5xx_hal_msp.o
                0x00000000080012c4                HAL_UART_MspInit
 .text.NMI_Handler
                0x00000000080013e0        0x6 ./Application/User/Core/stm32h5xx_it.o
                0x00000000080013e0                NMI_Handler
 .text.HardFault_Handler
                0x00000000080013e6        0x6 ./Application/User/Core/stm32h5xx_it.o
                0x00000000080013e6                HardFault_Handler
 .text.MemManage_Handler
                0x00000000080013ec        0x6 ./Application/User/Core/stm32h5xx_it.o
                0x00000000080013ec                MemManage_Handler
 .text.BusFault_Handler
                0x00000000080013f2        0x6 ./Application/User/Core/stm32h5xx_it.o
                0x00000000080013f2                BusFault_Handler
 .text.UsageFault_Handler
                0x00000000080013f8        0x6 ./Application/User/Core/stm32h5xx_it.o
                0x00000000080013f8                UsageFault_Handler
 .text.SVC_Handler
                0x00000000080013fe        0xe ./Application/User/Core/stm32h5xx_it.o
                0x00000000080013fe                SVC_Handler
 .text.DebugMon_Handler
                0x000000000800140c        0xe ./Application/User/Core/stm32h5xx_it.o
                0x000000000800140c                DebugMon_Handler
 .text.PendSV_Handler
                0x000000000800141a        0xe ./Application/User/Core/stm32h5xx_it.o
                0x000000000800141a                PendSV_Handler
 .text.SysTick_Handler
                0x0000000008001428        0xc ./Application/User/Core/stm32h5xx_it.o
                0x0000000008001428                SysTick_Handler
 .text.Reset_Handler
                0x0000000008001434       0x50 ./Application/User/Startup/startup_stm32h563zitx.o
                0x0000000008001434                Reset_Handler
 .text.Default_Handler
                0x0000000008001484        0x2 ./Application/User/Startup/startup_stm32h563zitx.o
                0x0000000008001484                EXTI2_IRQHandler
                0x0000000008001484                TIM8_TRG_COM_IRQHandler
                0x0000000008001484                TIM8_CC_IRQHandler
                0x0000000008001484                EXTI5_IRQHandler
                0x0000000008001484                I3C1_ER_IRQHandler
                0x0000000008001484                UART8_IRQHandler
                0x0000000008001484                SPI4_IRQHandler
                0x0000000008001484                GPDMA2_Channel1_IRQHandler
                0x0000000008001484                FLASH_S_IRQHandler
                0x0000000008001484                EXTI13_IRQHandler
                0x0000000008001484                TIM1_CC_IRQHandler
                0x0000000008001484                GPDMA2_Channel3_IRQHandler
                0x0000000008001484                TAMP_IRQHandler
                0x0000000008001484                TIM6_IRQHandler
                0x0000000008001484                EXTI12_IRQHandler
                0x0000000008001484                CORDIC_IRQHandler
                0x0000000008001484                USB_DRD_FS_IRQHandler
                0x0000000008001484                EXTI3_IRQHandler
                0x0000000008001484                LPTIM4_IRQHandler
                0x0000000008001484                GPDMA1_Channel5_IRQHandler
                0x0000000008001484                EXTI8_IRQHandler
                0x0000000008001484                GPDMA2_Channel5_IRQHandler
                0x0000000008001484                LPTIM2_IRQHandler
                0x0000000008001484                I2C3_ER_IRQHandler
                0x0000000008001484                GPDMA2_Channel2_IRQHandler
                0x0000000008001484                USART10_IRQHandler
                0x0000000008001484                LPTIM3_IRQHandler
                0x0000000008001484                EXTI0_IRQHandler
                0x0000000008001484                I2C2_EV_IRQHandler
                0x0000000008001484                FPU_IRQHandler
                0x0000000008001484                GPDMA1_Channel3_IRQHandler
                0x0000000008001484                GPDMA1_Channel7_IRQHandler
                0x0000000008001484                FDCAN1_IT1_IRQHandler
                0x0000000008001484                RAMCFG_IRQHandler
                0x0000000008001484                DCACHE1_IRQHandler
                0x0000000008001484                SPI1_IRQHandler
                0x0000000008001484                OCTOSPI1_IRQHandler
                0x0000000008001484                GPDMA1_Channel2_IRQHandler
                0x0000000008001484                TIM8_UP_IRQHandler
                0x0000000008001484                RCC_S_IRQHandler
                0x0000000008001484                SAI2_IRQHandler
                0x0000000008001484                ADC1_IRQHandler
                0x0000000008001484                USART6_IRQHandler
                0x0000000008001484                EXTI15_IRQHandler
                0x0000000008001484                TIM17_IRQHandler
                0x0000000008001484                USART3_IRQHandler
                0x0000000008001484                RTC_IRQHandler
                0x0000000008001484                EXTI9_IRQHandler
                0x0000000008001484                LPTIM5_IRQHandler
                0x0000000008001484                UART5_IRQHandler
                0x0000000008001484                TIM4_IRQHandler
                0x0000000008001484                I2C1_EV_IRQHandler
                0x0000000008001484                GPDMA1_Channel1_IRQHandler
                0x0000000008001484                TIM16_IRQHandler
                0x0000000008001484                UART4_IRQHandler
                0x0000000008001484                SecureFault_Handler
                0x0000000008001484                TIM3_IRQHandler
                0x0000000008001484                RCC_IRQHandler
                0x0000000008001484                UART9_IRQHandler
                0x0000000008001484                TIM1_TRG_COM_IRQHandler
                0x0000000008001484                Default_Handler
                0x0000000008001484                FMAC_IRQHandler
                0x0000000008001484                CEC_IRQHandler
                0x0000000008001484                USART11_IRQHandler
                0x0000000008001484                TIM14_IRQHandler
                0x0000000008001484                TIM13_IRQHandler
                0x0000000008001484                GPDMA2_Channel4_IRQHandler
                0x0000000008001484                SPI5_IRQHandler
                0x0000000008001484                TIM12_IRQHandler
                0x0000000008001484                TIM7_IRQHandler
                0x0000000008001484                SDMMC1_IRQHandler
                0x0000000008001484                TIM5_IRQHandler
                0x0000000008001484                UCPD1_IRQHandler
                0x0000000008001484                GPDMA1_Channel0_IRQHandler
                0x0000000008001484                I3C1_EV_IRQHandler
                0x0000000008001484                TIM15_IRQHandler
                0x0000000008001484                PVD_AVD_IRQHandler
                0x0000000008001484                I2C3_EV_IRQHandler
                0x0000000008001484                ETH_WKUP_IRQHandler
                0x0000000008001484                ADC2_IRQHandler
                0x0000000008001484                SPI2_IRQHandler
                0x0000000008001484                EXTI14_IRQHandler
                0x0000000008001484                EXTI11_IRQHandler
                0x0000000008001484                CRS_IRQHandler
                0x0000000008001484                EXTI4_IRQHandler
                0x0000000008001484                GPDMA2_Channel0_IRQHandler
                0x0000000008001484                RTC_S_IRQHandler
                0x0000000008001484                RNG_IRQHandler
                0x0000000008001484                FDCAN2_IT1_IRQHandler
                0x0000000008001484                ETH_IRQHandler
                0x0000000008001484                GPDMA2_Channel6_IRQHandler
                0x0000000008001484                TIM1_UP_IRQHandler
                0x0000000008001484                UART12_IRQHandler
                0x0000000008001484                WWDG_IRQHandler
                0x0000000008001484                SPI6_IRQHandler
                0x0000000008001484                I2C4_EV_IRQHandler
                0x0000000008001484                FDCAN2_IT0_IRQHandler
                0x0000000008001484                IWDG_IRQHandler
                0x0000000008001484                LPUART1_IRQHandler
                0x0000000008001484                FDCAN1_IT0_IRQHandler
                0x0000000008001484                TIM2_IRQHandler
                0x0000000008001484                GPDMA1_Channel4_IRQHandler
                0x0000000008001484                EXTI7_IRQHandler
                0x0000000008001484                TIM1_BRK_IRQHandler
                0x0000000008001484                EXTI1_IRQHandler
                0x0000000008001484                SDMMC2_IRQHandler
                0x0000000008001484                LPTIM6_IRQHandler
                0x0000000008001484                DAC1_IRQHandler
                0x0000000008001484                DTS_IRQHandler
                0x0000000008001484                UART7_IRQHandler
                0x0000000008001484                GTZC_IRQHandler
                0x0000000008001484                USART2_IRQHandler
                0x0000000008001484                GPDMA1_Channel6_IRQHandler
                0x0000000008001484                GPDMA2_Channel7_IRQHandler
                0x0000000008001484                I2C2_ER_IRQHandler
                0x0000000008001484                TIM8_BRK_IRQHandler
                0x0000000008001484                FLASH_IRQHandler
                0x0000000008001484                USART1_IRQHandler
                0x0000000008001484                EXTI10_IRQHandler
                0x0000000008001484                SPI3_IRQHandler
                0x0000000008001484                I2C1_ER_IRQHandler
                0x0000000008001484                FMC_IRQHandler
                0x0000000008001484                EXTI6_IRQHandler
                0x0000000008001484                LPTIM1_IRQHandler
                0x0000000008001484                DCMI_PSSI_IRQHandler
                0x0000000008001484                I2C4_ER_IRQHandler
                0x0000000008001484                ICACHE_IRQHandler
                0x0000000008001484                SAI1_IRQHandler
                0x0000000008001484                HASH_IRQHandler
 *fill*         0x0000000008001486        0x2 
 .text.SystemInit
                0x0000000008001488       0xf8 ./Drivers/CMSIS/system_stm32h5xx.o
                0x0000000008001488                SystemInit
 .text.HAL_Init
                0x0000000008001580       0x4c ./Drivers/STM32H5xx_HAL_Driver/stm32h5xx_hal.o
                0x0000000008001580                HAL_Init
 .text.HAL_InitTick
                0x00000000080015cc       0x6c ./Drivers/STM32H5xx_HAL_Driver/stm32h5xx_hal.o
                0x00000000080015cc                HAL_InitTick
 .text.HAL_IncTick
                0x0000000008001638       0x28 ./Drivers/STM32H5xx_HAL_Driver/stm32h5xx_hal.o
                0x0000000008001638                HAL_IncTick
 .text.HAL_GetTick
                0x0000000008001660       0x18 ./Drivers/STM32H5xx_HAL_Driver/stm32h5xx_hal.o
                0x0000000008001660                HAL_GetTick
 .text.HAL_Delay
                0x0000000008001678       0x48 ./Drivers/STM32H5xx_HAL_Driver/stm32h5xx_hal.o
                0x0000000008001678                HAL_Delay
 .text.__NVIC_SetPriorityGrouping
                0x00000000080016c0       0x48 ./Drivers/STM32H5xx_HAL_Driver/stm32h5xx_hal_cortex.o
 .text.__NVIC_GetPriorityGrouping
                0x0000000008001708       0x1c ./Drivers/STM32H5xx_HAL_Driver/stm32h5xx_hal_cortex.o
 .text.__NVIC_SetPriority
                0x0000000008001724       0x54 ./Drivers/STM32H5xx_HAL_Driver/stm32h5xx_hal_cortex.o
 .text.NVIC_EncodePriority
                0x0000000008001778       0x66 ./Drivers/STM32H5xx_HAL_Driver/stm32h5xx_hal_cortex.o
 *fill*         0x00000000080017de        0x2 
 .text.SysTick_Config
                0x00000000080017e0       0x44 ./Drivers/STM32H5xx_HAL_Driver/stm32h5xx_hal_cortex.o
 .text.HAL_NVIC_SetPriorityGrouping
                0x0000000008001824       0x16 ./Drivers/STM32H5xx_HAL_Driver/stm32h5xx_hal_cortex.o
                0x0000000008001824                HAL_NVIC_SetPriorityGrouping
 .text.HAL_NVIC_SetPriority
                0x000000000800183a       0x34 ./Drivers/STM32H5xx_HAL_Driver/stm32h5xx_hal_cortex.o
                0x000000000800183a                HAL_NVIC_SetPriority
 .text.HAL_SYSTICK_Config
                0x000000000800186e       0x18 ./Drivers/STM32H5xx_HAL_Driver/stm32h5xx_hal_cortex.o
                0x000000000800186e                HAL_SYSTICK_Config
 *fill*         0x0000000008001886        0x2 
 .text.HAL_GPIO_Init
                0x0000000008001888      0x2a4 ./Drivers/STM32H5xx_HAL_Driver/stm32h5xx_hal_gpio.o
                0x0000000008001888                HAL_GPIO_Init
 .text.HAL_GPIO_WritePin
                0x0000000008001b2c       0x30 ./Drivers/STM32H5xx_HAL_Driver/stm32h5xx_hal_gpio.o
                0x0000000008001b2c                HAL_GPIO_WritePin
 .text.HAL_I2C_Init
                0x0000000008001b5c      0x136 ./Drivers/STM32H5xx_HAL_Driver/stm32h5xx_hal_i2c.o
                0x0000000008001b5c                HAL_I2C_Init
 .text.HAL_I2CEx_ConfigAnalogFilter
                0x0000000008001c92       0x96 ./Drivers/STM32H5xx_HAL_Driver/stm32h5xx_hal_i2c_ex.o
                0x0000000008001c92                HAL_I2CEx_ConfigAnalogFilter
 .text.HAL_I2CEx_ConfigDigitalFilter
                0x0000000008001d28       0x98 ./Drivers/STM32H5xx_HAL_Driver/stm32h5xx_hal_i2c_ex.o
                0x0000000008001d28                HAL_I2CEx_ConfigDigitalFilter
 .text.LL_I3C_Enable
                0x0000000008001dc0       0x20 ./Drivers/STM32H5xx_HAL_Driver/stm32h5xx_hal_i3c.o
 .text.LL_I3C_Disable
                0x0000000008001de0       0x20 ./Drivers/STM32H5xx_HAL_Driver/stm32h5xx_hal_i3c.o
 .text.LL_I3C_SetMode
                0x0000000008001e00       0x26 ./Drivers/STM32H5xx_HAL_Driver/stm32h5xx_hal_i3c.o
 .text.LL_I3C_EnableArbitrationHeader
                0x0000000008001e26       0x20 ./Drivers/STM32H5xx_HAL_Driver/stm32h5xx_hal_i3c.o
 .text.LL_I3C_DisableArbitrationHeader
                0x0000000008001e46       0x20 ./Drivers/STM32H5xx_HAL_Driver/stm32h5xx_hal_i3c.o
 .text.LL_I3C_GetTxFIFOThreshold
                0x0000000008001e66       0x1c ./Drivers/STM32H5xx_HAL_Driver/stm32h5xx_hal_i3c.o
 .text.LL_I3C_IsEnabledControlFIFO
                0x0000000008001e82       0x28 ./Drivers/STM32H5xx_HAL_Driver/stm32h5xx_hal_i3c.o
 .text.LL_I3C_EnableOwnDynAddress
                0x0000000008001eaa       0x20 ./Drivers/STM32H5xx_HAL_Driver/stm32h5xx_hal_i3c.o
 .text.LL_I3C_SetOwnDynamicAddress
                0x0000000008001eca       0x28 ./Drivers/STM32H5xx_HAL_Driver/stm32h5xx_hal_i3c.o
 .text.LL_I3C_ConfigClockWaveForm
                0x0000000008001ef2       0x1e ./Drivers/STM32H5xx_HAL_Driver/stm32h5xx_hal_i3c.o
 .text.LL_I3C_SetAvalTiming
                0x0000000008001f10       0x2a ./Drivers/STM32H5xx_HAL_Driver/stm32h5xx_hal_i3c.o
 .text.LL_I3C_SetCtrlBusCharacteristic
                0x0000000008001f3a       0x1e ./Drivers/STM32H5xx_HAL_Driver/stm32h5xx_hal_i3c.o
 .text.LL_I3C_RequestTransfer
                0x0000000008001f58       0x20 ./Drivers/STM32H5xx_HAL_Driver/stm32h5xx_hal_i3c.o
 .text.LL_I3C_TransmitData8
                0x0000000008001f78       0x1e ./Drivers/STM32H5xx_HAL_Driver/stm32h5xx_hal_i3c.o
 .text.LL_I3C_TransmitData32
                0x0000000008001f96       0x1c ./Drivers/STM32H5xx_HAL_Driver/stm32h5xx_hal_i3c.o
 .text.LL_I3C_GetMessageErrorCode
                0x0000000008001fb2       0x1c ./Drivers/STM32H5xx_HAL_Driver/stm32h5xx_hal_i3c.o
 .text.LL_I3C_IsActiveFlag_PERR
                0x0000000008001fce       0x26 ./Drivers/STM32H5xx_HAL_Driver/stm32h5xx_hal_i3c.o
 .text.LL_I3C_IsActiveFlag_STALL
                0x0000000008001ff4       0x26 ./Drivers/STM32H5xx_HAL_Driver/stm32h5xx_hal_i3c.o
 .text.LL_I3C_IsActiveFlag_DOVR
                0x000000000800201a       0x26 ./Drivers/STM32H5xx_HAL_Driver/stm32h5xx_hal_i3c.o
 .text.LL_I3C_IsActiveFlag_COVR
                0x0000000008002040       0x26 ./Drivers/STM32H5xx_HAL_Driver/stm32h5xx_hal_i3c.o
 .text.LL_I3C_IsActiveFlag_ANACK
                0x0000000008002066       0x28 ./Drivers/STM32H5xx_HAL_Driver/stm32h5xx_hal_i3c.o
 .text.LL_I3C_IsActiveFlag_DNACK
                0x000000000800208e       0x28 ./Drivers/STM32H5xx_HAL_Driver/stm32h5xx_hal_i3c.o
 .text.LL_I3C_IsActiveFlag_DERR
                0x00000000080020b6       0x28 ./Drivers/STM32H5xx_HAL_Driver/stm32h5xx_hal_i3c.o
 .text.LL_I3C_ClearFlag_FC
                0x00000000080020de       0x1c ./Drivers/STM32H5xx_HAL_Driver/stm32h5xx_hal_i3c.o
 .text.LL_I3C_ClearFlag_ERR
                0x00000000080020fa       0x1c ./Drivers/STM32H5xx_HAL_Driver/stm32h5xx_hal_i3c.o
 .text.LL_I3C_ClearFlag_IBI
                0x0000000008002116       0x1c ./Drivers/STM32H5xx_HAL_Driver/stm32h5xx_hal_i3c.o
 .text.LL_I3C_ClearFlag_CR
                0x0000000008002132       0x1c ./Drivers/STM32H5xx_HAL_Driver/stm32h5xx_hal_i3c.o
 .text.LL_I3C_ClearFlag_CRUPD
                0x000000000800214e       0x1c ./Drivers/STM32H5xx_HAL_Driver/stm32h5xx_hal_i3c.o
 .text.LL_I3C_ClearFlag_HJ
                0x000000000800216a       0x1c ./Drivers/STM32H5xx_HAL_Driver/stm32h5xx_hal_i3c.o
 .text.LL_I3C_ClearFlag_WKP
                0x0000000008002186       0x1c ./Drivers/STM32H5xx_HAL_Driver/stm32h5xx_hal_i3c.o
 .text.LL_I3C_ClearFlag_GET
                0x00000000080021a2       0x1c ./Drivers/STM32H5xx_HAL_Driver/stm32h5xx_hal_i3c.o
 .text.LL_I3C_ClearFlag_STA
                0x00000000080021be       0x1c ./Drivers/STM32H5xx_HAL_Driver/stm32h5xx_hal_i3c.o
 .text.LL_I3C_ClearFlag_DAUPD
                0x00000000080021da       0x1c ./Drivers/STM32H5xx_HAL_Driver/stm32h5xx_hal_i3c.o
 .text.LL_I3C_ClearFlag_MWLUPD
                0x00000000080021f6       0x1c ./Drivers/STM32H5xx_HAL_Driver/stm32h5xx_hal_i3c.o
 .text.LL_I3C_ClearFlag_MRLUPD
                0x0000000008002212       0x1c ./Drivers/STM32H5xx_HAL_Driver/stm32h5xx_hal_i3c.o
 .text.LL_I3C_ClearFlag_RST
                0x000000000800222e       0x1c ./Drivers/STM32H5xx_HAL_Driver/stm32h5xx_hal_i3c.o
 .text.LL_I3C_ClearFlag_ASUPD
                0x000000000800224a       0x1c ./Drivers/STM32H5xx_HAL_Driver/stm32h5xx_hal_i3c.o
 .text.LL_I3C_ClearFlag_INTUPD
                0x0000000008002266       0x1c ./Drivers/STM32H5xx_HAL_Driver/stm32h5xx_hal_i3c.o
 .text.LL_I3C_ClearFlag_DEF
                0x0000000008002282       0x1c ./Drivers/STM32H5xx_HAL_Driver/stm32h5xx_hal_i3c.o
 .text.LL_I3C_ClearFlag_GRP
                0x000000000800229e       0x1c ./Drivers/STM32H5xx_HAL_Driver/stm32h5xx_hal_i3c.o
 .text.HAL_I3C_Init
                0x00000000080022ba       0xea ./Drivers/STM32H5xx_HAL_Driver/stm32h5xx_hal_i3c.o
                0x00000000080022ba                HAL_I3C_Init
 .text.HAL_I3C_NotifyCallback
                0x00000000080023a4       0x16 ./Drivers/STM32H5xx_HAL_Driver/stm32h5xx_hal_i3c.o
                0x00000000080023a4                HAL_I3C_NotifyCallback
 .text.HAL_I3C_SetConfigFifo
                0x00000000080023ba       0xa0 ./Drivers/STM32H5xx_HAL_Driver/stm32h5xx_hal_i3c.o
                0x00000000080023ba                HAL_I3C_SetConfigFifo
 .text.HAL_I3C_Ctrl_Config
                0x000000000800245a       0xdc ./Drivers/STM32H5xx_HAL_Driver/stm32h5xx_hal_i3c.o
                0x000000000800245a                HAL_I3C_Ctrl_Config
 *fill*         0x0000000008002536        0x2 
 .text.HAL_I3C_AddDescToFrame
                0x0000000008002538      0x120 ./Drivers/STM32H5xx_HAL_Driver/stm32h5xx_hal_i3c.o
                0x0000000008002538                HAL_I3C_AddDescToFrame
 .text.HAL_I3C_Ctrl_TransmitCCC
                0x0000000008002658      0x1d4 ./Drivers/STM32H5xx_HAL_Driver/stm32h5xx_hal_i3c.o
                0x0000000008002658                HAL_I3C_Ctrl_TransmitCCC
 .text.I3C_Tgt_Event_ISR
                0x000000000800282c      0x20a ./Drivers/STM32H5xx_HAL_Driver/stm32h5xx_hal_i3c.o
 .text.I3C_Ctrl_Event_ISR
                0x0000000008002a36       0x94 ./Drivers/STM32H5xx_HAL_Driver/stm32h5xx_hal_i3c.o
 .text.I3C_TransmitByteTreatment
                0x0000000008002aca       0x50 ./Drivers/STM32H5xx_HAL_Driver/stm32h5xx_hal_i3c.o
 .text.I3C_TransmitWordTreatment
                0x0000000008002b1a       0x5e ./Drivers/STM32H5xx_HAL_Driver/stm32h5xx_hal_i3c.o
 .text.I3C_ControlDataTreatment
                0x0000000008002b78       0x44 ./Drivers/STM32H5xx_HAL_Driver/stm32h5xx_hal_i3c.o
 .text.I3C_StateUpdate
                0x0000000008002bbc       0x58 ./Drivers/STM32H5xx_HAL_Driver/stm32h5xx_hal_i3c.o
 .text.I3C_GetErrorSources
                0x0000000008002c14       0xfa ./Drivers/STM32H5xx_HAL_Driver/stm32h5xx_hal_i3c.o
 .text.I3C_Xfer_PriorPreparation
                0x0000000008002d0e      0x2ea ./Drivers/STM32H5xx_HAL_Driver/stm32h5xx_hal_i3c.o
 .text.I3C_FillTxBuffer_CCC
                0x0000000008002ff8       0x58 ./Drivers/STM32H5xx_HAL_Driver/stm32h5xx_hal_i3c.o
 .text.I3C_FillTxBuffer_Private
                0x0000000008003050       0x5e ./Drivers/STM32H5xx_HAL_Driver/stm32h5xx_hal_i3c.o
 .text.I3C_ControlBuffer_PriorPreparation
                0x00000000080030ae      0x394 ./Drivers/STM32H5xx_HAL_Driver/stm32h5xx_hal_i3c.o
 *fill*         0x0000000008003442        0x2 
 .text.HAL_ICACHE_Enable
                0x0000000008003444       0x20 ./Drivers/STM32H5xx_HAL_Driver/stm32h5xx_hal_icache.o
                0x0000000008003444                HAL_ICACHE_Enable
 .text.HAL_RCC_OscConfig
                0x0000000008003464      0x870 ./Drivers/STM32H5xx_HAL_Driver/stm32h5xx_hal_rcc.o
                0x0000000008003464                HAL_RCC_OscConfig
 .text.HAL_RCC_ClockConfig
                0x0000000008003cd4      0x370 ./Drivers/STM32H5xx_HAL_Driver/stm32h5xx_hal_rcc.o
                0x0000000008003cd4                HAL_RCC_ClockConfig
 .text.HAL_RCC_GetSysClockFreq
                0x0000000008004044      0x258 ./Drivers/STM32H5xx_HAL_Driver/stm32h5xx_hal_rcc.o
                0x0000000008004044                HAL_RCC_GetSysClockFreq
 .text.HAL_RCC_GetHCLKFreq
                0x000000000800429c       0x38 ./Drivers/STM32H5xx_HAL_Driver/stm32h5xx_hal_rcc.o
                0x000000000800429c                HAL_RCC_GetHCLKFreq
 .text.HAL_RCC_GetPCLK1Freq
                0x00000000080042d4       0x2c ./Drivers/STM32H5xx_HAL_Driver/stm32h5xx_hal_rcc.o
                0x00000000080042d4                HAL_RCC_GetPCLK1Freq
 .text.HAL_RCC_GetPCLK2Freq
                0x0000000008004300       0x2c ./Drivers/STM32H5xx_HAL_Driver/stm32h5xx_hal_rcc.o
                0x0000000008004300                HAL_RCC_GetPCLK2Freq
 .text.HAL_RCC_GetPCLK3Freq
                0x000000000800432c       0x2c ./Drivers/STM32H5xx_HAL_Driver/stm32h5xx_hal_rcc.o
                0x000000000800432c                HAL_RCC_GetPCLK3Freq
 .text.HAL_RCCEx_PeriphCLKConfig
                0x0000000008004358     0x1f14 ./Drivers/STM32H5xx_HAL_Driver/stm32h5xx_hal_rcc_ex.o
                0x0000000008004358                HAL_RCCEx_PeriphCLKConfig
 .text.HAL_RCCEx_GetPLL1ClockFreq
                0x000000000800626c      0x2d4 ./Drivers/STM32H5xx_HAL_Driver/stm32h5xx_hal_rcc_ex.o
                0x000000000800626c                HAL_RCCEx_GetPLL1ClockFreq
 .text.HAL_RCCEx_GetPLL2ClockFreq
                0x0000000008006540      0x2d4 ./Drivers/STM32H5xx_HAL_Driver/stm32h5xx_hal_rcc_ex.o
                0x0000000008006540                HAL_RCCEx_GetPLL2ClockFreq
 .text.HAL_RCCEx_GetPLL3ClockFreq
                0x0000000008006814      0x2d4 ./Drivers/STM32H5xx_HAL_Driver/stm32h5xx_hal_rcc_ex.o
                0x0000000008006814                HAL_RCCEx_GetPLL3ClockFreq
 .text.HAL_RCCEx_GetPeriphCLKFreq
                0x0000000008006ae8     0x26b4 ./Drivers/STM32H5xx_HAL_Driver/stm32h5xx_hal_rcc_ex.o
                0x0000000008006ae8                HAL_RCCEx_GetPeriphCLKFreq
 .text.RCCEx_PLL2_Config
                0x000000000800919c      0x130 ./Drivers/STM32H5xx_HAL_Driver/stm32h5xx_hal_rcc_ex.o
 .text.RCCEx_PLL3_Config
                0x00000000080092cc      0x130 ./Drivers/STM32H5xx_HAL_Driver/stm32h5xx_hal_rcc_ex.o
 .text.HAL_UART_Init
                0x00000000080093fc       0xa0 ./Drivers/STM32H5xx_HAL_Driver/stm32h5xx_hal_uart.o
                0x00000000080093fc                HAL_UART_Init
 .text.UART_SetConfig
                0x000000000800949c      0x3dc ./Drivers/STM32H5xx_HAL_Driver/stm32h5xx_hal_uart.o
                0x000000000800949c                UART_SetConfig
 .text.UART_AdvFeatureConfig
                0x0000000008009878      0x144 ./Drivers/STM32H5xx_HAL_Driver/stm32h5xx_hal_uart.o
                0x0000000008009878                UART_AdvFeatureConfig
 .text.UART_CheckIdleState
                0x00000000080099bc      0x154 ./Drivers/STM32H5xx_HAL_Driver/stm32h5xx_hal_uart.o
                0x00000000080099bc                UART_CheckIdleState
 .text.UART_WaitOnFlagUntilTimeout
                0x0000000008009b10       0xce ./Drivers/STM32H5xx_HAL_Driver/stm32h5xx_hal_uart.o
                0x0000000008009b10                UART_WaitOnFlagUntilTimeout
 .text.UART_EndRxTransfer
                0x0000000008009bde       0xcc ./Drivers/STM32H5xx_HAL_Driver/stm32h5xx_hal_uart.o
 .text.HAL_UARTEx_DisableFifoMode
                0x0000000008009caa       0x72 ./Drivers/STM32H5xx_HAL_Driver/stm32h5xx_hal_uart_ex.o
                0x0000000008009caa                HAL_UARTEx_DisableFifoMode
 .text.HAL_UARTEx_SetTxFifoThreshold
                0x0000000008009d1c       0x7c ./Drivers/STM32H5xx_HAL_Driver/stm32h5xx_hal_uart_ex.o
                0x0000000008009d1c                HAL_UARTEx_SetTxFifoThreshold
 .text.HAL_UARTEx_SetRxFifoThreshold
                0x0000000008009d98       0x7c ./Drivers/STM32H5xx_HAL_Driver/stm32h5xx_hal_uart_ex.o
                0x0000000008009d98                HAL_UARTEx_SetRxFifoThreshold
 .text.UARTEx_SetNbDataToProcess
                0x0000000008009e14       0x9c ./Drivers/STM32H5xx_HAL_Driver/stm32h5xx_hal_uart_ex.o
 .text.memset   0x0000000008009eb0       0x10 C:/ST/STM32CubeIDE_1.13.0/STM32CubeIDE/plugins/com.st.stm32cube.ide.mcu.externaltools.gnu-tools-for-stm32.11.3.rel1.win32_1.1.100.202309141235/tools/bin/../lib/gcc/arm-none-eabi/11.3.1/../../../../arm-none-eabi/lib/thumb/v8-m.main+fp/hard\libc_nano.a(libc_a-memset.o)
                0x0000000008009eb0                memset
 .text.__libc_init_array
                0x0000000008009ec0       0x48 C:/ST/STM32CubeIDE_1.13.0/STM32CubeIDE/plugins/com.st.stm32cube.ide.mcu.externaltools.gnu-tools-for-stm32.11.3.rel1.win32_1.1.100.202309141235/tools/bin/../lib/gcc/arm-none-eabi/11.3.1/../../../../arm-none-eabi/lib/thumb/v8-m.main+fp/hard\libc_nano.a(libc_a-init.o)
                0x0000000008009ec0                __libc_init_array
 *(.glue_7)
 .glue_7        0x0000000008009f08        0x0 linker stubs
 *(.glue_7t)
 .glue_7t       0x0000000008009f08        0x0 linker stubs
 *(.eh_frame)
 .eh_frame      0x0000000008009f08        0x0 C:/ST/STM32CubeIDE_1.13.0/STM32CubeIDE/plugins/com.st.stm32cube.ide.mcu.externaltools.gnu-tools-for-stm32.11.3.rel1.win32_1.1.100.202309141235/tools/bin/../lib/gcc/arm-none-eabi/11.3.1/thumb/v8-m.main+fp/hard/crtbegin.o
 *(.init)
 .init          0x0000000008009f08        0x4 C:/ST/STM32CubeIDE_1.13.0/STM32CubeIDE/plugins/com.st.stm32cube.ide.mcu.externaltools.gnu-tools-for-stm32.11.3.rel1.win32_1.1.100.202309141235/tools/bin/../lib/gcc/arm-none-eabi/11.3.1/thumb/v8-m.main+fp/hard/crti.o
                0x0000000008009f08                _init
 .init          0x0000000008009f0c        0x8 C:/ST/STM32CubeIDE_1.13.0/STM32CubeIDE/plugins/com.st.stm32cube.ide.mcu.externaltools.gnu-tools-for-stm32.11.3.rel1.win32_1.1.100.202309141235/tools/bin/../lib/gcc/arm-none-eabi/11.3.1/thumb/v8-m.main+fp/hard/crtn.o
 *(.fini)
 .fini          0x0000000008009f14        0x4 C:/ST/STM32CubeIDE_1.13.0/STM32CubeIDE/plugins/com.st.stm32cube.ide.mcu.externaltools.gnu-tools-for-stm32.11.3.rel1.win32_1.1.100.202309141235/tools/bin/../lib/gcc/arm-none-eabi/11.3.1/thumb/v8-m.main+fp/hard/crti.o
                0x0000000008009f14                _fini
 .fini          0x0000000008009f18        0x8 C:/ST/STM32CubeIDE_1.13.0/STM32CubeIDE/plugins/com.st.stm32cube.ide.mcu.externaltools.gnu-tools-for-stm32.11.3.rel1.win32_1.1.100.202309141235/tools/bin/../lib/gcc/arm-none-eabi/11.3.1/thumb/v8-m.main+fp/hard/crtn.o
                0x0000000008009f20                . = ALIGN (0x4)
                0x0000000008009f20                _etext = .

.vfp11_veneer   0x0000000008009f20        0x0
 .vfp11_veneer  0x0000000008009f20        0x0 linker stubs

.v4_bx          0x0000000008009f20        0x0
 .v4_bx         0x0000000008009f20        0x0 linker stubs

.iplt           0x0000000008009f20        0x0
 .iplt          0x0000000008009f20        0x0 C:/ST/STM32CubeIDE_1.13.0/STM32CubeIDE/plugins/com.st.stm32cube.ide.mcu.externaltools.gnu-tools-for-stm32.11.3.rel1.win32_1.1.100.202309141235/tools/bin/../lib/gcc/arm-none-eabi/11.3.1/thumb/v8-m.main+fp/hard/crtbegin.o

.rodata         0x0000000008009f20       0x40
                0x0000000008009f20                . = ALIGN (0x4)
 *(.rodata)
 *(.rodata*)
 .rodata.AHBPrescTable
                0x0000000008009f20       0x10 ./Drivers/CMSIS/system_stm32h5xx.o
                0x0000000008009f20                AHBPrescTable
 .rodata.APBPrescTable
                0x0000000008009f30        0x8 ./Drivers/CMSIS/system_stm32h5xx.o
                0x0000000008009f30                APBPrescTable
 .rodata.UARTPrescTable
                0x0000000008009f38       0x18 ./Drivers/STM32H5xx_HAL_Driver/stm32h5xx_hal_uart.o
                0x0000000008009f38                UARTPrescTable
 .rodata.numerator.1
                0x0000000008009f50        0x8 ./Drivers/STM32H5xx_HAL_Driver/stm32h5xx_hal_uart_ex.o
 .rodata.denominator.0
                0x0000000008009f58        0x8 ./Drivers/STM32H5xx_HAL_Driver/stm32h5xx_hal_uart_ex.o
                0x0000000008009f60                . = ALIGN (0x4)

.ARM.extab      0x0000000008009f60        0x0
                0x0000000008009f60                . = ALIGN (0x4)
 *(.ARM.extab* .gnu.linkonce.armextab.*)
                0x0000000008009f60                . = ALIGN (0x4)

.ARM            0x0000000008009f60        0x8
                0x0000000008009f60                . = ALIGN (0x4)
                0x0000000008009f60                __exidx_start = .
 *(.ARM.exidx*)
 .ARM.exidx     0x0000000008009f60        0x8 C:/ST/STM32CubeIDE_1.13.0/STM32CubeIDE/plugins/com.st.stm32cube.ide.mcu.externaltools.gnu-tools-for-stm32.11.3.rel1.win32_1.1.100.202309141235/tools/bin/../lib/gcc/arm-none-eabi/11.3.1/thumb/v8-m.main+fp/hard\libgcc.a(_udivmoddi4.o)
                0x0000000008009f68                __exidx_end = .
                0x0000000008009f68                . = ALIGN (0x4)

.rel.dyn        0x0000000008009f68        0x0
 .rel.iplt      0x0000000008009f68        0x0 C:/ST/STM32CubeIDE_1.13.0/STM32CubeIDE/plugins/com.st.stm32cube.ide.mcu.externaltools.gnu-tools-for-stm32.11.3.rel1.win32_1.1.100.202309141235/tools/bin/../lib/gcc/arm-none-eabi/11.3.1/thumb/v8-m.main+fp/hard/crtbegin.o

.preinit_array  0x0000000008009f68        0x0
                0x0000000008009f68                . = ALIGN (0x4)
                0x0000000008009f68                PROVIDE (__preinit_array_start = .)
 *(.preinit_array*)
                0x0000000008009f68                PROVIDE (__preinit_array_end = .)
                0x0000000008009f68                . = ALIGN (0x4)

.init_array     0x0000000008009f68        0x4
                0x0000000008009f68                . = ALIGN (0x4)
                0x0000000008009f68                PROVIDE (__init_array_start = .)
 *(SORT_BY_NAME(.init_array.*))
 *(.init_array*)
 .init_array    0x0000000008009f68        0x4 C:/ST/STM32CubeIDE_1.13.0/STM32CubeIDE/plugins/com.st.stm32cube.ide.mcu.externaltools.gnu-tools-for-stm32.11.3.rel1.win32_1.1.100.202309141235/tools/bin/../lib/gcc/arm-none-eabi/11.3.1/thumb/v8-m.main+fp/hard/crtbegin.o
                0x0000000008009f6c                PROVIDE (__init_array_end = .)
                0x0000000008009f6c                . = ALIGN (0x4)

.fini_array     0x0000000008009f6c        0x4
                0x0000000008009f6c                . = ALIGN (0x4)
                [!provide]                        PROVIDE (__fini_array_start = .)
 *(SORT_BY_NAME(.fini_array.*))
 *(.fini_array*)
 .fini_array    0x0000000008009f6c        0x4 C:/ST/STM32CubeIDE_1.13.0/STM32CubeIDE/plugins/com.st.stm32cube.ide.mcu.externaltools.gnu-tools-for-stm32.11.3.rel1.win32_1.1.100.202309141235/tools/bin/../lib/gcc/arm-none-eabi/11.3.1/thumb/v8-m.main+fp/hard/crtbegin.o
                [!provide]                        PROVIDE (__fini_array_end = .)
                0x0000000008009f70                . = ALIGN (0x4)
                0x0000000008009f70                _sidata = LOADADDR (.data)

.data           0x0000000020000000        0xc load address 0x0000000008009f70
                0x0000000020000000                . = ALIGN (0x4)
                0x0000000020000000                _sdata = .
 *(.data)
 *(.data*)
 .data.SystemCoreClock
                0x0000000020000000        0x4 ./Drivers/CMSIS/system_stm32h5xx.o
                0x0000000020000000                SystemCoreClock
 .data.uwTickPrio
                0x0000000020000004        0x4 ./Drivers/STM32H5xx_HAL_Driver/stm32h5xx_hal.o
                0x0000000020000004                uwTickPrio
 .data.uwTickFreq
                0x0000000020000008        0x1 ./Drivers/STM32H5xx_HAL_Driver/stm32h5xx_hal.o
                0x0000000020000008                uwTickFreq
 *(.RamFunc)
 *(.RamFunc*)
                0x000000002000000c                . = ALIGN (0x4)
 *fill*         0x0000000020000009        0x3 
                0x000000002000000c                _edata = .

.igot.plt       0x000000002000000c        0x0 load address 0x0000000008009f7c
 .igot.plt      0x000000002000000c        0x0 C:/ST/STM32CubeIDE_1.13.0/STM32CubeIDE/plugins/com.st.stm32cube.ide.mcu.externaltools.gnu-tools-for-stm32.11.3.rel1.win32_1.1.100.202309141235/tools/bin/../lib/gcc/arm-none-eabi/11.3.1/thumb/v8-m.main+fp/hard/crtbegin.o
                0x000000002000000c                . = ALIGN (0x4)

.bss            0x000000002000000c      0x164 load address 0x0000000008009f7c
                0x000000002000000c                _sbss = .
                0x000000002000000c                __bss_start__ = _sbss
 *(.bss)
 .bss           0x000000002000000c       0x1c C:/ST/STM32CubeIDE_1.13.0/STM32CubeIDE/plugins/com.st.stm32cube.ide.mcu.externaltools.gnu-tools-for-stm32.11.3.rel1.win32_1.1.100.202309141235/tools/bin/../lib/gcc/arm-none-eabi/11.3.1/thumb/v8-m.main+fp/hard/crtbegin.o
 *(.bss*)
 .bss.hi2c1     0x0000000020000028       0x54 ./Application/User/Core/main.o
                0x0000000020000028                hi2c1
 .bss.hi3c1     0x000000002000007c       0x58 ./Application/User/Core/main.o
                0x000000002000007c                hi3c1
 .bss.huart3    0x00000000200000d4       0x94 ./Application/User/Core/main.o
                0x00000000200000d4                huart3
 .bss.i3c_dbg_i
                0x0000000020000168        0x4 ./Application/User/Core/main.o
                0x0000000020000168                i3c_dbg_i
 .bss.uwTick    0x000000002000016c        0x4 ./Drivers/STM32H5xx_HAL_Driver/stm32h5xx_hal.o
                0x000000002000016c                uwTick
 *(COMMON)
                0x0000000020000170                . = ALIGN (0x4)
                0x0000000020000170                _ebss = .
                0x0000000020000170                __bss_end__ = _ebss

._user_heap_stack
                0x0000000020000170      0x600 load address 0x0000000008009f7c
                0x0000000020000170                . = ALIGN (0x8)
                [!provide]                        PROVIDE (end = .)
                0x0000000020000170                PROVIDE (_end = .)
                0x0000000020000370                . = (. + _Min_Heap_Size)
 *fill*         0x0000000020000170      0x200 
                0x0000000020000770                . = (. + _Min_Stack_Size)
 *fill*         0x0000000020000370      0x400 
                0x0000000020000770                . = ALIGN (0x8)

/DISCARD/
 libc.a(*)
 libm.a(*)
 libgcc.a(*)

.ARM.attributes
                0x0000000000000000       0x36
 *(.ARM.attributes)
 .ARM.attributes
                0x0000000000000000       0x22 C:/ST/STM32CubeIDE_1.13.0/STM32CubeIDE/plugins/com.st.stm32cube.ide.mcu.externaltools.gnu-tools-for-stm32.11.3.rel1.win32_1.1.100.202309141235/tools/bin/../lib/gcc/arm-none-eabi/11.3.1/thumb/v8-m.main+fp/hard/crti.o
 .ARM.attributes
                0x0000000000000022       0x38 C:/ST/STM32CubeIDE_1.13.0/STM32CubeIDE/plugins/com.st.stm32cube.ide.mcu.externaltools.gnu-tools-for-stm32.11.3.rel1.win32_1.1.100.202309141235/tools/bin/../lib/gcc/arm-none-eabi/11.3.1/thumb/v8-m.main+fp/hard/crtbegin.o
 .ARM.attributes
                0x000000000000005a       0x3a ./Application/User/Core/main.o
 .ARM.attributes
                0x0000000000000094       0x3a ./Application/User/Core/stm32h5xx_hal_msp.o
 .ARM.attributes
                0x00000000000000ce       0x3a ./Application/User/Core/stm32h5xx_it.o
 .ARM.attributes
                0x0000000000000108       0x24 ./Application/User/Startup/startup_stm32h563zitx.o
 .ARM.attributes
                0x000000000000012c       0x3a ./Drivers/CMSIS/system_stm32h5xx.o
 .ARM.attributes
                0x0000000000000166       0x3a ./Drivers/STM32H5xx_HAL_Driver/stm32h5xx_hal.o
 .ARM.attributes
                0x00000000000001a0       0x3a ./Drivers/STM32H5xx_HAL_Driver/stm32h5xx_hal_cortex.o
 .ARM.attributes
                0x00000000000001da       0x3a ./Drivers/STM32H5xx_HAL_Driver/stm32h5xx_hal_gpio.o
 .ARM.attributes
                0x0000000000000214       0x3a ./Drivers/STM32H5xx_HAL_Driver/stm32h5xx_hal_i2c.o
 .ARM.attributes
                0x000000000000024e       0x3a ./Drivers/STM32H5xx_HAL_Driver/stm32h5xx_hal_i2c_ex.o
 .ARM.attributes
                0x0000000000000288       0x3a ./Drivers/STM32H5xx_HAL_Driver/stm32h5xx_hal_i3c.o
 .ARM.attributes
                0x00000000000002c2       0x3a ./Drivers/STM32H5xx_HAL_Driver/stm32h5xx_hal_icache.o
 .ARM.attributes
                0x00000000000002fc       0x3a ./Drivers/STM32H5xx_HAL_Driver/stm32h5xx_hal_rcc.o
 .ARM.attributes
                0x0000000000000336       0x3a ./Drivers/STM32H5xx_HAL_Driver/stm32h5xx_hal_rcc_ex.o
 .ARM.attributes
                0x0000000000000370       0x3a ./Drivers/STM32H5xx_HAL_Driver/stm32h5xx_hal_uart.o
 .ARM.attributes
                0x00000000000003aa       0x3a ./Drivers/STM32H5xx_HAL_Driver/stm32h5xx_hal_uart_ex.o
 .ARM.attributes
                0x00000000000003e4       0x38 C:/ST/STM32CubeIDE_1.13.0/STM32CubeIDE/plugins/com.st.stm32cube.ide.mcu.externaltools.gnu-tools-for-stm32.11.3.rel1.win32_1.1.100.202309141235/tools/bin/../lib/gcc/arm-none-eabi/11.3.1/../../../../arm-none-eabi/lib/thumb/v8-m.main+fp/hard\libc_nano.a(libc_a-memset.o)
 .ARM.attributes
                0x000000000000041c       0x38 C:/ST/STM32CubeIDE_1.13.0/STM32CubeIDE/plugins/com.st.stm32cube.ide.mcu.externaltools.gnu-tools-for-stm32.11.3.rel1.win32_1.1.100.202309141235/tools/bin/../lib/gcc/arm-none-eabi/11.3.1/../../../../arm-none-eabi/lib/thumb/v8-m.main+fp/hard\libc_nano.a(libc_a-init.o)
 .ARM.attributes
                0x0000000000000454       0x22 C:/ST/STM32CubeIDE_1.13.0/STM32CubeIDE/plugins/com.st.stm32cube.ide.mcu.externaltools.gnu-tools-for-stm32.11.3.rel1.win32_1.1.100.202309141235/tools/bin/../lib/gcc/arm-none-eabi/11.3.1/thumb/v8-m.main+fp/hard\libgcc.a(_aeabi_uldivmod.o)
 .ARM.attributes
                0x0000000000000476       0x38 C:/ST/STM32CubeIDE_1.13.0/STM32CubeIDE/plugins/com.st.stm32cube.ide.mcu.externaltools.gnu-tools-for-stm32.11.3.rel1.win32_1.1.100.202309141235/tools/bin/../lib/gcc/arm-none-eabi/11.3.1/thumb/v8-m.main+fp/hard\libgcc.a(_udivmoddi4.o)
 .ARM.attributes
                0x00000000000004ae       0x22 C:/ST/STM32CubeIDE_1.13.0/STM32CubeIDE/plugins/com.st.stm32cube.ide.mcu.externaltools.gnu-tools-for-stm32.11.3.rel1.win32_1.1.100.202309141235/tools/bin/../lib/gcc/arm-none-eabi/11.3.1/thumb/v8-m.main+fp/hard\libgcc.a(_dvmd_tls.o)
 .ARM.attributes
                0x00000000000004d0       0x22 C:/ST/STM32CubeIDE_1.13.0/STM32CubeIDE/plugins/com.st.stm32cube.ide.mcu.externaltools.gnu-tools-for-stm32.11.3.rel1.win32_1.1.100.202309141235/tools/bin/../lib/gcc/arm-none-eabi/11.3.1/thumb/v8-m.main+fp/hard/crtn.o
OUTPUT(DDR5_TestPlatform.elf elf32-littlearm)
LOAD linker stubs
LOAD C:/ST/STM32CubeIDE_1.13.0/STM32CubeIDE/plugins/com.st.stm32cube.ide.mcu.externaltools.gnu-tools-for-stm32.11.3.rel1.win32_1.1.100.202309141235/tools/bin/../lib/gcc/arm-none-eabi/11.3.1/../../../../arm-none-eabi/lib/thumb/v8-m.main+fp/hard\libc.a
LOAD C:/ST/STM32CubeIDE_1.13.0/STM32CubeIDE/plugins/com.st.stm32cube.ide.mcu.externaltools.gnu-tools-for-stm32.11.3.rel1.win32_1.1.100.202309141235/tools/bin/../lib/gcc/arm-none-eabi/11.3.1/../../../../arm-none-eabi/lib/thumb/v8-m.main+fp/hard\libm.a
LOAD C:/ST/STM32CubeIDE_1.13.0/STM32CubeIDE/plugins/com.st.stm32cube.ide.mcu.externaltools.gnu-tools-for-stm32.11.3.rel1.win32_1.1.100.202309141235/tools/bin/../lib/gcc/arm-none-eabi/11.3.1/thumb/v8-m.main+fp/hard\libgcc.a

.comment        0x0000000000000000       0x43
 .comment       0x0000000000000000       0x43 C:/ST/STM32CubeIDE_1.13.0/STM32CubeIDE/plugins/com.st.stm32cube.ide.mcu.externaltools.gnu-tools-for-stm32.11.3.rel1.win32_1.1.100.202309141235/tools/bin/../lib/gcc/arm-none-eabi/11.3.1/thumb/v8-m.main+fp/hard/crtbegin.o
                                         0x44 (size before relaxing)
 .comment       0x0000000000000043       0x44 ./Application/User/Core/main.o
 .comment       0x0000000000000043       0x44 ./Application/User/Core/stm32h5xx_hal_msp.o
 .comment       0x0000000000000043       0x44 ./Application/User/Core/stm32h5xx_it.o
 .comment       0x0000000000000043       0x44 ./Drivers/CMSIS/system_stm32h5xx.o
 .comment       0x0000000000000043       0x44 ./Drivers/STM32H5xx_HAL_Driver/stm32h5xx_hal.o
 .comment       0x0000000000000043       0x44 ./Drivers/STM32H5xx_HAL_Driver/stm32h5xx_hal_cortex.o
 .comment       0x0000000000000043       0x44 ./Drivers/STM32H5xx_HAL_Driver/stm32h5xx_hal_gpio.o
 .comment       0x0000000000000043       0x44 ./Drivers/STM32H5xx_HAL_Driver/stm32h5xx_hal_i2c.o
 .comment       0x0000000000000043       0x44 ./Drivers/STM32H5xx_HAL_Driver/stm32h5xx_hal_i2c_ex.o
 .comment       0x0000000000000043       0x44 ./Drivers/STM32H5xx_HAL_Driver/stm32h5xx_hal_i3c.o
 .comment       0x0000000000000043       0x44 ./Drivers/STM32H5xx_HAL_Driver/stm32h5xx_hal_icache.o
 .comment       0x0000000000000043       0x44 ./Drivers/STM32H5xx_HAL_Driver/stm32h5xx_hal_rcc.o
 .comment       0x0000000000000043       0x44 ./Drivers/STM32H5xx_HAL_Driver/stm32h5xx_hal_rcc_ex.o
 .comment       0x0000000000000043       0x44 ./Drivers/STM32H5xx_HAL_Driver/stm32h5xx_hal_uart.o
 .comment       0x0000000000000043       0x44 ./Drivers/STM32H5xx_HAL_Driver/stm32h5xx_hal_uart_ex.o

.debug_info     0x0000000000000000    0x16e04
 .debug_info    0x0000000000000000     0x2a09 ./Application/User/Core/main.o
 .debug_info    0x0000000000002a09     0x1d19 ./Application/User/Core/stm32h5xx_hal_msp.o
 .debug_info    0x0000000000004722      0x128 ./Application/User/Core/stm32h5xx_it.o
 .debug_info    0x000000000000484a       0x23 ./Application/User/Startup/startup_stm32h563zitx.o
 .debug_info    0x000000000000486d      0xd8e ./Drivers/CMSIS/system_stm32h5xx.o
 .debug_info    0x00000000000055fb     0x1361 ./Drivers/STM32H5xx_HAL_Driver/stm32h5xx_hal.o
 .debug_info    0x000000000000695c     0x15f8 ./Drivers/STM32H5xx_HAL_Driver/stm32h5xx_hal_cortex.o
 .debug_info    0x0000000000007f54      0x6b6 ./Drivers/STM32H5xx_HAL_Driver/stm32h5xx_hal_gpio.o
 .debug_info    0x000000000000860a     0x22d6 ./Drivers/STM32H5xx_HAL_Driver/stm32h5xx_hal_i2c.o
 .debug_info    0x000000000000a8e0      0x901 ./Drivers/STM32H5xx_HAL_Driver/stm32h5xx_hal_i2c_ex.o
 .debug_info    0x000000000000b1e1     0x42a7 ./Drivers/STM32H5xx_HAL_Driver/stm32h5xx_hal_i3c.o
 .debug_info    0x000000000000f488      0x4e9 ./Drivers/STM32H5xx_HAL_Driver/stm32h5xx_hal_icache.o
 .debug_info    0x000000000000f971     0x109f ./Drivers/STM32H5xx_HAL_Driver/stm32h5xx_hal_rcc.o
 .debug_info    0x0000000000010a10     0x12d7 ./Drivers/STM32H5xx_HAL_Driver/stm32h5xx_hal_rcc_ex.o
 .debug_info    0x0000000000011ce7     0x4030 ./Drivers/STM32H5xx_HAL_Driver/stm32h5xx_hal_uart.o
 .debug_info    0x0000000000015d17     0x10ed ./Drivers/STM32H5xx_HAL_Driver/stm32h5xx_hal_uart_ex.o

.debug_abbrev   0x0000000000000000     0x22ee
 .debug_abbrev  0x0000000000000000      0x3b9 ./Application/User/Core/main.o
 .debug_abbrev  0x00000000000003b9      0x25a ./Application/User/Core/stm32h5xx_hal_msp.o
 .debug_abbrev  0x0000000000000613       0x73 ./Application/User/Core/stm32h5xx_it.o
 .debug_abbrev  0x0000000000000686       0x12 ./Application/User/Startup/startup_stm32h563zitx.o
 .debug_abbrev  0x0000000000000698      0x13a ./Drivers/CMSIS/system_stm32h5xx.o
 .debug_abbrev  0x00000000000007d2      0x29c ./Drivers/STM32H5xx_HAL_Driver/stm32h5xx_hal.o
 .debug_abbrev  0x0000000000000a6e      0x30d ./Drivers/STM32H5xx_HAL_Driver/stm32h5xx_hal_cortex.o
 .debug_abbrev  0x0000000000000d7b      0x1db ./Drivers/STM32H5xx_HAL_Driver/stm32h5xx_hal_gpio.o
 .debug_abbrev  0x0000000000000f56      0x270 ./Drivers/STM32H5xx_HAL_Driver/stm32h5xx_hal_i2c.o
 .debug_abbrev  0x00000000000011c6      0x1a7 ./Drivers/STM32H5xx_HAL_Driver/stm32h5xx_hal_i2c_ex.o
 .debug_abbrev  0x000000000000136d      0x287 ./Drivers/STM32H5xx_HAL_Driver/stm32h5xx_hal_i3c.o
 .debug_abbrev  0x00000000000015f4      0x228 ./Drivers/STM32H5xx_HAL_Driver/stm32h5xx_hal_icache.o
 .debug_abbrev  0x000000000000181c      0x290 ./Drivers/STM32H5xx_HAL_Driver/stm32h5xx_hal_rcc.o
 .debug_abbrev  0x0000000000001aac      0x269 ./Drivers/STM32H5xx_HAL_Driver/stm32h5xx_hal_rcc_ex.o
 .debug_abbrev  0x0000000000001d15      0x305 ./Drivers/STM32H5xx_HAL_Driver/stm32h5xx_hal_uart.o
 .debug_abbrev  0x000000000000201a      0x2d4 ./Drivers/STM32H5xx_HAL_Driver/stm32h5xx_hal_uart_ex.o

.debug_aranges  0x0000000000000000     0x1398
 .debug_aranges
                0x0000000000000000       0xd8 ./Application/User/Core/main.o
 .debug_aranges
                0x00000000000000d8       0x50 ./Application/User/Core/stm32h5xx_hal_msp.o
 .debug_aranges
                0x0000000000000128       0x60 ./Application/User/Core/stm32h5xx_it.o
 .debug_aranges
                0x0000000000000188       0x28 ./Application/User/Startup/startup_stm32h563zitx.o
 .debug_aranges
                0x00000000000001b0       0x28 ./Drivers/CMSIS/system_stm32h5xx.o
 .debug_aranges
                0x00000000000001d8      0x200 ./Drivers/STM32H5xx_HAL_Driver/stm32h5xx_hal.o
 .debug_aranges
                0x00000000000003d8      0x130 ./Drivers/STM32H5xx_HAL_Driver/stm32h5xx_hal_cortex.o
 .debug_aranges
                0x0000000000000508       0x78 ./Drivers/STM32H5xx_HAL_Driver/stm32h5xx_hal_gpio.o
 .debug_aranges
                0x0000000000000580      0x2a0 ./Drivers/STM32H5xx_HAL_Driver/stm32h5xx_hal_i2c.o
 .debug_aranges
                0x0000000000000820       0x40 ./Drivers/STM32H5xx_HAL_Driver/stm32h5xx_hal_i2c_ex.o
 .debug_aranges
                0x0000000000000860      0x5f8 ./Drivers/STM32H5xx_HAL_Driver/stm32h5xx_hal_i3c.o
 .debug_aranges
                0x0000000000000e58       0xa8 ./Drivers/STM32H5xx_HAL_Driver/stm32h5xx_hal_icache.o
 .debug_aranges
                0x0000000000000f00       0xa0 ./Drivers/STM32H5xx_HAL_Driver/stm32h5xx_hal_rcc.o
 .debug_aranges
                0x0000000000000fa0      0x108 ./Drivers/STM32H5xx_HAL_Driver/stm32h5xx_hal_rcc_ex.o
 .debug_aranges
                0x00000000000010a8      0x248 ./Drivers/STM32H5xx_HAL_Driver/stm32h5xx_hal_uart.o
 .debug_aranges
                0x00000000000012f0       0xa8 ./Drivers/STM32H5xx_HAL_Driver/stm32h5xx_hal_uart_ex.o

.debug_rnglists
                0x0000000000000000      0xf5a
 .debug_rnglists
                0x0000000000000000       0xb0 ./Application/User/Core/main.o
 .debug_rnglists
                0x00000000000000b0       0x3a ./Application/User/Core/stm32h5xx_hal_msp.o
 .debug_rnglists
                0x00000000000000ea       0x43 ./Application/User/Core/stm32h5xx_it.o
 .debug_rnglists
                0x000000000000012d       0x19 ./Application/User/Startup/startup_stm32h563zitx.o
 .debug_rnglists
                0x0000000000000146       0x1b ./Drivers/CMSIS/system_stm32h5xx.o
 .debug_rnglists
                0x0000000000000161      0x17c ./Drivers/STM32H5xx_HAL_Driver/stm32h5xx_hal.o
 .debug_rnglists
                0x00000000000002dd       0xe0 ./Drivers/STM32H5xx_HAL_Driver/stm32h5xx_hal_cortex.o
 .debug_rnglists
                0x00000000000003bd       0x57 ./Drivers/STM32H5xx_HAL_Driver/stm32h5xx_hal_gpio.o
 .debug_rnglists
                0x0000000000000414      0x228 ./Drivers/STM32H5xx_HAL_Driver/stm32h5xx_hal_i2c.o
 .debug_rnglists
                0x000000000000063c       0x30 ./Drivers/STM32H5xx_HAL_Driver/stm32h5xx_hal_i2c_ex.o
 .debug_rnglists
                0x000000000000066c      0x4b2 ./Drivers/STM32H5xx_HAL_Driver/stm32h5xx_hal_i3c.o
 .debug_rnglists
                0x0000000000000b1e       0x7a ./Drivers/STM32H5xx_HAL_Driver/stm32h5xx_hal_icache.o
 .debug_rnglists
                0x0000000000000b98       0x79 ./Drivers/STM32H5xx_HAL_Driver/stm32h5xx_hal_rcc.o
 .debug_rnglists
                0x0000000000000c11       0xcf ./Drivers/STM32H5xx_HAL_Driver/stm32h5xx_hal_rcc_ex.o
 .debug_rnglists
                0x0000000000000ce0      0x1fb ./Drivers/STM32H5xx_HAL_Driver/stm32h5xx_hal_uart.o
 .debug_rnglists
                0x0000000000000edb       0x7f ./Drivers/STM32H5xx_HAL_Driver/stm32h5xx_hal_uart_ex.o

.debug_macro    0x0000000000000000    0x31037
 .debug_macro   0x0000000000000000      0x2aa ./Application/User/Core/main.o
 .debug_macro   0x00000000000002aa      0xaae ./Application/User/Core/main.o
 .debug_macro   0x0000000000000d58      0x1d6 ./Application/User/Core/main.o
 .debug_macro   0x0000000000000f2e       0x22 ./Application/User/Core/main.o
 .debug_macro   0x0000000000000f50       0x5b ./Application/User/Core/main.o
 .debug_macro   0x0000000000000fab       0x2a ./Application/User/Core/main.o
 .debug_macro   0x0000000000000fd5       0x94 ./Application/User/Core/main.o
 .debug_macro   0x0000000000001069       0x43 ./Application/User/Core/main.o
 .debug_macro   0x00000000000010ac       0x34 ./Application/User/Core/main.o
 .debug_macro   0x00000000000010e0      0x174 ./Application/User/Core/main.o
 .debug_macro   0x0000000000001254       0x16 ./Application/User/Core/main.o
 .debug_macro   0x000000000000126a       0x43 ./Application/User/Core/main.o
 .debug_macro   0x00000000000012ad       0x57 ./Application/User/Core/main.o
 .debug_macro   0x0000000000001304       0x34 ./Application/User/Core/main.o
 .debug_macro   0x0000000000001338       0x10 ./Application/User/Core/main.o
 .debug_macro   0x0000000000001348       0x58 ./Application/User/Core/main.o
 .debug_macro   0x00000000000013a0       0x8e ./Application/User/Core/main.o
 .debug_macro   0x000000000000142e       0x1c ./Application/User/Core/main.o
 .debug_macro   0x000000000000144a      0x177 ./Application/User/Core/main.o
 .debug_macro   0x00000000000015c1      0x369 ./Application/User/Core/main.o
 .debug_macro   0x000000000000192a      0x19b ./Application/User/Core/main.o
 .debug_macro   0x0000000000001ac5       0x28 ./Application/User/Core/main.o
 .debug_macro   0x0000000000001aed       0x49 ./Application/User/Core/main.o
 .debug_macro   0x0000000000001b36      0x103 ./Application/User/Core/main.o
 .debug_macro   0x0000000000001c39       0x6a ./Application/User/Core/main.o
 .debug_macro   0x0000000000001ca3      0x1df ./Application/User/Core/main.o
 .debug_macro   0x0000000000001e82       0x1c ./Application/User/Core/main.o
 .debug_macro   0x0000000000001e9e       0x29 ./Application/User/Core/main.o
 .debug_macro   0x0000000000001ec7       0xfb ./Application/User/Core/main.o
 .debug_macro   0x0000000000001fc2     0x1685 ./Application/User/Core/main.o
 .debug_macro   0x0000000000003647       0x5e ./Application/User/Core/main.o
 .debug_macro   0x00000000000036a5    0x20913 ./Application/User/Core/main.o
 .debug_macro   0x0000000000023fb8       0x6d ./Application/User/Core/main.o
 .debug_macro   0x0000000000024025     0x387c ./Application/User/Core/main.o
 .debug_macro   0x00000000000278a1       0x63 ./Application/User/Core/main.o
 .debug_macro   0x0000000000027904     0x1ee3 ./Application/User/Core/main.o
 .debug_macro   0x00000000000297e7      0xe96 ./Application/User/Core/main.o
 .debug_macro   0x000000000002a67d      0x15f ./Application/User/Core/main.o
 .debug_macro   0x000000000002a7dc      0x2ff ./Application/User/Core/main.o
 .debug_macro   0x000000000002aadb       0xca ./Application/User/Core/main.o
 .debug_macro   0x000000000002aba5      0x917 ./Application/User/Core/main.o
 .debug_macro   0x000000000002b4bc      0x478 ./Application/User/Core/main.o
 .debug_macro   0x000000000002b934       0xd6 ./Application/User/Core/main.o
 .debug_macro   0x000000000002ba0a      0x1ce ./Application/User/Core/main.o
 .debug_macro   0x000000000002bbd8      0x554 ./Application/User/Core/main.o
 .debug_macro   0x000000000002c12c      0x5eb ./Application/User/Core/main.o
 .debug_macro   0x000000000002c717       0x74 ./Application/User/Core/main.o
 .debug_macro   0x000000000002c78b      0x22c ./Application/User/Core/main.o
 .debug_macro   0x000000000002c9b7       0x35 ./Application/User/Core/main.o
 .debug_macro   0x000000000002c9ec       0xa5 ./Application/User/Core/main.o
 .debug_macro   0x000000000002ca91      0x424 ./Application/User/Core/main.o
 .debug_macro   0x000000000002ceb5      0x4e2 ./Application/User/Core/main.o
 .debug_macro   0x000000000002d397      0x313 ./Application/User/Core/main.o
 .debug_macro   0x000000000002d6aa      0x1bb ./Application/User/Core/main.o
 .debug_macro   0x000000000002d865      0x693 ./Application/User/Core/main.o
 .debug_macro   0x000000000002def8       0xa6 ./Application/User/Core/main.o
 .debug_macro   0x000000000002df9e      0x2a0 ./Application/User/Core/main.o
 .debug_macro   0x000000000002e23e      0x485 ./Application/User/Core/main.o
 .debug_macro   0x000000000002e6c3      0x2b4 ./Application/User/Core/main.o
 .debug_macro   0x000000000002e977      0x2a4 ./Application/User/Core/stm32h5xx_hal_msp.o
 .debug_macro   0x000000000002ec1b      0x2ae ./Application/User/Core/stm32h5xx_it.o
 .debug_macro   0x000000000002eec9      0x29c ./Drivers/CMSIS/system_stm32h5xx.o
 .debug_macro   0x000000000002f165      0x2cb ./Drivers/STM32H5xx_HAL_Driver/stm32h5xx_hal.o
 .debug_macro   0x000000000002f430      0x295 ./Drivers/STM32H5xx_HAL_Driver/stm32h5xx_hal_cortex.o
 .debug_macro   0x000000000002f6c5      0x2cb ./Drivers/STM32H5xx_HAL_Driver/stm32h5xx_hal_gpio.o
 .debug_macro   0x000000000002f990      0x361 ./Drivers/STM32H5xx_HAL_Driver/stm32h5xx_hal_i2c.o
 .debug_macro   0x000000000002fcf1      0x295 ./Drivers/STM32H5xx_HAL_Driver/stm32h5xx_hal_i2c_ex.o
 .debug_macro   0x000000000002ff86      0x30d ./Drivers/STM32H5xx_HAL_Driver/stm32h5xx_hal_i3c.o
 .debug_macro   0x0000000000030293      0x2c5 ./Drivers/STM32H5xx_HAL_Driver/stm32h5xx_hal_icache.o
 .debug_macro   0x0000000000030558      0x2d7 ./Drivers/STM32H5xx_HAL_Driver/stm32h5xx_hal_rcc.o
 .debug_macro   0x000000000003082f      0x2a7 ./Drivers/STM32H5xx_HAL_Driver/stm32h5xx_hal_rcc_ex.o
 .debug_macro   0x0000000000030ad6      0x2c0 ./Drivers/STM32H5xx_HAL_Driver/stm32h5xx_hal_uart.o
 .debug_macro   0x0000000000030d96      0x2a1 ./Drivers/STM32H5xx_HAL_Driver/stm32h5xx_hal_uart_ex.o

.debug_line     0x0000000000000000    0x1919d
 .debug_line    0x0000000000000000     0x16dd ./Application/User/Core/main.o
 .debug_line    0x00000000000016dd      0xa6b ./Application/User/Core/stm32h5xx_hal_msp.o
 .debug_line    0x0000000000002148      0x9f3 ./Application/User/Core/stm32h5xx_it.o
 .debug_line    0x0000000000002b3b       0x7b ./Application/User/Startup/startup_stm32h563zitx.o
 .debug_line    0x0000000000002bb6      0xaa1 ./Drivers/CMSIS/system_stm32h5xx.o
 .debug_line    0x0000000000003657      0xff5 ./Drivers/STM32H5xx_HAL_Driver/stm32h5xx_hal.o
 .debug_line    0x000000000000464c      0xf5f ./Drivers/STM32H5xx_HAL_Driver/stm32h5xx_hal_cortex.o
 .debug_line    0x00000000000055ab      0xd11 ./Drivers/STM32H5xx_HAL_Driver/stm32h5xx_hal_gpio.o
 .debug_line    0x00000000000062bc     0x3d56 ./Drivers/STM32H5xx_HAL_Driver/stm32h5xx_hal_i2c.o
 .debug_line    0x000000000000a012      0xb80 ./Drivers/STM32H5xx_HAL_Driver/stm32h5xx_hal_i2c_ex.o
 .debug_line    0x000000000000ab92     0x4da8 ./Drivers/STM32H5xx_HAL_Driver/stm32h5xx_hal_i3c.o
 .debug_line    0x000000000000f93a      0xc1b ./Drivers/STM32H5xx_HAL_Driver/stm32h5xx_hal_icache.o
 .debug_line    0x0000000000010555     0x13a6 ./Drivers/STM32H5xx_HAL_Driver/stm32h5xx_hal_rcc.o
 .debug_line    0x00000000000118fb     0x2e74 ./Drivers/STM32H5xx_HAL_Driver/stm32h5xx_hal_rcc_ex.o
 .debug_line    0x000000000001476f     0x3abc ./Drivers/STM32H5xx_HAL_Driver/stm32h5xx_hal_uart.o
 .debug_line    0x000000000001822b      0xf72 ./Drivers/STM32H5xx_HAL_Driver/stm32h5xx_hal_uart_ex.o

.debug_str      0x0000000000000000   0x1361ef
 .debug_str     0x0000000000000000   0x12f718 ./Application/User/Core/main.o
                                     0x12fbd8 (size before relaxing)
 .debug_str     0x000000000012f718      0x59a ./Application/User/Core/stm32h5xx_hal_msp.o
                                     0x12f9e4 (size before relaxing)
 .debug_str     0x000000000012fcb2      0x11f ./Application/User/Core/stm32h5xx_it.o
                                     0x12e5a5 (size before relaxing)
 .debug_str     0x000000000012fdd1       0x40 ./Application/User/Startup/startup_stm32h563zitx.o
                                         0xac (size before relaxing)
 .debug_str     0x000000000012fe11      0x4a8 ./Drivers/CMSIS/system_stm32h5xx.o
                                     0x12e008 (size before relaxing)
 .debug_str     0x00000000001302b9     0x1067 ./Drivers/STM32H5xx_HAL_Driver/stm32h5xx_hal.o
                                     0x12edfa (size before relaxing)
 .debug_str     0x0000000000131320      0x429 ./Drivers/STM32H5xx_HAL_Driver/stm32h5xx_hal_cortex.o
                                     0x12e976 (size before relaxing)
 .debug_str     0x0000000000131749      0x31c ./Drivers/STM32H5xx_HAL_Driver/stm32h5xx_hal_gpio.o
                                     0x12dd6d (size before relaxing)
 .debug_str     0x0000000000131a65      0xf7f ./Drivers/STM32H5xx_HAL_Driver/stm32h5xx_hal_i2c.o
                                     0x12efc9 (size before relaxing)
 .debug_str     0x00000000001329e4       0xdd ./Drivers/STM32H5xx_HAL_Driver/stm32h5xx_hal_i2c_ex.o
                                     0x12e106 (size before relaxing)
 .debug_str     0x0000000000132ac1     0x1901 ./Drivers/STM32H5xx_HAL_Driver/stm32h5xx_hal_i3c.o
                                     0x12fd87 (size before relaxing)
 .debug_str     0x00000000001343c2      0x6da ./Drivers/STM32H5xx_HAL_Driver/stm32h5xx_hal_icache.o
                                     0x12e096 (size before relaxing)
 .debug_str     0x0000000000134a9c      0x3e0 ./Drivers/STM32H5xx_HAL_Driver/stm32h5xx_hal_rcc.o
                                     0x12e54d (size before relaxing)
 .debug_str     0x0000000000134e7c      0x71e ./Drivers/STM32H5xx_HAL_Driver/stm32h5xx_hal_rcc_ex.o
                                     0x12e897 (size before relaxing)
 .debug_str     0x000000000013559a      0x994 ./Drivers/STM32H5xx_HAL_Driver/stm32h5xx_hal_uart.o
                                     0x12ea4e (size before relaxing)
 .debug_str     0x0000000000135f2e      0x2c1 ./Drivers/STM32H5xx_HAL_Driver/stm32h5xx_hal_uart_ex.o
                                     0x12e41f (size before relaxing)

.debug_frame    0x0000000000000000     0x5610
 .debug_frame   0x0000000000000000      0x368 ./Application/User/Core/main.o
 .debug_frame   0x0000000000000368      0x114 ./Application/User/Core/stm32h5xx_hal_msp.o
 .debug_frame   0x000000000000047c      0x104 ./Application/User/Core/stm32h5xx_it.o
 .debug_frame   0x0000000000000580       0x60 ./Drivers/CMSIS/system_stm32h5xx.o
 .debug_frame   0x00000000000005e0      0x828 ./Drivers/STM32H5xx_HAL_Driver/stm32h5xx_hal.o
 .debug_frame   0x0000000000000e08      0x508 ./Drivers/STM32H5xx_HAL_Driver/stm32h5xx_hal_cortex.o
 .debug_frame   0x0000000000001310      0x1ec ./Drivers/STM32H5xx_HAL_Driver/stm32h5xx_hal_gpio.o
 .debug_frame   0x00000000000014fc      0xc44 ./Drivers/STM32H5xx_HAL_Driver/stm32h5xx_hal_i2c.o
 .debug_frame   0x0000000000002140       0xd8 ./Drivers/STM32H5xx_HAL_Driver/stm32h5xx_hal_i2c_ex.o
 .debug_frame   0x0000000000002218     0x1c90 ./Drivers/STM32H5xx_HAL_Driver/stm32h5xx_hal_i3c.o
 .debug_frame   0x0000000000003ea8      0x29c ./Drivers/STM32H5xx_HAL_Driver/stm32h5xx_hal_icache.o
 .debug_frame   0x0000000000004144      0x268 ./Drivers/STM32H5xx_HAL_Driver/stm32h5xx_hal_rcc.o
 .debug_frame   0x00000000000043ac      0x470 ./Drivers/STM32H5xx_HAL_Driver/stm32h5xx_hal_rcc_ex.o
 .debug_frame   0x000000000000481c      0xa84 ./Drivers/STM32H5xx_HAL_Driver/stm32h5xx_hal_uart.o
 .debug_frame   0x00000000000052a0      0x2c0 ./Drivers/STM32H5xx_HAL_Driver/stm32h5xx_hal_uart_ex.o
 .debug_frame   0x0000000000005560       0x20 C:/ST/STM32CubeIDE_1.13.0/STM32CubeIDE/plugins/com.st.stm32cube.ide.mcu.externaltools.gnu-tools-for-stm32.11.3.rel1.win32_1.1.100.202309141235/tools/bin/../lib/gcc/arm-none-eabi/11.3.1/../../../../arm-none-eabi/lib/thumb/v8-m.main+fp/hard\libc_nano.a(libc_a-memset.o)
 .debug_frame   0x0000000000005580       0x2c C:/ST/STM32CubeIDE_1.13.0/STM32CubeIDE/plugins/com.st.stm32cube.ide.mcu.externaltools.gnu-tools-for-stm32.11.3.rel1.win32_1.1.100.202309141235/tools/bin/../lib/gcc/arm-none-eabi/11.3.1/../../../../arm-none-eabi/lib/thumb/v8-m.main+fp/hard\libc_nano.a(libc_a-init.o)
 .debug_frame   0x00000000000055ac       0x2c C:/ST/STM32CubeIDE_1.13.0/STM32CubeIDE/plugins/com.st.stm32cube.ide.mcu.externaltools.gnu-tools-for-stm32.11.3.rel1.win32_1.1.100.202309141235/tools/bin/../lib/gcc/arm-none-eabi/11.3.1/thumb/v8-m.main+fp/hard\libgcc.a(_aeabi_uldivmod.o)
 .debug_frame   0x00000000000055d8       0x38 C:/ST/STM32CubeIDE_1.13.0/STM32CubeIDE/plugins/com.st.stm32cube.ide.mcu.externaltools.gnu-tools-for-stm32.11.3.rel1.win32_1.1.100.202309141235/tools/bin/../lib/gcc/arm-none-eabi/11.3.1/thumb/v8-m.main+fp/hard\libgcc.a(_udivmoddi4.o)

.debug_line_str
                0x0000000000000000       0xa0
 .debug_line_str
                0x0000000000000000       0xa0 ./Application/User/Startup/startup_stm32h563zitx.o
                                         0xb8 (size before relaxing)
