C:/Users/Xavi/Documents/FW/DDR5_FW/Drivers/CMSIS/Include/core_cm33.h:2359:22:__NVIC_SetPriorityGrouping	24	static
C:/Users/Xavi/Documents/FW/DDR5_FW/Drivers/CMSIS/Include/core_cm33.h:2390:22:__NVIC_EnableIRQ	16	static,ignoring_inline_asm
C:/Users/Xavi/Documents/FW/DDR5_FW/Drivers/CMSIS/Include/core_cm33.h:2587:22:__NVIC_SetPriority	16	static
C:/Users/Xavi/Documents/FW/DDR5_FW/Drivers/CMSIS/Include/core_cm33.h:2634:26:NVIC_EncodePriority	40	static
C:/Users/Xavi/Documents/FW/DDR5_FW/Drivers/STM32H5xx_HAL_Driver/Inc/stm32h5xx_ll_exti.h:1650:26:LL_EXTI_IsActiveFallingFlag_0_31	16	static
C:/Users/Xavi/Documents/FW/DDR5_FW/Drivers/STM32H5xx_HAL_Driver/Inc/stm32h5xx_ll_exti.h:1792:22:LL_EXTI_ClearFallingFlag_0_31	16	static
C:/Users/Xavi/Documents/FW/DDR5_FW/Drivers/STM32H5xx_HAL_Driver/Inc/stm32h5xx_ll_exti.h:1863:26:LL_EXTI_IsActiveRisingFlag_0_31	16	static
C:/Users/Xavi/Documents/FW/DDR5_FW/Drivers/STM32H5xx_HAL_Driver/Inc/stm32h5xx_ll_exti.h:2005:22:LL_EXTI_ClearRisingFlag_0_31	16	static
../Bsp/src/DDR5_Board_IRQ.c:17:13:DDR5_OnButtonIRQ	16	static
../Bsp/src/DDR5_Board_IRQ.c:22:13:DDR5_OnTriggerInIRQ	4	static
../Bsp/src/DDR5_Board_IRQ.c:26:6:DDR5_IRQ_Init	8	static
../Bsp/src/DDR5_Board_IRQ.c:63:6:EXTI0_IRQHandler	8	static
../Bsp/src/DDR5_Board_IRQ.c:72:6:EXTI1_IRQHandler	8	static
../Bsp/src/DDR5_Board_IRQ.c:81:6:EXTI2_IRQHandler	8	static
../Bsp/src/DDR5_Board_IRQ.c:90:6:EXTI3_IRQHandler	8	static
../Bsp/src/DDR5_Board_IRQ.c:99:6:EXTI4_IRQHandler	8	static
../Bsp/src/DDR5_Board_IRQ.c:108:6:EXTI5_IRQHandler	8	static
../Bsp/src/DDR5_Board_IRQ.c:117:6:EXTI6_IRQHandler	8	static
