C:/Users/Xavi/Documents/FW/DDR5_FW/Drivers/CMSIS/Include/core_cm33.h:2587:22:__NVIC_SetPriority	16	static
C:/Users/Xavi/Documents/FW/DDR5_FW/Drivers/CMSIS/Include/core_cm33.h:3140:26:SysTick_Config	16	static
C:/Users/Xavi/Documents/FW/DDR5_FW/Drivers/STM32H5xx_HAL_Driver/Inc/stm32h5xx_ll_system.h:1826:22:LL_FLASH_SetLatency	16	static
C:/Users/Xavi/Documents/FW/DDR5_FW/Drivers/STM32H5xx_HAL_Driver/Inc/stm32h5xx_ll_system.h:1852:26:LL_FLASH_GetLatency	4	static
C:/Users/Xavi/Documents/FW/DDR5_FW/Drivers/STM32H5xx_HAL_Driver/Inc/stm32h5xx_ll_rcc.h:2001:22:LL_RCC_HSI_Enable	4	static
C:/Users/Xavi/Documents/FW/DDR5_FW/Drivers/STM32H5xx_HAL_Driver/Inc/stm32h5xx_ll_rcc.h:2021:26:LL_RCC_HSI_IsReady	4	static
C:/Users/Xavi/Documents/FW/DDR5_FW/Drivers/STM32H5xx_HAL_Driver/Inc/stm32h5xx_ll_rcc.h:2543:22:LL_RCC_SetSysClkSource	16	static
C:/Users/Xavi/Documents/FW/DDR5_FW/Drivers/STM32H5xx_HAL_Driver/Inc/stm32h5xx_ll_rcc.h:2557:26:LL_RCC_GetSysClkSource	4	static
C:/Users/Xavi/Documents/FW/DDR5_FW/Drivers/STM32H5xx_HAL_Driver/Inc/stm32h5xx_ll_rcc.h:2577:22:LL_RCC_SetAHBPrescaler	16	static
C:/Users/Xavi/Documents/FW/DDR5_FW/Drivers/STM32H5xx_HAL_Driver/Inc/stm32h5xx_ll_rcc.h:2607:22:LL_RCC_SetAPB1Prescaler	16	static
C:/Users/Xavi/Documents/FW/DDR5_FW/Drivers/STM32H5xx_HAL_Driver/Inc/stm32h5xx_ll_rcc.h:2623:22:LL_RCC_SetAPB2Prescaler	16	static
C:/Users/Xavi/Documents/FW/DDR5_FW/Drivers/STM32H5xx_HAL_Driver/Inc/stm32h5xx_ll_rcc.h:2639:22:LL_RCC_SetAPB3Prescaler	16	static
C:/Users/Xavi/Documents/FW/DDR5_FW/Drivers/STM32H5xx_HAL_Driver/Inc/stm32h5xx_ll_rcc.h:3023:22:LL_RCC_SetClockSource	24	static
C:/Users/Xavi/Documents/FW/DDR5_FW/Drivers/STM32H5xx_HAL_Driver/Inc/stm32h5xx_ll_rcc.h:3079:22:LL_RCC_SetUSARTClockSource	16	static
C:/Users/Xavi/Documents/FW/DDR5_FW/Drivers/STM32H5xx_HAL_Driver/Inc/stm32h5xx_ll_rcc.h:3187:22:LL_RCC_SetI2CClockSource	16	static
C:/Users/Xavi/Documents/FW/DDR5_FW/Drivers/STM32H5xx_HAL_Driver/Inc/stm32h5xx_ll_rcc.h:3213:22:LL_RCC_SetI3CClockSource	16	static
C:/Users/Xavi/Documents/FW/DDR5_FW/Drivers/STM32H5xx_HAL_Driver/Inc/stm32h5xx_ll_rcc.h:5094:22:LL_RCC_PLL1_Enable	4	static
C:/Users/Xavi/Documents/FW/DDR5_FW/Drivers/STM32H5xx_HAL_Driver/Inc/stm32h5xx_ll_rcc.h:5105:22:LL_RCC_PLL1_Disable	4	static
C:/Users/Xavi/Documents/FW/DDR5_FW/Drivers/STM32H5xx_HAL_Driver/Inc/stm32h5xx_ll_rcc.h:5115:26:LL_RCC_PLL1_IsReady	4	static
C:/Users/Xavi/Documents/FW/DDR5_FW/Drivers/STM32H5xx_HAL_Driver/Inc/stm32h5xx_ll_rcc.h:5138:22:LL_RCC_PLL1P_Disable	4	static
C:/Users/Xavi/Documents/FW/DDR5_FW/Drivers/STM32H5xx_HAL_Driver/Inc/stm32h5xx_ll_rcc.h:5161:22:LL_RCC_PLL1Q_Disable	4	static
C:/Users/Xavi/Documents/FW/DDR5_FW/Drivers/STM32H5xx_HAL_Driver/Inc/stm32h5xx_ll_rcc.h:5172:22:LL_RCC_PLL1R_Enable	4	static
C:/Users/Xavi/Documents/FW/DDR5_FW/Drivers/STM32H5xx_HAL_Driver/Inc/stm32h5xx_ll_rcc.h:5253:22:LL_RCC_PLL1_SetSource	16	static
C:/Users/Xavi/Documents/FW/DDR5_FW/Drivers/STM32H5xx_HAL_Driver/Inc/stm32h5xx_ll_rcc.h:5277:22:LL_RCC_PLL1_SetN	16	static
C:/Users/Xavi/Documents/FW/DDR5_FW/Drivers/STM32H5xx_HAL_Driver/Inc/stm32h5xx_ll_rcc.h:5298:22:LL_RCC_PLL1_SetP	16	static
C:/Users/Xavi/Documents/FW/DDR5_FW/Drivers/STM32H5xx_HAL_Driver/Inc/stm32h5xx_ll_rcc.h:5321:22:LL_RCC_PLL1_SetQ	16	static
C:/Users/Xavi/Documents/FW/DDR5_FW/Drivers/STM32H5xx_HAL_Driver/Inc/stm32h5xx_ll_rcc.h:5343:22:LL_RCC_PLL1_SetR	16	static
C:/Users/Xavi/Documents/FW/DDR5_FW/Drivers/STM32H5xx_HAL_Driver/Inc/stm32h5xx_ll_rcc.h:5364:22:LL_RCC_PLL1_SetM	16	static
C:/Users/Xavi/Documents/FW/DDR5_FW/Drivers/STM32H5xx_HAL_Driver/Inc/stm32h5xx_ll_rcc.h:5404:22:LL_RCC_PLL1FRACN_Disable	4	static
C:/Users/Xavi/Documents/FW/DDR5_FW/Drivers/STM32H5xx_HAL_Driver/Inc/stm32h5xx_ll_rcc.h:5440:22:LL_RCC_PLL1_SetVCOInputRange	16	static
C:/Users/Xavi/Documents/FW/DDR5_FW/Drivers/STM32H5xx_HAL_Driver/Inc/stm32h5xx_ll_rcc.h:5454:22:LL_RCC_PLL1_SetVCOOutputRange	16	static
C:/Users/Xavi/Documents/FW/DDR5_FW/Drivers/STM32H5xx_HAL_Driver/Inc/stm32h5xx_ll_rcc.h:5824:22:LL_RCC_PLL3_Enable	4	static
C:/Users/Xavi/Documents/FW/DDR5_FW/Drivers/STM32H5xx_HAL_Driver/Inc/stm32h5xx_ll_rcc.h:5834:22:LL_RCC_PLL3_Disable	4	static
C:/Users/Xavi/Documents/FW/DDR5_FW/Drivers/STM32H5xx_HAL_Driver/Inc/stm32h5xx_ll_rcc.h:5844:26:LL_RCC_PLL3_IsReady	4	static
C:/Users/Xavi/Documents/FW/DDR5_FW/Drivers/STM32H5xx_HAL_Driver/Inc/stm32h5xx_ll_rcc.h:5860:22:LL_RCC_PLL3_SetSource	16	static
C:/Users/Xavi/Documents/FW/DDR5_FW/Drivers/STM32H5xx_HAL_Driver/Inc/stm32h5xx_ll_rcc.h:5884:22:LL_RCC_PLL3_SetN	16	static
C:/Users/Xavi/Documents/FW/DDR5_FW/Drivers/STM32H5xx_HAL_Driver/Inc/stm32h5xx_ll_rcc.h:5905:22:LL_RCC_PLL3_SetP	16	static
C:/Users/Xavi/Documents/FW/DDR5_FW/Drivers/STM32H5xx_HAL_Driver/Inc/stm32h5xx_ll_rcc.h:5927:22:LL_RCC_PLL3_SetQ	16	static
C:/Users/Xavi/Documents/FW/DDR5_FW/Drivers/STM32H5xx_HAL_Driver/Inc/stm32h5xx_ll_rcc.h:5949:22:LL_RCC_PLL3_SetR	16	static
C:/Users/Xavi/Documents/FW/DDR5_FW/Drivers/STM32H5xx_HAL_Driver/Inc/stm32h5xx_ll_rcc.h:5970:22:LL_RCC_PLL3_SetM	16	static
C:/Users/Xavi/Documents/FW/DDR5_FW/Drivers/STM32H5xx_HAL_Driver/Inc/stm32h5xx_ll_rcc.h:6002:22:LL_RCC_PLL3P_Disable	4	static
C:/Users/Xavi/Documents/FW/DDR5_FW/Drivers/STM32H5xx_HAL_Driver/Inc/stm32h5xx_ll_rcc.h:6024:22:LL_RCC_PLL3Q_Disable	4	static
C:/Users/Xavi/Documents/FW/DDR5_FW/Drivers/STM32H5xx_HAL_Driver/Inc/stm32h5xx_ll_rcc.h:6034:22:LL_RCC_PLL3R_Enable	4	static
C:/Users/Xavi/Documents/FW/DDR5_FW/Drivers/STM32H5xx_HAL_Driver/Inc/stm32h5xx_ll_rcc.h:6106:22:LL_RCC_PLL3FRACN_Disable	4	static
C:/Users/Xavi/Documents/FW/DDR5_FW/Drivers/STM32H5xx_HAL_Driver/Inc/stm32h5xx_ll_rcc.h:6142:22:LL_RCC_PLL3_SetVCOInputRange	16	static
C:/Users/Xavi/Documents/FW/DDR5_FW/Drivers/STM32H5xx_HAL_Driver/Inc/stm32h5xx_ll_rcc.h:6156:22:LL_RCC_PLL3_SetVCOOutputRange	16	static
C:/Users/Xavi/Documents/FW/DDR5_FW/Drivers/STM32H5xx_HAL_Driver/Inc/stm32h5xx_ll_pwr.h:864:22:LL_PWR_SetRegulVoltageScaling	16	static
C:/Users/Xavi/Documents/FW/DDR5_FW/Drivers/STM32H5xx_HAL_Driver/Inc/stm32h5xx_ll_pwr.h:1726:26:LL_PWR_IsActiveFlag_VOS	4	static
../Bsp/src/DDR5_Board_Clock.c:47:13:DDR5_Clock_SetVoltageScale	8	static
../Bsp/src/DDR5_Board_Clock.c:62:13:DDR5_Clock_SetFlashLatency	8	static
../Bsp/src/DDR5_Board_Clock.c:75:13:DDR5_Clock_InitSafeHSI	16	static
../Bsp/src/DDR5_Board_Clock.c:100:13:DDR5_PLL1_Config	8	static
../Bsp/src/DDR5_Board_Clock.c:133:13:DDR5_PLL3_Config	8	static
../Bsp/src/DDR5_Board_Clock.c:166:6:DDR5_Clock_Init	16	static
