C:/Users/Xavi/Documents/FW/DDR5_FW/Drivers/STM32H5xx_HAL_Driver/Inc/stm32h5xx_ll_bus.h:993:22:LL_AHB2_GRP1_EnableClock	24	static
C:/Users/Xavi/Documents/FW/DDR5_FW/Drivers/STM32H5xx_HAL_Driver/Inc/stm32h5xx_ll_gpio.h:283:22:LL_GPIO_SetPinMode	48	static,ignoring_inline_asm
C:/Users/Xavi/Documents/FW/DDR5_FW/Drivers/STM32H5xx_HAL_Driver/Inc/stm32h5xx_ll_gpio.h:353:22:LL_GPIO_SetPinOutputType	24	static
C:/Users/Xavi/Documents/FW/DDR5_FW/Drivers/STM32H5xx_HAL_Driver/Inc/stm32h5xx_ll_gpio.h:424:22:LL_GPIO_SetPinSpeed	48	static,ignoring_inline_asm
C:/Users/Xavi/Documents/FW/DDR5_FW/Drivers/STM32H5xx_HAL_Driver/Inc/stm32h5xx_ll_gpio.h:496:22:LL_GPIO_SetPinPull	48	static,ignoring_inline_asm
C:/Users/Xavi/Documents/FW/DDR5_FW/Drivers/STM32H5xx_HAL_Driver/Inc/stm32h5xx_ll_gpio.h:569:22:LL_GPIO_SetAFPin_0_7	48	static,ignoring_inline_asm
C:/Users/Xavi/Documents/FW/DDR5_FW/Drivers/STM32H5xx_HAL_Driver/Inc/stm32h5xx_ll_gpio.h:646:22:LL_GPIO_SetAFPin_8_15	48	static,ignoring_inline_asm
C:/Users/Xavi/Documents/FW/DDR5_FW/Drivers/STM32H5xx_HAL_Driver/Inc/stm32h5xx_ll_gpio.h:894:22:LL_GPIO_SetOutputPin	16	static
C:/Users/Xavi/Documents/FW/DDR5_FW/Drivers/STM32H5xx_HAL_Driver/Inc/stm32h5xx_ll_gpio.h:923:22:LL_GPIO_ResetOutputPin	16	static
C:/Users/Xavi/Documents/FW/DDR5_FW/Drivers/STM32H5xx_HAL_Driver/Inc/stm32h5xx_ll_exti.h:407:22:LL_EXTI_EnableIT_0_31	16	static
C:/Users/Xavi/Documents/FW/DDR5_FW/Drivers/STM32H5xx_HAL_Driver/Inc/stm32h5xx_ll_exti.h:1081:22:LL_EXTI_EnableRisingTrig_0_31	16	static
C:/Users/Xavi/Documents/FW/DDR5_FW/Drivers/STM32H5xx_HAL_Driver/Inc/stm32h5xx_ll_exti.h:1325:22:LL_EXTI_EnableFallingTrig_0_31	16	static
C:/Users/Xavi/Documents/FW/DDR5_FW/Drivers/STM32H5xx_HAL_Driver/Inc/stm32h5xx_ll_exti.h:1792:22:LL_EXTI_ClearFallingFlag_0_31	16	static
C:/Users/Xavi/Documents/FW/DDR5_FW/Drivers/STM32H5xx_HAL_Driver/Inc/stm32h5xx_ll_exti.h:2005:22:LL_EXTI_ClearRisingFlag_0_31	16	static
C:/Users/Xavi/Documents/FW/DDR5_FW/1_GPIO/Bsp/Inc/DDR5_Board.h:185:20:DDR5_GPIO_ClocksEnable	8	static
../Bsp/src/DDR5_Board.c:18:13:DDR5_GPIO_Init_Output	24	static
../Bsp/src/DDR5_Board.c:30:13:DDR5_GPIO_Init_Input	24	static
../Bsp/src/DDR5_Board.c:38:17:DDR5_GPIO_IsLowPin	16	static
../Bsp/src/DDR5_Board.c:43:13:DDR5_GPIO_Init_AF	24	static
../Bsp/src/DDR5_Board.c:68:6:DDR5_GPIO_Init	16	static
../Bsp/src/DDR5_Board.c:305:13:DDR5_EXTI_SelectPort	24	static
../Bsp/src/DDR5_Board.c:320:6:DDR5_EXTI_Init	8	static
